#0 building with "default" instance using docker driver

#1 [internal] load build definition from Dockerfile
#1 transferring dockerfile: 2.82kB done
#1 DONE 0.0s

#2 [internal] load metadata for docker.io/library/node:22-alpine
#2 DONE 0.9s

#3 [internal] load .dockerignore
#3 transferring context: 554B done
#3 DONE 0.0s

#4 [runner  1/13] WORKDIR /app
#4 CACHED

#5 [base 1/1] FROM docker.io/library/node:22-alpine@sha256:8ea2348b068a9544dae7317b4f3aafcdc032df1647bb7d768a05a5cad1a7683f
#5 CACHED

#6 [internal] load build context
#6 transferring context: 50.39kB 0.1s done
#6 DONE 0.1s

#7 [runner  2/13] RUN addgroup --system --gid 1001 nodejs
#7 DONE 0.3s

#8 [deps 1/4] RUN apk add --no-cache libc6-compat
#8 ...

#9 [runner  3/13] RUN adduser --system --uid 1001 nextjs
#9 DONE 0.3s

#8 [deps 1/4] RUN apk add --no-cache libc6-compat
#8 1.371 (1/3) Installing musl-obstack (1.2.3-r2)
#8 1.403 (2/3) Installing libucontext (1.3.3-r0)
#8 1.431 (3/3) Installing gcompat (1.1.0-r4)
#8 1.466 OK: 11.0 MiB in 21 packages
#8 DONE 1.6s

#10 [deps 2/4] WORKDIR /app
#10 DONE 0.1s

#11 [deps 3/4] COPY package.json package-lock.json* ./
#11 DONE 0.1s

#12 [deps 4/4] RUN npm ci
#12 2.182 npm warn ERESOLVE overriding peer dependency
#12 2.184 npm warn While resolving: eslint-plugin-import@2.32.0
#12 2.184 npm warn Found: eslint@10.3.0
#12 2.184 npm warn node_modules/eslint
#12 2.184 npm warn   dev eslint@"^10.3.0" from the root project
#12 2.184 npm warn   9 more (@eslint-community/eslint-utils, ...)
#12 2.184 npm warn
#12 2.184 npm warn Could not resolve dependency:
#12 2.184 npm warn peer eslint@"^2 || ^3 || ^4 || ^5 || ^6 || ^7.2.0 || ^8 || ^9" from eslint-plugin-import@2.32.0
#12 2.184 npm warn node_modules/eslint-config-next/node_modules/eslint-plugin-import
#12 2.184 npm warn   eslint-plugin-import@"^2.32.0" from eslint-config-next@16.2.4
#12 2.184 npm warn   node_modules/eslint-config-next
#12 2.184 npm warn   1 more (eslint-import-resolver-typescript)
#12 2.184 npm warn
#12 2.184 npm warn Conflicting peer dependency: eslint@9.39.4
#12 2.184 npm warn node_modules/eslint
#12 2.184 npm warn   peer eslint@"^2 || ^3 || ^4 || ^5 || ^6 || ^7.2.0 || ^8 || ^9" from eslint-plugin-import@2.32.0
#12 2.184 npm warn   node_modules/eslint-config-next/node_modules/eslint-plugin-import
#12 2.184 npm warn     eslint-plugin-import@"^2.32.0" from eslint-config-next@16.2.4
#12 2.184 npm warn     node_modules/eslint-config-next
#12 2.184 npm warn     1 more (eslint-import-resolver-typescript)
#12 2.256 npm warn ERESOLVE overriding peer dependency
#12 2.256 npm warn While resolving: eslint-plugin-jsx-a11y@6.10.2
#12 2.256 npm warn Found: eslint@10.3.0
#12 2.256 npm warn node_modules/eslint
#12 2.256 npm warn   dev eslint@"^10.3.0" from the root project
#12 2.256 npm warn   9 more (@eslint-community/eslint-utils, ...)
#12 2.256 npm warn
#12 2.256 npm warn Could not resolve dependency:
#12 2.256 npm warn peer eslint@"^3 || ^4 || ^5 || ^6 || ^7 || ^8 || ^9" from eslint-plugin-jsx-a11y@6.10.2
#12 2.256 npm warn node_modules/eslint-config-next/node_modules/eslint-plugin-jsx-a11y
#12 2.256 npm warn   eslint-plugin-jsx-a11y@"^6.10.0" from eslint-config-next@16.2.4
#12 2.256 npm warn   node_modules/eslint-config-next
#12 2.256 npm warn
#12 2.256 npm warn Conflicting peer dependency: eslint@9.39.4
#12 2.256 npm warn node_modules/eslint
#12 2.256 npm warn   peer eslint@"^3 || ^4 || ^5 || ^6 || ^7 || ^8 || ^9" from eslint-plugin-jsx-a11y@6.10.2
#12 2.256 npm warn   node_modules/eslint-config-next/node_modules/eslint-plugin-jsx-a11y
#12 2.256 npm warn     eslint-plugin-jsx-a11y@"^6.10.0" from eslint-config-next@16.2.4
#12 2.256 npm warn     node_modules/eslint-config-next
#12 2.316 npm warn ERESOLVE overriding peer dependency
#12 2.316 npm warn While resolving: eslint-plugin-react@7.37.5
#12 2.316 npm warn Found: eslint@10.3.0
#12 2.316 npm warn node_modules/eslint
#12 2.316 npm warn   dev eslint@"^10.3.0" from the root project
#12 2.316 npm warn   9 more (@eslint-community/eslint-utils, ...)
#12 2.316 npm warn
#12 2.316 npm warn Could not resolve dependency:
#12 2.316 npm warn peer eslint@"^3 || ^4 || ^5 || ^6 || ^7 || ^8 || ^9.7" from eslint-plugin-react@7.37.5
#12 2.316 npm warn node_modules/eslint-config-next/node_modules/eslint-plugin-react
#12 2.316 npm warn   eslint-plugin-react@"^7.37.0" from eslint-config-next@16.2.4
#12 2.316 npm warn   node_modules/eslint-config-next
#12 2.316 npm warn
#12 2.316 npm warn Conflicting peer dependency: eslint@9.39.4
#12 2.316 npm warn node_modules/eslint
#12 2.316 npm warn   peer eslint@"^3 || ^4 || ^5 || ^6 || ^7 || ^8 || ^9.7" from eslint-plugin-react@7.37.5
#12 2.316 npm warn   node_modules/eslint-config-next/node_modules/eslint-plugin-react
#12 2.316 npm warn     eslint-plugin-react@"^7.37.0" from eslint-config-next@16.2.4
#12 2.316 npm warn     node_modules/eslint-config-next
#12 9.734 npm warn deprecated node-domexception@1.0.0: Use your platform's native DOMException instead
#12 11.07 npm warn deprecated glob@10.5.0: Old versions of glob are not supported, and contain widely publicized security vulnerabilities, which have been fixed in the current version. Please update. Support for old versions may be purchased (at exorbitant rates) by contacting i@izs.me
#12 35.79 
#12 35.79 added 1164 packages, and audited 1165 packages in 35s
#12 35.79 
#12 35.79 242 packages are looking for funding
#12 35.79   run `npm fund` for details
#12 35.87 
#12 35.87 28 vulnerabilities (19 low, 7 moderate, 2 high)
#12 35.87 
#12 35.87 To address issues that do not require attention, run:
#12 35.87   npm audit fix
#12 35.87 
#12 35.87 To address all issues possible (including breaking changes), run:
#12 35.87   npm audit fix --force
#12 35.87 
#12 35.87 Some issues need review, and may require choosing
#12 35.87 a different dependency.
#12 35.87 
#12 35.87 Run `npm audit` for details.
#12 35.88 npm notice
#12 35.88 npm notice New major version of npm available! 10.9.7 -> 11.14.1
#12 35.88 npm notice Changelog: https://github.com/npm/cli/releases/tag/v11.14.1
#12 35.88 npm notice To update run: npm install -g npm@11.14.1
#12 35.88 npm notice
#12 DONE 37.9s

#13 [builder 1/3] WORKDIR /app
#13 DONE 0.1s

#14 [builder 2/3] COPY . .
#14 DONE 0.2s

#15 [builder 3/3] RUN npm run build
#15 0.559 
#15 0.559 > nubmail@0.1.0 build
#15 0.559 > NODE_ENV=production next build
#15 0.559 
#15 1.546 ▲ Next.js 16.2.4 (Turbopack)
#15 1.547 
#15 1.552 ⚠ The "middleware" file convention is deprecated. Please use "proxy" instead. Learn more: https://nextjs.org/docs/messages/middleware-to-proxy
#15 1.617   Creating an optimized production build ...
#15 16.30 
#15 16.30 > Build error occurred
#15 16.32 Error: Turbopack build failed with 156 errors:
#15 16.32 ./src/app/dashboard/accounts/page.module.css
#15 16.32 Error evaluating Node.js code
#15 16.32 CssSyntaxError: /app/src/app/dashboard/accounts/page.module.css:1:1: You cannot `@apply` the `container` utility here because it creates a circular dependency.
#15 16.32     at Input.error (node_modules/postcss/lib/input.js:135:16) [/app/.next/build/chunks/node_modules_13sb.px._.js:4692:22]
#15 16.32     at error (node_modules/postcss/lib/node.js:146:32) [/app/.next/build/chunks/node_modules_13sb.px._.js:954:38]
#15 16.32     [at processApply (/app/node_modules/tailwindcss/lib/lib/expandApplyAtRules.js:443:32)]
#15 16.32     [at /app/node_modules/tailwindcss/lib/lib/expandApplyAtRules.js:551:9]
#15 16.32     [at /app/node_modules/tailwindcss/lib/processTailwindFeatures.js:55:50]
#15 16.32     [at process.processTicksAndRejections (node:internal/process/task_queues:103:5)]
#15 16.32     [at async plugins (/app/node_modules/tailwindcss/lib/plugin.js:38:17)]
#15 16.32     at async LazyResult.runAsync (node_modules/postcss/lib/lazy-result.js:293:11) [/app/.next/build/chunks/node_modules_13sb.px._.js:6255:21]
#15 16.32     at async transform (turbopack:///[turbopack-node]/transforms/postcss.ts:70:34) [/app/.next/build/chunks/[root-of-the-server]__0d-m0h0._.js:146:36]
#15 16.32     at async run (turbopack:///[turbopack-node]/child_process/evaluate.ts:89:23) [/app/.next/build/chunks/[root-of-the-server]__0ubbtyl._.js:443:31]
#15 16.32 
#15 16.32 Import trace:
#15 16.32   Server Component:
#15 16.32     ./src/app/dashboard/accounts/page.module.css
#15 16.32     ./src/app/dashboard/accounts/page.tsx
#15 16.32 
#15 16.32 
#15 16.32 ./src/app/dashboard/admin/domains/[id]/page.module.css
#15 16.32 Error evaluating Node.js code
#15 16.32 CssSyntaxError: /app/src/app/dashboard/admin/domains/[id]/page.module.css:5:1: You cannot `@apply` the `flex` utility here because it creates a circular dependency.
#15 16.32     at Input.error (node_modules/postcss/lib/input.js:135:16) [/app/.next/build/chunks/node_modules_13sb.px._.js:4692:22]
#15 16.32     at error (node_modules/postcss/lib/node.js:146:32) [/app/.next/build/chunks/node_modules_13sb.px._.js:954:38]
#15 16.32     [at processApply (/app/node_modules/tailwindcss/lib/lib/expandApplyAtRules.js:443:32)]
#15 16.32     [at /app/node_modules/tailwindcss/lib/lib/expandApplyAtRules.js:551:9]
#15 16.32     [at /app/node_modules/tailwindcss/lib/processTailwindFeatures.js:55:50]
#15 16.32     [at process.processTicksAndRejections (node:internal/process/task_queues:103:5)]
#15 16.32     [at async plugins (/app/node_modules/tailwindcss/lib/plugin.js:38:17)]
#15 16.32     at async LazyResult.runAsync (node_modules/postcss/lib/lazy-result.js:293:11) [/app/.next/build/chunks/node_modules_13sb.px._.js:6255:21]
#15 16.32     at async transform (turbopack:///[turbopack-node]/transforms/postcss.ts:70:34) [/app/.next/build/chunks/[root-of-the-server]__0d-m0h0._.js:146:36]
#15 16.32     at async run (turbopack:///[turbopack-node]/child_process/evaluate.ts:89:23) [/app/.next/build/chunks/[root-of-the-server]__0ubbtyl._.js:443:31]
#15 16.32 
#15 16.32 Import trace:
#15 16.32   Server Component:
#15 16.32     ./src/app/dashboard/admin/domains/[id]/page.module.css
#15 16.32     ./src/app/dashboard/admin/domains/[id]/page.tsx
#15 16.32 
#15 16.32 
#15 16.32 ./src/app/dashboard/admin/domains/page.module.css
#15 16.32 Error evaluating Node.js code
#15 16.32 CssSyntaxError: /app/src/app/dashboard/admin/domains/page.module.css:9:1: You cannot `@apply` the `flex` utility here because it creates a circular dependency.
#15 16.32     at Input.error (node_modules/postcss/lib/input.js:135:16) [/app/.next/build/chunks/node_modules_13sb.px._.js:4692:22]
#15 16.32     at error (node_modules/postcss/lib/node.js:146:32) [/app/.next/build/chunks/node_modules_13sb.px._.js:954:38]
#15 16.32     [at processApply (/app/node_modules/tailwindcss/lib/lib/expandApplyAtRules.js:443:32)]
#15 16.32     [at /app/node_modules/tailwindcss/lib/lib/expandApplyAtRules.js:551:9]
#15 16.32     [at /app/node_modules/tailwindcss/lib/processTailwindFeatures.js:55:50]
#15 16.32     [at process.processTicksAndRejections (node:internal/process/task_queues:103:5)]
#15 16.32     [at async plugins (/app/node_modules/tailwindcss/lib/plugin.js:38:17)]
#15 16.32     at async LazyResult.runAsync (node_modules/postcss/lib/lazy-result.js:293:11) [/app/.next/build/chunks/node_modules_13sb.px._.js:6255:21]
#15 16.32     at async transform (turbopack:///[turbopack-node]/transforms/postcss.ts:70:34) [/app/.next/build/chunks/[root-of-the-server]__0d-m0h0._.js:146:36]
#15 16.32     at async run (turbopack:///[turbopack-node]/child_process/evaluate.ts:89:23) [/app/.next/build/chunks/[root-of-the-server]__0ubbtyl._.js:443:31]
#15 16.32 
#15 16.32 Import trace:
#15 16.32   Server Component:
#15 16.32     ./src/app/dashboard/admin/domains/page.module.css
#15 16.32     ./src/app/dashboard/admin/domains/page.tsx
#15 16.32 
#15 16.32 
#15 16.32 ./src/app/dashboard/admin/page.module.css
#15 16.32 Error evaluating Node.js code
#15 16.32 CssSyntaxError: /app/src/app/dashboard/admin/page.module.css:1:1: You cannot `@apply` the `flex` utility here because it creates a circular dependency.
#15 16.32     at Input.error (node_modules/postcss/lib/input.js:135:16) [/app/.next/build/chunks/node_modules_13sb.px._.js:4692:22]
#15 16.32     at error (node_modules/postcss/lib/node.js:146:32) [/app/.next/build/chunks/node_modules_13sb.px._.js:954:38]
#15 16.32     [at processApply (/app/node_modules/tailwindcss/lib/lib/expandApplyAtRules.js:443:32)]
#15 16.32     [at /app/node_modules/tailwindcss/lib/lib/expandApplyAtRules.js:551:9]
#15 16.32     [at /app/node_modules/tailwindcss/lib/processTailwindFeatures.js:55:50]
#15 16.32     [at process.processTicksAndRejections (node:internal/process/task_queues:103:5)]
#15 16.32     [at async plugins (/app/node_modules/tailwindcss/lib/plugin.js:38:17)]
#15 16.32     at async LazyResult.runAsync (node_modules/postcss/lib/lazy-result.js:293:11) [/app/.next/build/chunks/node_modules_13sb.px._.js:6255:21]
#15 16.32     at async transform (turbopack:///[turbopack-node]/transforms/postcss.ts:70:34) [/app/.next/build/chunks/[root-of-the-server]__0d-m0h0._.js:146:36]
#15 16.32     at async run (turbopack:///[turbopack-node]/child_process/evaluate.ts:89:23) [/app/.next/build/chunks/[root-of-the-server]__0ubbtyl._.js:443:31]
#15 16.32 
#15 16.32 Import trace:
#15 16.32   Server Component:
#15 16.32     ./src/app/dashboard/admin/page.module.css
#15 16.32     ./src/app/dashboard/admin/page.tsx
#15 16.32 
#15 16.32 
#15 16.32 ./src/app/dashboard/admin/server-dns/page.module.css
#15 16.32 Error evaluating Node.js code
#15 16.32 CssSyntaxError: /app/src/app/dashboard/admin/server-dns/page.module.css:29:1: You cannot `@apply` the `flex` utility here because it creates a circular dependency.
#15 16.32     at Input.error (node_modules/postcss/lib/input.js:135:16) [/app/.next/build/chunks/node_modules_13sb.px._.js:4692:22]
#15 16.32     at error (node_modules/postcss/lib/node.js:146:32) [/app/.next/build/chunks/node_modules_13sb.px._.js:954:38]
#15 16.32     [at processApply (/app/node_modules/tailwindcss/lib/lib/expandApplyAtRules.js:443:32)]
#15 16.32     [at /app/node_modules/tailwindcss/lib/lib/expandApplyAtRules.js:551:9]
#15 16.32     [at /app/node_modules/tailwindcss/lib/processTailwindFeatures.js:55:50]
#15 16.32     [at process.processTicksAndRejections (node:internal/process/task_queues:103:5)]
#15 16.32     [at async plugins (/app/node_modules/tailwindcss/lib/plugin.js:38:17)]
#15 16.32     at async LazyResult.runAsync (node_modules/postcss/lib/lazy-result.js:293:11) [/app/.next/build/chunks/node_modules_13sb.px._.js:6255:21]
#15 16.32     at async transform (turbopack:///[turbopack-node]/transforms/postcss.ts:70:34) [/app/.next/build/chunks/[root-of-the-server]__0d-m0h0._.js:146:36]
#15 16.32     at async run (turbopack:///[turbopack-node]/child_process/evaluate.ts:89:23) [/app/.next/build/chunks/[root-of-the-server]__0ubbtyl._.js:443:31]
#15 16.32 
#15 16.32 Import trace:
#15 16.32   Server Component:
#15 16.32     ./src/app/dashboard/admin/server-dns/page.module.css
#15 16.32     ./src/app/dashboard/admin/server-dns/page.tsx
#15 16.32 
#15 16.32 
#15 16.32 ./src/app/dashboard/admin/server/page.module.css
#15 16.32 Error evaluating Node.js code
#15 16.32 CssSyntaxError: /app/src/app/dashboard/admin/server/page.module.css:9:1: You cannot `@apply` the `flex` utility here because it creates a circular dependency.
#15 16.32     at Input.error (node_modules/postcss/lib/input.js:135:16) [/app/.next/build/chunks/node_modules_13sb.px._.js:4692:22]
#15 16.32     at error (node_modules/postcss/lib/node.js:146:32) [/app/.next/build/chunks/node_modules_13sb.px._.js:954:38]
#15 16.32     [at processApply (/app/node_modules/tailwindcss/lib/lib/expandApplyAtRules.js:443:32)]
#15 16.32     [at /app/node_modules/tailwindcss/lib/lib/expandApplyAtRules.js:551:9]
#15 16.32     [at /app/node_modules/tailwindcss/lib/processTailwindFeatures.js:55:50]
#15 16.32     [at process.processTicksAndRejections (node:internal/process/task_queues:103:5)]
#15 16.32     [at async plugins (/app/node_modules/tailwindcss/lib/plugin.js:38:17)]
#15 16.32     at async LazyResult.runAsync (node_modules/postcss/lib/lazy-result.js:293:11) [/app/.next/build/chunks/node_modules_13sb.px._.js:6255:21]
#15 16.32     at async transform (turbopack:///[turbopack-node]/transforms/postcss.ts:70:34) [/app/.next/build/chunks/[root-of-the-server]__0d-m0h0._.js:146:36]
#15 16.32     at async run (turbopack:///[turbopack-node]/child_process/evaluate.ts:89:23) [/app/.next/build/chunks/[root-of-the-server]__0ubbtyl._.js:443:31]
#15 16.32 
#15 16.32 Import trace:
#15 16.32   Server Component:
#15 16.32     ./src/app/dashboard/admin/server/page.module.css
#15 16.32     ./src/app/dashboard/admin/server/page.tsx
#15 16.32 
#15 16.32 
#15 16.32 ./src/app/dashboard/admin/users/page.module.css
#15 16.32 Error evaluating Node.js code
#15 16.32 CssSyntaxError: /app/src/app/dashboard/admin/users/page.module.css:1:1: You cannot `@apply` the `flex` utility here because it creates a circular dependency.
#15 16.32     at Input.error (node_modules/postcss/lib/input.js:135:16) [/app/.next/build/chunks/node_modules_13sb.px._.js:4692:22]
#15 16.32     at error (node_modules/postcss/lib/node.js:146:32) [/app/.next/build/chunks/node_modules_13sb.px._.js:954:38]
#15 16.32     [at processApply (/app/node_modules/tailwindcss/lib/lib/expandApplyAtRules.js:443:32)]
#15 16.32     [at /app/node_modules/tailwindcss/lib/lib/expandApplyAtRules.js:551:9]
#15 16.32     [at /app/node_modules/tailwindcss/lib/processTailwindFeatures.js:55:50]
#15 16.32     [at process.processTicksAndRejections (node:internal/process/task_queues:103:5)]
#15 16.32     [at async plugins (/app/node_modules/tailwindcss/lib/plugin.js:38:17)]
#15 16.32     at async LazyResult.runAsync (node_modules/postcss/lib/lazy-result.js:293:11) [/app/.next/build/chunks/node_modules_13sb.px._.js:6255:21]
#15 16.32     at async transform (turbopack:///[turbopack-node]/transforms/postcss.ts:70:34) [/app/.next/build/chunks/[root-of-the-server]__0d-m0h0._.js:146:36]
#15 16.32     at async run (turbopack:///[turbopack-node]/child_process/evaluate.ts:89:23) [/app/.next/build/chunks/[root-of-the-server]__0ubbtyl._.js:443:31]
#15 16.32 
#15 16.32 Import trace:
#15 16.32   Server Component:
#15 16.32     ./src/app/dashboard/admin/users/page.module.css
#15 16.32     ./src/app/dashboard/admin/users/page.tsx
#15 16.32 
#15 16.32 
#15 16.32 ./src/app/dashboard/archive/page.module.css
#15 16.32 Error evaluating Node.js code
#15 16.32 CssSyntaxError: /app/src/app/dashboard/archive/page.module.css:5:1: You cannot `@apply` the `flex` utility here because it creates a circular dependency.
#15 16.32     at Input.error (node_modules/postcss/lib/input.js:135:16) [/app/.next/build/chunks/node_modules_13sb.px._.js:4692:22]
#15 16.32     at error (node_modules/postcss/lib/node.js:146:32) [/app/.next/build/chunks/node_modules_13sb.px._.js:954:38]
#15 16.32     [at processApply (/app/node_modules/tailwindcss/lib/lib/expandApplyAtRules.js:443:32)]
#15 16.32     [at /app/node_modules/tailwindcss/lib/lib/expandApplyAtRules.js:551:9]
#15 16.32     [at /app/node_modules/tailwindcss/lib/processTailwindFeatures.js:55:50]
#15 16.32     [at process.processTicksAndRejections (node:internal/process/task_queues:103:5)]
#15 16.32     [at async plugins (/app/node_modules/tailwindcss/lib/plugin.js:38:17)]
#15 16.32     at async LazyResult.runAsync (node_modules/postcss/lib/lazy-result.js:293:11) [/app/.next/build/chunks/node_modules_13sb.px._.js:6255:21]
#15 16.32     at async transform (turbopack:///[turbopack-node]/transforms/postcss.ts:70:34) [/app/.next/build/chunks/[root-of-the-server]__0d-m0h0._.js:146:36]
#15 16.32     at async run (turbopack:///[turbopack-node]/child_process/evaluate.ts:89:23) [/app/.next/build/chunks/[root-of-the-server]__0ubbtyl._.js:443:31]
#15 16.32 
#15 16.32 Import trace:
#15 16.32   Server Component:
#15 16.32     ./src/app/dashboard/archive/page.module.css
#15 16.32     ./src/app/dashboard/archive/page.tsx
#15 16.32 
#15 16.32 
#15 16.32 ./src/app/dashboard/billing/page.module.css
#15 16.32 Error evaluating Node.js code
#15 16.32 CssSyntaxError: /app/src/app/dashboard/billing/page.module.css:9:1: You cannot `@apply` the `flex` utility here because it creates a circular dependency.
#15 16.32     at Input.error (node_modules/postcss/lib/input.js:135:16) [/app/.next/build/chunks/node_modules_13sb.px._.js:4692:22]
#15 16.32     at error (node_modules/postcss/lib/node.js:146:32) [/app/.next/build/chunks/node_modules_13sb.px._.js:954:38]
#15 16.32     [at processApply (/app/node_modules/tailwindcss/lib/lib/expandApplyAtRules.js:443:32)]
#15 16.32     [at /app/node_modules/tailwindcss/lib/lib/expandApplyAtRules.js:551:9]
#15 16.32     [at /app/node_modules/tailwindcss/lib/processTailwindFeatures.js:55:50]
#15 16.32     [at process.processTicksAndRejections (node:internal/process/task_queues:103:5)]
#15 16.32     [at async plugins (/app/node_modules/tailwindcss/lib/plugin.js:38:17)]
#15 16.32     at async LazyResult.runAsync (node_modules/postcss/lib/lazy-result.js:293:11) [/app/.next/build/chunks/node_modules_13sb.px._.js:6255:21]
#15 16.32     at async transform (turbopack:///[turbopack-node]/transforms/postcss.ts:70:34) [/app/.next/build/chunks/[root-of-the-server]__0d-m0h0._.js:146:36]
#15 16.32     at async run (turbopack:///[turbopack-node]/child_process/evaluate.ts:89:23) [/app/.next/build/chunks/[root-of-the-server]__0ubbtyl._.js:443:31]
#15 16.32 
#15 16.32 Import trace:
#15 16.32   Server Component:
#15 16.32     ./src/app/dashboard/billing/page.module.css
#15 16.32     ./src/app/dashboard/billing/page.tsx
#15 16.32 
#15 16.32 
#15 16.32 ./src/app/dashboard/compose/page.module.css
#15 16.32 Error evaluating Node.js code
#15 16.32 CssSyntaxError: /app/src/app/dashboard/compose/page.module.css:126:3: The `gradient-primary` class does not exist. If `gradient-primary` is a custom class, make sure it is defined within a `@layer` directive.
#15 16.32     at Input.error (node_modules/postcss/lib/input.js:135:16) [/app/.next/build/chunks/node_modules_13sb.px._.js:4692:22]
#15 16.32     at error (node_modules/postcss/lib/node.js:146:32) [/app/.next/build/chunks/node_modules_13sb.px._.js:954:38]
#15 16.32     [at processApply (/app/node_modules/tailwindcss/lib/lib/expandApplyAtRules.js:380:29)]
#15 16.32     [at /app/node_modules/tailwindcss/lib/lib/expandApplyAtRules.js:551:9]
#15 16.32     [at /app/node_modules/tailwindcss/lib/processTailwindFeatures.js:55:50]
#15 16.32     [at process.processTicksAndRejections (node:internal/process/task_queues:103:5)]
#15 16.32     [at async plugins (/app/node_modules/tailwindcss/lib/plugin.js:38:17)]
#15 16.32     at async LazyResult.runAsync (node_modules/postcss/lib/lazy-result.js:293:11) [/app/.next/build/chunks/node_modules_13sb.px._.js:6255:21]
#15 16.32     at async transform (turbopack:///[turbopack-node]/transforms/postcss.ts:70:34) [/app/.next/build/chunks/[root-of-the-server]__0d-m0h0._.js:146:36]
#15 16.32     at async run (turbopack:///[turbopack-node]/child_process/evaluate.ts:89:23) [/app/.next/build/chunks/[root-of-the-server]__0ubbtyl._.js:443:31]
#15 16.32 
#15 16.32 Import trace:
#15 16.32   Server Component:
#15 16.32     ./src/app/dashboard/compose/page.module.css
#15 16.32     ./src/app/dashboard/compose/page.tsx
#15 16.32 
#15 16.32 
#15 16.32 ./src/app/dashboard/developer/page.module.css
#15 16.32 Error evaluating Node.js code
#15 16.32 CssSyntaxError: /app/src/app/dashboard/developer/page.module.css:5:1: You cannot `@apply` the `flex` utility here because it creates a circular dependency.
#15 16.32     at Input.error (node_modules/postcss/lib/input.js:135:16) [/app/.next/build/chunks/node_modules_13sb.px._.js:4692:22]
#15 16.32     at error (node_modules/postcss/lib/node.js:146:32) [/app/.next/build/chunks/node_modules_13sb.px._.js:954:38]
#15 16.32     [at processApply (/app/node_modules/tailwindcss/lib/lib/expandApplyAtRules.js:443:32)]
#15 16.32     [at /app/node_modules/tailwindcss/lib/lib/expandApplyAtRules.js:551:9]
#15 16.32     [at /app/node_modules/tailwindcss/lib/processTailwindFeatures.js:55:50]
#15 16.32     [at process.processTicksAndRejections (node:internal/process/task_queues:103:5)]
#15 16.32     [at async plugins (/app/node_modules/tailwindcss/lib/plugin.js:38:17)]
#15 16.32     at async LazyResult.runAsync (node_modules/postcss/lib/lazy-result.js:293:11) [/app/.next/build/chunks/node_modules_13sb.px._.js:6255:21]
#15 16.32     at async transform (turbopack:///[turbopack-node]/transforms/postcss.ts:70:34) [/app/.next/build/chunks/[root-of-the-server]__0d-m0h0._.js:146:36]
#15 16.32     at async run (turbopack:///[turbopack-node]/child_process/evaluate.ts:89:23) [/app/.next/build/chunks/[root-of-the-server]__0ubbtyl._.js:443:31]
#15 16.32 
#15 16.32 Import trace:
#15 16.32   Server Component:
#15 16.32     ./src/app/dashboard/developer/page.module.css
#15 16.32     ./src/app/dashboard/developer/page.tsx
#15 16.32 
#15 16.32 
#15 16.32 ./src/app/dashboard/domains/[id]/page.module.css
#15 16.32 Error evaluating Node.js code
#15 16.32 CssSyntaxError: /app/src/app/dashboard/domains/[id]/page.module.css:5:1: You cannot `@apply` the `flex` utility here because it creates a circular dependency.
#15 16.32     at Input.error (node_modules/postcss/lib/input.js:135:16) [/app/.next/build/chunks/node_modules_13sb.px._.js:4692:22]
#15 16.32     at error (node_modules/postcss/lib/node.js:146:32) [/app/.next/build/chunks/node_modules_13sb.px._.js:954:38]
#15 16.32     [at processApply (/app/node_modules/tailwindcss/lib/lib/expandApplyAtRules.js:443:32)]
#15 16.32     [at /app/node_modules/tailwindcss/lib/lib/expandApplyAtRules.js:551:9]
#15 16.32     [at /app/node_modules/tailwindcss/lib/processTailwindFeatures.js:55:50]
#15 16.32     [at process.processTicksAndRejections (node:internal/process/task_queues:103:5)]
#15 16.32     [at async plugins (/app/node_modules/tailwindcss/lib/plugin.js:38:17)]
#15 16.32     at async LazyResult.runAsync (node_modules/postcss/lib/lazy-result.js:293:11) [/app/.next/build/chunks/node_modules_13sb.px._.js:6255:21]
#15 16.32     at async transform (turbopack:///[turbopack-node]/transforms/postcss.ts:70:34) [/app/.next/build/chunks/[root-of-the-server]__0d-m0h0._.js:146:36]
#15 16.32     at async run (turbopack:///[turbopack-node]/child_process/evaluate.ts:89:23) [/app/.next/build/chunks/[root-of-the-server]__0ubbtyl._.js:443:31]
#15 16.32 
#15 16.32 Import trace:
#15 16.32   Server Component:
#15 16.32     ./src/app/dashboard/domains/[id]/page.module.css
#15 16.32     ./src/app/dashboard/domains/[id]/page.tsx
#15 16.32 
#15 16.32 
#15 16.32 ./src/app/dashboard/domains/page.module.css
#15 16.32 Error evaluating Node.js code
#15 16.32 CssSyntaxError: /app/src/app/dashboard/domains/page.module.css:1:1: You cannot `@apply` the `flex` utility here because it creates a circular dependency.
#15 16.32     at Input.error (node_modules/postcss/lib/input.js:135:16) [/app/.next/build/chunks/node_modules_13sb.px._.js:4692:22]
#15 16.32     at error (node_modules/postcss/lib/node.js:146:32) [/app/.next/build/chunks/node_modules_13sb.px._.js:954:38]
#15 16.32     [at processApply (/app/node_modules/tailwindcss/lib/lib/expandApplyAtRules.js:443:32)]
#15 16.32     [at /app/node_modules/tailwindcss/lib/lib/expandApplyAtRules.js:551:9]
#15 16.32     [at /app/node_modules/tailwindcss/lib/processTailwindFeatures.js:55:50]
#15 16.32     [at process.processTicksAndRejections (node:internal/process/task_queues:103:5)]
#15 16.32     [at async plugins (/app/node_modules/tailwindcss/lib/plugin.js:38:17)]
#15 16.32     at async LazyResult.runAsync (node_modules/postcss/lib/lazy-result.js:293:11) [/app/.next/build/chunks/node_modules_13sb.px._.js:6255:21]
#15 16.32     at async transform (turbopack:///[turbopack-node]/transforms/postcss.ts:70:34) [/app/.next/build/chunks/[root-of-the-server]__0d-m0h0._.js:146:36]
#15 16.32     at async run (turbopack:///[turbopack-node]/child_process/evaluate.ts:89:23) [/app/.next/build/chunks/[root-of-the-server]__0ubbtyl._.js:443:31]
#15 16.32 
#15 16.32 Import trace:
#15 16.32   Server Component:
#15 16.32     ./src/app/dashboard/domains/page.module.css
#15 16.32     ./src/app/dashboard/domains/page.tsx
#15 16.32 
#15 16.32 
#15 16.32 ./src/app/dashboard/drafts/page.module.css
#15 16.32 Error evaluating Node.js code
#15 16.32 CssSyntaxError: /app/src/app/dashboard/drafts/page.module.css:5:1: You cannot `@apply` the `flex` utility here because it creates a circular dependency.
#15 16.32     at Input.error (node_modules/postcss/lib/input.js:135:16) [/app/.next/build/chunks/node_modules_13sb.px._.js:4692:22]
#15 16.32     at error (node_modules/postcss/lib/node.js:146:32) [/app/.next/build/chunks/node_modules_13sb.px._.js:954:38]
#15 16.32     [at processApply (/app/node_modules/tailwindcss/lib/lib/expandApplyAtRules.js:443:32)]
#15 16.32     [at /app/node_modules/tailwindcss/lib/lib/expandApplyAtRules.js:551:9]
#15 16.32     [at /app/node_modules/tailwindcss/lib/processTailwindFeatures.js:55:50]
#15 16.32     [at process.processTicksAndRejections (node:internal/process/task_queues:103:5)]
#15 16.32     [at async plugins (/app/node_modules/tailwindcss/lib/plugin.js:38:17)]
#15 16.32     at async LazyResult.runAsync (node_modules/postcss/lib/lazy-result.js:293:11) [/app/.next/build/chunks/node_modules_13sb.px._.js:6255:21]
#15 16.32     at async transform (turbopack:///[turbopack-node]/transforms/postcss.ts:70:34) [/app/.next/build/chunks/[root-of-the-server]__0d-m0h0._.js:146:36]
#15 16.32     at async run (turbopack:///[turbopack-node]/child_process/evaluate.ts:89:23) [/app/.next/build/chunks/[root-of-the-server]__0ubbtyl._.js:443:31]
#15 16.32 
#15 16.32 Import trace:
#15 16.32   Server Component:
#15 16.32     ./src/app/dashboard/drafts/page.module.css
#15 16.32     ./src/app/dashboard/drafts/page.tsx
#15 16.32 
#15 16.32 
#15 16.32 ./src/app/dashboard/inbox/[id]/page.module.css
#15 16.32 Error evaluating Node.js code
#15 16.32 CssSyntaxError: /app/src/app/dashboard/inbox/[id]/page.module.css:122:3: The `prose-sm` class does not exist. If `prose-sm` is a custom class, make sure it is defined within a `@layer` directive.
#15 16.32     at Input.error (node_modules/postcss/lib/input.js:135:16) [/app/.next/build/chunks/node_modules_13sb.px._.js:4692:22]
#15 16.32     at error (node_modules/postcss/lib/node.js:146:32) [/app/.next/build/chunks/node_modules_13sb.px._.js:954:38]
#15 16.32     [at processApply (/app/node_modules/tailwindcss/lib/lib/expandApplyAtRules.js:380:29)]
#15 16.32     [at /app/node_modules/tailwindcss/lib/lib/expandApplyAtRules.js:551:9]
#15 16.32     [at /app/node_modules/tailwindcss/lib/processTailwindFeatures.js:55:50]
#15 16.32     [at process.processTicksAndRejections (node:internal/process/task_queues:103:5)]
#15 16.32     [at async plugins (/app/node_modules/tailwindcss/lib/plugin.js:38:17)]
#15 16.32     at async LazyResult.runAsync (node_modules/postcss/lib/lazy-result.js:293:11) [/app/.next/build/chunks/node_modules_13sb.px._.js:6255:21]
#15 16.32     at async transform (turbopack:///[turbopack-node]/transforms/postcss.ts:70:34) [/app/.next/build/chunks/[root-of-the-server]__0d-m0h0._.js:146:36]
#15 16.32     at async run (turbopack:///[turbopack-node]/child_process/evaluate.ts:89:23) [/app/.next/build/chunks/[root-of-the-server]__0ubbtyl._.js:443:31]
#15 16.32 
#15 16.32 Import trace:
#15 16.32   Server Component:
#15 16.32     ./src/app/dashboard/inbox/[id]/page.module.css
#15 16.32     ./src/app/dashboard/inbox/[id]/page.tsx
#15 16.32 
#15 16.32 
#15 16.32 ./src/app/dashboard/inbox/page.module.css
#15 16.32 Error evaluating Node.js code
#15 16.32 CssSyntaxError: /app/src/app/dashboard/inbox/page.module.css:5:1: You cannot `@apply` the `flex` utility here because it creates a circular dependency.
#15 16.32     at Input.error (node_modules/postcss/lib/input.js:135:16) [/app/.next/build/chunks/node_modules_13sb.px._.js:4692:22]
#15 16.32     at error (node_modules/postcss/lib/node.js:146:32) [/app/.next/build/chunks/node_modules_13sb.px._.js:954:38]
#15 16.32     [at processApply (/app/node_modules/tailwindcss/lib/lib/expandApplyAtRules.js:443:32)]
#15 16.32     [at /app/node_modules/tailwindcss/lib/lib/expandApplyAtRules.js:551:9]
#15 16.32     [at /app/node_modules/tailwindcss/lib/processTailwindFeatures.js:55:50]
#15 16.32     [at process.processTicksAndRejections (node:internal/process/task_queues:103:5)]
#15 16.32     [at async plugins (/app/node_modules/tailwindcss/lib/plugin.js:38:17)]
#15 16.32     at async LazyResult.runAsync (node_modules/postcss/lib/lazy-result.js:293:11) [/app/.next/build/chunks/node_modules_13sb.px._.js:6255:21]
#15 16.32     at async transform (turbopack:///[turbopack-node]/transforms/postcss.ts:70:34) [/app/.next/build/chunks/[root-of-the-server]__0d-m0h0._.js:146:36]
#15 16.32     at async run (turbopack:///[turbopack-node]/child_process/evaluate.ts:89:23) [/app/.next/build/chunks/[root-of-the-server]__0ubbtyl._.js:443:31]
#15 16.32 
#15 16.32 Import trace:
#15 16.32   Server Component:
#15 16.32     ./src/app/dashboard/inbox/page.module.css
#15 16.32     ./src/app/dashboard/inbox/page.tsx
#15 16.32 
#15 16.32 
#15 16.32 ./src/app/dashboard/page.module.css
#15 16.32 Error evaluating Node.js code
#15 16.32 CssSyntaxError: /app/src/app/dashboard/page.module.css:1:1: You cannot `@apply` the `flex` utility here because it creates a circular dependency.
#15 16.32     at Input.error (node_modules/postcss/lib/input.js:135:16) [/app/.next/build/chunks/node_modules_13sb.px._.js:4692:22]
#15 16.32     at error (node_modules/postcss/lib/node.js:146:32) [/app/.next/build/chunks/node_modules_13sb.px._.js:954:38]
#15 16.32     [at processApply (/app/node_modules/tailwindcss/lib/lib/expandApplyAtRules.js:443:32)]
#15 16.32     [at /app/node_modules/tailwindcss/lib/lib/expandApplyAtRules.js:551:9]
#15 16.32     [at /app/node_modules/tailwindcss/lib/processTailwindFeatures.js:55:50]
#15 16.32     [at process.processTicksAndRejections (node:internal/process/task_queues:103:5)]
#15 16.32     [at async plugins (/app/node_modules/tailwindcss/lib/plugin.js:38:17)]
#15 16.32     at async LazyResult.runAsync (node_modules/postcss/lib/lazy-result.js:293:11) [/app/.next/build/chunks/node_modules_13sb.px._.js:6255:21]
#15 16.32     at async transform (turbopack:///[turbopack-node]/transforms/postcss.ts:70:34) [/app/.next/build/chunks/[root-of-the-server]__0d-m0h0._.js:146:36]
#15 16.32     at async run (turbopack:///[turbopack-node]/child_process/evaluate.ts:89:23) [/app/.next/build/chunks/[root-of-the-server]__0ubbtyl._.js:443:31]
#15 16.32 
#15 16.32 Import trace:
#15 16.32   Server Component:
#15 16.32     ./src/app/dashboard/page.module.css
#15 16.32     ./src/app/dashboard/page.tsx
#15 16.32 
#15 16.32 
#15 16.32 ./src/app/dashboard/profile/page.module.css
#15 16.32 Error evaluating Node.js code
#15 16.32 CssSyntaxError: /app/src/app/dashboard/profile/page.module.css:9:1: You cannot `@apply` the `flex` utility here because it creates a circular dependency.
#15 16.32     at Input.error (node_modules/postcss/lib/input.js:135:16) [/app/.next/build/chunks/node_modules_13sb.px._.js:4692:22]
#15 16.32     at error (node_modules/postcss/lib/node.js:146:32) [/app/.next/build/chunks/node_modules_13sb.px._.js:954:38]
#15 16.32     [at processApply (/app/node_modules/tailwindcss/lib/lib/expandApplyAtRules.js:443:32)]
#15 16.32     [at /app/node_modules/tailwindcss/lib/lib/expandApplyAtRules.js:551:9]
#15 16.32     [at /app/node_modules/tailwindcss/lib/processTailwindFeatures.js:55:50]
#15 16.32     [at process.processTicksAndRejections (node:internal/process/task_queues:103:5)]
#15 16.32     [at async plugins (/app/node_modules/tailwindcss/lib/plugin.js:38:17)]
#15 16.32     at async LazyResult.runAsync (node_modules/postcss/lib/lazy-result.js:293:11) [/app/.next/build/chunks/node_modules_13sb.px._.js:6255:21]
#15 16.32     at async transform (turbopack:///[turbopack-node]/transforms/postcss.ts:70:34) [/app/.next/build/chunks/[root-of-the-server]__0d-m0h0._.js:146:36]
#15 16.32     at async run (turbopack:///[turbopack-node]/child_process/evaluate.ts:89:23) [/app/.next/build/chunks/[root-of-the-server]__0ubbtyl._.js:443:31]
#15 16.32 
#15 16.32 Import trace:
#15 16.32   Server Component:
#15 16.32     ./src/app/dashboard/profile/page.module.css
#15 16.32     ./src/app/dashboard/profile/page.tsx
#15 16.32 
#15 16.32 
#15 16.32 ./src/app/dashboard/sent/page.module.css
#15 16.32 Error evaluating Node.js code
#15 16.32 CssSyntaxError: /app/src/app/dashboard/sent/page.module.css:134:3: The `dark:prose-invert` class does not exist. If `dark:prose-invert` is a custom class, make sure it is defined within a `@layer` directive.
#15 16.32     at Input.error (node_modules/postcss/lib/input.js:135:16) [/app/.next/build/chunks/node_modules_13sb.px._.js:4692:22]
#15 16.32     at error (node_modules/postcss/lib/node.js:146:32) [/app/.next/build/chunks/node_modules_13sb.px._.js:954:38]
#15 16.32     [at processApply (/app/node_modules/tailwindcss/lib/lib/expandApplyAtRules.js:380:29)]
#15 16.32     [at /app/node_modules/tailwindcss/lib/lib/expandApplyAtRules.js:551:9]
#15 16.32     [at /app/node_modules/tailwindcss/lib/processTailwindFeatures.js:55:50]
#15 16.32     [at process.processTicksAndRejections (node:internal/process/task_queues:103:5)]
#15 16.32     [at async plugins (/app/node_modules/tailwindcss/lib/plugin.js:38:17)]
#15 16.32     at async LazyResult.runAsync (node_modules/postcss/lib/lazy-result.js:293:11) [/app/.next/build/chunks/node_modules_13sb.px._.js:6255:21]
#15 16.32     at async transform (turbopack:///[turbopack-node]/transforms/postcss.ts:70:34) [/app/.next/build/chunks/[root-of-the-server]__0d-m0h0._.js:146:36]
#15 16.32     at async run (turbopack:///[turbopack-node]/child_process/evaluate.ts:89:23) [/app/.next/build/chunks/[root-of-the-server]__0ubbtyl._.js:443:31]
#15 16.32 
#15 16.32 Import trace:
#15 16.32   Server Component:
#15 16.32     ./src/app/dashboard/sent/page.module.css
#15 16.32     ./src/app/dashboard/sent/page.tsx
#15 16.32 
#15 16.32 
#15 16.32 ./src/app/dashboard/settings/page.module.css
#15 16.32 Error evaluating Node.js code
#15 16.32 CssSyntaxError: /app/src/app/dashboard/settings/page.module.css:9:1: You cannot `@apply` the `flex` utility here because it creates a circular dependency.
#15 16.32     at Input.error (node_modules/postcss/lib/input.js:135:16) [/app/.next/build/chunks/node_modules_13sb.px._.js:4692:22]
#15 16.32     at error (node_modules/postcss/lib/node.js:146:32) [/app/.next/build/chunks/node_modules_13sb.px._.js:954:38]
#15 16.32     [at processApply (/app/node_modules/tailwindcss/lib/lib/expandApplyAtRules.js:443:32)]
#15 16.32     [at /app/node_modules/tailwindcss/lib/lib/expandApplyAtRules.js:551:9]
#15 16.32     [at /app/node_modules/tailwindcss/lib/processTailwindFeatures.js:55:50]
#15 16.32     [at process.processTicksAndRejections (node:internal/process/task_queues:103:5)]
#15 16.32     [at async plugins (/app/node_modules/tailwindcss/lib/plugin.js:38:17)]
#15 16.32     at async LazyResult.runAsync (node_modules/postcss/lib/lazy-result.js:293:11) [/app/.next/build/chunks/node_modules_13sb.px._.js:6255:21]
#15 16.32     at async transform (turbopack:///[turbopack-node]/transforms/postcss.ts:70:34) [/app/.next/build/chunks/[root-of-the-server]__0d-m0h0._.js:146:36]
#15 16.32     at async run (turbopack:///[turbopack-node]/child_process/evaluate.ts:89:23) [/app/.next/build/chunks/[root-of-the-server]__0ubbtyl._.js:443:31]
#15 16.32 
#15 16.32 Import trace:
#15 16.32   Server Component:
#15 16.32     ./src/app/dashboard/settings/page.module.css
#15 16.32     ./src/app/dashboard/settings/page.tsx
#15 16.32 
#15 16.32 
#15 16.32 ./src/app/dashboard/spam/page.module.css
#15 16.32 Error evaluating Node.js code
#15 16.32 CssSyntaxError: /app/src/app/dashboard/spam/page.module.css:5:1: You cannot `@apply` the `flex` utility here because it creates a circular dependency.
#15 16.32     at Input.error (node_modules/postcss/lib/input.js:135:16) [/app/.next/build/chunks/node_modules_13sb.px._.js:4692:22]
#15 16.32     at error (node_modules/postcss/lib/node.js:146:32) [/app/.next/build/chunks/node_modules_13sb.px._.js:954:38]
#15 16.32     [at processApply (/app/node_modules/tailwindcss/lib/lib/expandApplyAtRules.js:443:32)]
#15 16.32     [at /app/node_modules/tailwindcss/lib/lib/expandApplyAtRules.js:551:9]
#15 16.32     [at /app/node_modules/tailwindcss/lib/processTailwindFeatures.js:55:50]
#15 16.32     [at process.processTicksAndRejections (node:internal/process/task_queues:103:5)]
#15 16.32     [at async plugins (/app/node_modules/tailwindcss/lib/plugin.js:38:17)]
#15 16.32     at async LazyResult.runAsync (node_modules/postcss/lib/lazy-result.js:293:11) [/app/.next/build/chunks/node_modules_13sb.px._.js:6255:21]
#15 16.32     at async transform (turbopack:///[turbopack-node]/transforms/postcss.ts:70:34) [/app/.next/build/chunks/[root-of-the-server]__0d-m0h0._.js:146:36]
#15 16.32     at async run (turbopack:///[turbopack-node]/child_process/evaluate.ts:89:23) [/app/.next/build/chunks/[root-of-the-server]__0ubbtyl._.js:443:31]
#15 16.32 
#15 16.32 Import trace:
#15 16.32   Server Component:
#15 16.32     ./src/app/dashboard/spam/page.module.css
#15 16.32     ./src/app/dashboard/spam/page.tsx
#15 16.32 
#15 16.32 
#15 16.32 ./src/app/dashboard/teams/page.module.css
#15 16.32 Error evaluating Node.js code
#15 16.32 CssSyntaxError: /app/src/app/dashboard/teams/page.module.css:13:1: You cannot `@apply` the `flex` utility here because it creates a circular dependency.
#15 16.32     at Input.error (node_modules/postcss/lib/input.js:135:16) [/app/.next/build/chunks/node_modules_13sb.px._.js:4692:22]
#15 16.32     at error (node_modules/postcss/lib/node.js:146:32) [/app/.next/build/chunks/node_modules_13sb.px._.js:954:38]
#15 16.32     [at processApply (/app/node_modules/tailwindcss/lib/lib/expandApplyAtRules.js:443:32)]
#15 16.32     [at /app/node_modules/tailwindcss/lib/lib/expandApplyAtRules.js:551:9]
#15 16.32     [at /app/node_modules/tailwindcss/lib/processTailwindFeatures.js:55:50]
#15 16.32     [at process.processTicksAndRejections (node:internal/process/task_queues:103:5)]
#15 16.32     [at async plugins (/app/node_modules/tailwindcss/lib/plugin.js:38:17)]
#15 16.32     at async LazyResult.runAsync (node_modules/postcss/lib/lazy-result.js:293:11) [/app/.next/build/chunks/node_modules_13sb.px._.js:6255:21]
#15 16.32     at async transform (turbopack:///[turbopack-node]/transforms/postcss.ts:70:34) [/app/.next/build/chunks/[root-of-the-server]__0d-m0h0._.js:146:36]
#15 16.32     at async run (turbopack:///[turbopack-node]/child_process/evaluate.ts:89:23) [/app/.next/build/chunks/[root-of-the-server]__0ubbtyl._.js:443:31]
#15 16.32 
#15 16.32 Import trace:
#15 16.32   Server Component:
#15 16.32     ./src/app/dashboard/teams/page.module.css
#15 16.32     ./src/app/dashboard/teams/page.tsx
#15 16.32 
#15 16.32 
#15 16.32 ./src/app/dashboard/trash/page.module.css
#15 16.32 Error evaluating Node.js code
#15 16.32 CssSyntaxError: /app/src/app/dashboard/trash/page.module.css:5:1: You cannot `@apply` the `flex` utility here because it creates a circular dependency.
#15 16.32     at Input.error (node_modules/postcss/lib/input.js:135:16) [/app/.next/build/chunks/node_modules_13sb.px._.js:4692:22]
#15 16.32     at error (node_modules/postcss/lib/node.js:146:32) [/app/.next/build/chunks/node_modules_13sb.px._.js:954:38]
#15 16.32     [at processApply (/app/node_modules/tailwindcss/lib/lib/expandApplyAtRules.js:443:32)]
#15 16.32     [at /app/node_modules/tailwindcss/lib/lib/expandApplyAtRules.js:551:9]
#15 16.32     [at /app/node_modules/tailwindcss/lib/processTailwindFeatures.js:55:50]
#15 16.32     [at process.processTicksAndRejections (node:internal/process/task_queues:103:5)]
#15 16.32     [at async plugins (/app/node_modules/tailwindcss/lib/plugin.js:38:17)]
#15 16.32     at async LazyResult.runAsync (node_modules/postcss/lib/lazy-result.js:293:11) [/app/.next/build/chunks/node_modules_13sb.px._.js:6255:21]
#15 16.32     at async transform (turbopack:///[turbopack-node]/transforms/postcss.ts:70:34) [/app/.next/build/chunks/[root-of-the-server]__0d-m0h0._.js:146:36]
#15 16.32     at async run (turbopack:///[turbopack-node]/child_process/evaluate.ts:89:23) [/app/.next/build/chunks/[root-of-the-server]__0ubbtyl._.js:443:31]
#15 16.32 
#15 16.32 Import trace:
#15 16.32   Server Component:
#15 16.32     ./src/app/dashboard/trash/page.module.css
#15 16.32     ./src/app/dashboard/trash/page.tsx
#15 16.32 
#15 16.32 
#15 16.32 ./src/app/forgot-password/page.module.css
#15 16.32 Error evaluating Node.js code
#15 16.32 CssSyntaxError: /app/src/app/forgot-password/page.module.css:1:1: You cannot `@apply` the `flex` utility here because it creates a circular dependency.
#15 16.32     at Input.error (node_modules/postcss/lib/input.js:135:16) [/app/.next/build/chunks/node_modules_13sb.px._.js:4692:22]
#15 16.32     at error (node_modules/postcss/lib/node.js:146:32) [/app/.next/build/chunks/node_modules_13sb.px._.js:954:38]
#15 16.32     [at processApply (/app/node_modules/tailwindcss/lib/lib/expandApplyAtRules.js:443:32)]
#15 16.32     [at /app/node_modules/tailwindcss/lib/lib/expandApplyAtRules.js:551:9]
#15 16.32     [at /app/node_modules/tailwindcss/lib/processTailwindFeatures.js:55:50]
#15 16.32     [at process.processTicksAndRejections (node:internal/process/task_queues:103:5)]
#15 16.32     [at async plugins (/app/node_modules/tailwindcss/lib/plugin.js:38:17)]
#15 16.32     at async LazyResult.runAsync (node_modules/postcss/lib/lazy-result.js:293:11) [/app/.next/build/chunks/node_modules_13sb.px._.js:6255:21]
#15 16.32     at async transform (turbopack:///[turbopack-node]/transforms/postcss.ts:70:34) [/app/.next/build/chunks/[root-of-the-server]__0d-m0h0._.js:146:36]
#15 16.32     at async run (turbopack:///[turbopack-node]/child_process/evaluate.ts:89:23) [/app/.next/build/chunks/[root-of-the-server]__0ubbtyl._.js:443:31]
#15 16.32 
#15 16.32 Import trace:
#15 16.32   Server Component:
#15 16.32     ./src/app/forgot-password/page.module.css
#15 16.32     ./src/app/forgot-password/page.tsx
#15 16.32 
#15 16.32 
#15 16.32 ./src/app/page.module.css
#15 16.32 Error evaluating Node.js code
#15 16.32 CssSyntaxError: /app/src/app/page.module.css:6:3: The `gradient-primary` class does not exist. If `gradient-primary` is a custom class, make sure it is defined within a `@layer` directive.
#15 16.32     at Input.error (node_modules/postcss/lib/input.js:135:16) [/app/.next/build/chunks/node_modules_13sb.px._.js:4692:22]
#15 16.32     at error (node_modules/postcss/lib/node.js:146:32) [/app/.next/build/chunks/node_modules_13sb.px._.js:954:38]
#15 16.32     [at processApply (/app/node_modules/tailwindcss/lib/lib/expandApplyAtRules.js:380:29)]
#15 16.32     [at /app/node_modules/tailwindcss/lib/lib/expandApplyAtRules.js:551:9]
#15 16.32     [at /app/node_modules/tailwindcss/lib/processTailwindFeatures.js:55:50]
#15 16.32     [at process.processTicksAndRejections (node:internal/process/task_queues:103:5)]
#15 16.32     [at async plugins (/app/node_modules/tailwindcss/lib/plugin.js:38:17)]
#15 16.32     at async LazyResult.runAsync (node_modules/postcss/lib/lazy-result.js:293:11) [/app/.next/build/chunks/node_modules_13sb.px._.js:6255:21]
#15 16.32     at async transform (turbopack:///[turbopack-node]/transforms/postcss.ts:70:34) [/app/.next/build/chunks/[root-of-the-server]__0d-m0h0._.js:146:36]
#15 16.32     at async run (turbopack:///[turbopack-node]/child_process/evaluate.ts:89:23) [/app/.next/build/chunks/[root-of-the-server]__0ubbtyl._.js:443:31]
#15 16.32 
#15 16.32 Import trace:
#15 16.32   Server Component:
#15 16.32     ./src/app/page.module.css
#15 16.32     ./src/app/page.tsx
#15 16.32 
#15 16.32 
#15 16.32 ./src/app/register/page.module.css
#15 16.32 Error evaluating Node.js code
#15 16.32 CssSyntaxError: /app/src/app/register/page.module.css:6:3: The `gradient-primary` class does not exist. If `gradient-primary` is a custom class, make sure it is defined within a `@layer` directive.
#15 16.32     at Input.error (node_modules/postcss/lib/input.js:135:16) [/app/.next/build/chunks/node_modules_13sb.px._.js:4692:22]
#15 16.32     at error (node_modules/postcss/lib/node.js:146:32) [/app/.next/build/chunks/node_modules_13sb.px._.js:954:38]
#15 16.32     [at processApply (/app/node_modules/tailwindcss/lib/lib/expandApplyAtRules.js:380:29)]
#15 16.32     [at /app/node_modules/tailwindcss/lib/lib/expandApplyAtRules.js:551:9]
#15 16.32     [at /app/node_modules/tailwindcss/lib/processTailwindFeatures.js:55:50]
#15 16.32     [at process.processTicksAndRejections (node:internal/process/task_queues:103:5)]
#15 16.32     [at async plugins (/app/node_modules/tailwindcss/lib/plugin.js:38:17)]
#15 16.32     at async LazyResult.runAsync (node_modules/postcss/lib/lazy-result.js:293:11) [/app/.next/build/chunks/node_modules_13sb.px._.js:6255:21]
#15 16.32     at async transform (turbopack:///[turbopack-node]/transforms/postcss.ts:70:34) [/app/.next/build/chunks/[root-of-the-server]__0d-m0h0._.js:146:36]
#15 16.32     at async run (turbopack:///[turbopack-node]/child_process/evaluate.ts:89:23) [/app/.next/build/chunks/[root-of-the-server]__0ubbtyl._.js:443:31]
#15 16.32 
#15 16.32 Import trace:
#15 16.32   Server Component:
#15 16.32     ./src/app/register/page.module.css
#15 16.32     ./src/app/register/page.tsx
#15 16.32 
#15 16.32 
#15 16.32 ./src/app/reset-password/page.module.css
#15 16.32 Error evaluating Node.js code
#15 16.32 CssSyntaxError: /app/src/app/reset-password/page.module.css:1:1: You cannot `@apply` the `flex` utility here because it creates a circular dependency.
#15 16.32     at Input.error (node_modules/postcss/lib/input.js:135:16) [/app/.next/build/chunks/node_modules_13sb.px._.js:4692:22]
#15 16.32     at error (node_modules/postcss/lib/node.js:146:32) [/app/.next/build/chunks/node_modules_13sb.px._.js:954:38]
#15 16.32     [at processApply (/app/node_modules/tailwindcss/lib/lib/expandApplyAtRules.js:443:32)]
#15 16.32     [at /app/node_modules/tailwindcss/lib/lib/expandApplyAtRules.js:551:9]
#15 16.32     [at /app/node_modules/tailwindcss/lib/processTailwindFeatures.js:55:50]
#15 16.32     [at process.processTicksAndRejections (node:internal/process/task_queues:103:5)]
#15 16.32     [at async plugins (/app/node_modules/tailwindcss/lib/plugin.js:38:17)]
#15 16.32     at async LazyResult.runAsync (node_modules/postcss/lib/lazy-result.js:293:11) [/app/.next/build/chunks/node_modules_13sb.px._.js:6255:21]
#15 16.32     at async transform (turbopack:///[turbopack-node]/transforms/postcss.ts:70:34) [/app/.next/build/chunks/[root-of-the-server]__0d-m0h0._.js:146:36]
#15 16.32     at async run (turbopack:///[turbopack-node]/child_process/evaluate.ts:89:23) [/app/.next/build/chunks/[root-of-the-server]__0ubbtyl._.js:443:31]
#15 16.32 
#15 16.32 Import trace:
#15 16.32   Server Component:
#15 16.32     ./src/app/reset-password/page.module.css
#15 16.32     ./src/app/reset-password/page.tsx
#15 16.32 
#15 16.32 
#15 16.32 ./src/app/verify-email/page.module.css
#15 16.32 Error evaluating Node.js code
#15 16.32 CssSyntaxError: /app/src/app/verify-email/page.module.css:1:1: You cannot `@apply` the `flex` utility here because it creates a circular dependency.
#15 16.32     at Input.error (node_modules/postcss/lib/input.js:135:16) [/app/.next/build/chunks/node_modules_13sb.px._.js:4692:22]
#15 16.32     at error (node_modules/postcss/lib/node.js:146:32) [/app/.next/build/chunks/node_modules_13sb.px._.js:954:38]
#15 16.32     [at processApply (/app/node_modules/tailwindcss/lib/lib/expandApplyAtRules.js:443:32)]
#15 16.32     [at /app/node_modules/tailwindcss/lib/lib/expandApplyAtRules.js:551:9]
#15 16.32     [at /app/node_modules/tailwindcss/lib/processTailwindFeatures.js:55:50]
#15 16.32     [at process.processTicksAndRejections (node:internal/process/task_queues:103:5)]
#15 16.32     [at async plugins (/app/node_modules/tailwindcss/lib/plugin.js:38:17)]
#15 16.32     at async LazyResult.runAsync (node_modules/postcss/lib/lazy-result.js:293:11) [/app/.next/build/chunks/node_modules_13sb.px._.js:6255:21]
#15 16.32     at async transform (turbopack:///[turbopack-node]/transforms/postcss.ts:70:34) [/app/.next/build/chunks/[root-of-the-server]__0d-m0h0._.js:146:36]
#15 16.32     at async run (turbopack:///[turbopack-node]/child_process/evaluate.ts:89:23) [/app/.next/build/chunks/[root-of-the-server]__0ubbtyl._.js:443:31]
#15 16.32 
#15 16.32 Import trace:
#15 16.32   Server Component:
#15 16.32     ./src/app/verify-email/page.module.css
#15 16.32     ./src/app/verify-email/page.tsx
#15 16.32 
#15 16.32 
#15 16.32 ./src/components/bulk-action-bar.module.css
#15 16.32 Error evaluating Node.js code
#15 16.32 CssSyntaxError: /app/src/components/bulk-action-bar.module.css:1:1: You cannot `@apply` the `flex` utility here because it creates a circular dependency.
#15 16.32     at Input.error (node_modules/postcss/lib/input.js:135:16) [/app/.next/build/chunks/node_modules_13sb.px._.js:4692:22]
#15 16.32     at error (node_modules/postcss/lib/node.js:146:32) [/app/.next/build/chunks/node_modules_13sb.px._.js:954:38]
#15 16.32     [at processApply (/app/node_modules/tailwindcss/lib/lib/expandApplyAtRules.js:443:32)]
#15 16.32     [at /app/node_modules/tailwindcss/lib/lib/expandApplyAtRules.js:551:9]
#15 16.32     [at /app/node_modules/tailwindcss/lib/processTailwindFeatures.js:55:50]
#15 16.32     [at process.processTicksAndRejections (node:internal/process/task_queues:103:5)]
#15 16.32     [at async plugins (/app/node_modules/tailwindcss/lib/plugin.js:38:17)]
#15 16.32     at async LazyResult.runAsync (node_modules/postcss/lib/lazy-result.js:293:11) [/app/.next/build/chunks/node_modules_13sb.px._.js:6255:21]
#15 16.32     at async transform (turbopack:///[turbopack-node]/transforms/postcss.ts:70:34) [/app/.next/build/chunks/[root-of-the-server]__0d-m0h0._.js:146:36]
#15 16.32     at async run (turbopack:///[turbopack-node]/child_process/evaluate.ts:89:23) [/app/.next/build/chunks/[root-of-the-server]__0ubbtyl._.js:443:31]
#15 16.32 
#15 16.32 Import trace:
#15 16.32   Server Component:
#15 16.32     ./src/components/bulk-action-bar.module.css
#15 16.32     ./src/components/bulk-action-bar.tsx
#15 16.32     ./src/app/dashboard/trash/page.tsx
#15 16.32 
#15 16.32 
#15 16.32 ./src/components/ui/dialog.module.css
#15 16.32 Error evaluating Node.js code
#15 16.32 CssSyntaxError: /app/src/components/ui/dialog.module.css:1:1: You cannot `@apply` the `absolute` utility here because it creates a circular dependency.
#15 16.32     at Input.error (node_modules/postcss/lib/input.js:135:16) [/app/.next/build/chunks/node_modules_13sb.px._.js:4692:22]
#15 16.32     at error (node_modules/postcss/lib/node.js:146:32) [/app/.next/build/chunks/node_modules_13sb.px._.js:954:38]
#15 16.32     [at processApply (/app/node_modules/tailwindcss/lib/lib/expandApplyAtRules.js:443:32)]
#15 16.32     [at /app/node_modules/tailwindcss/lib/lib/expandApplyAtRules.js:551:9]
#15 16.32     [at /app/node_modules/tailwindcss/lib/processTailwindFeatures.js:55:50]
#15 16.32     [at process.processTicksAndRejections (node:internal/process/task_queues:103:5)]
#15 16.32     [at async plugins (/app/node_modules/tailwindcss/lib/plugin.js:38:17)]
#15 16.32     at async LazyResult.runAsync (node_modules/postcss/lib/lazy-result.js:293:11) [/app/.next/build/chunks/node_modules_13sb.px._.js:6255:21]
#15 16.32     at async transform (turbopack:///[turbopack-node]/transforms/postcss.ts:70:34) [/app/.next/build/chunks/[root-of-the-server]__0d-m0h0._.js:146:36]
#15 16.32     at async run (turbopack:///[turbopack-node]/child_process/evaluate.ts:89:23) [/app/.next/build/chunks/[root-of-the-server]__0ubbtyl._.js:443:31]
#15 16.32 
#15 16.32 Import trace:
#15 16.32   Server Component:
#15 16.32     ./src/components/ui/dialog.module.css
#15 16.32     ./src/components/ui/dialog.tsx
#15 16.32     ./src/app/dashboard/teams/page.tsx
#15 16.32 
#15 16.32 
#15 16.32 ./src/components/ui/dropdown-menu.module.css
#15 16.32 Error evaluating Node.js code
#15 16.32 CssSyntaxError: /app/src/components/ui/dropdown-menu.module.css:5:1: You cannot `@apply` the `absolute` utility here because it creates a circular dependency.
#15 16.32     at Input.error (node_modules/postcss/lib/input.js:135:16) [/app/.next/build/chunks/node_modules_13sb.px._.js:4692:22]
#15 16.32     at error (node_modules/postcss/lib/node.js:146:32) [/app/.next/build/chunks/node_modules_13sb.px._.js:954:38]
#15 16.32     [at processApply (/app/node_modules/tailwindcss/lib/lib/expandApplyAtRules.js:443:32)]
#15 16.32     [at /app/node_modules/tailwindcss/lib/lib/expandApplyAtRules.js:551:9]
#15 16.32     [at /app/node_modules/tailwindcss/lib/processTailwindFeatures.js:55:50]
#15 16.32     [at process.processTicksAndRejections (node:internal/process/task_queues:103:5)]
#15 16.32     [at async plugins (/app/node_modules/tailwindcss/lib/plugin.js:38:17)]
#15 16.32     at async LazyResult.runAsync (node_modules/postcss/lib/lazy-result.js:293:11) [/app/.next/build/chunks/node_modules_13sb.px._.js:6255:21]
#15 16.32     at async transform (turbopack:///[turbopack-node]/transforms/postcss.ts:70:34) [/app/.next/build/chunks/[root-of-the-server]__0d-m0h0._.js:146:36]
#15 16.32     at async run (turbopack:///[turbopack-node]/child_process/evaluate.ts:89:23) [/app/.next/build/chunks/[root-of-the-server]__0ubbtyl._.js:443:31]
#15 16.32 
#15 16.32 Import traces:
#15 16.32   Client Component Browser:
#15 16.32     ./src/components/ui/dropdown-menu.module.css [Client Component Browser]
#15 16.32     ./src/components/ui/dropdown-menu.tsx [Client Component Browser]
#15 16.32     ./src/components/user-nav.tsx [Client Component Browser]
#15 16.32     ./src/components/app-header.tsx [Client Component Browser]
#15 16.32     ./src/components/app-header.tsx [Server Component]
#15 16.32     ./src/app/dashboard/layout.tsx [Server Component]
#15 16.32 
#15 16.32   Client Component SSR:
#15 16.32     ./src/components/ui/dropdown-menu.module.css [Client Component SSR]
#15 16.32     ./src/components/ui/dropdown-menu.tsx [Client Component SSR]
#15 16.32     ./src/components/user-nav.tsx [Client Component SSR]
#15 16.32     ./src/components/app-header.tsx [Client Component SSR]
#15 16.32     ./src/components/app-header.tsx [Server Component]
#15 16.32     ./src/app/dashboard/layout.tsx [Server Component]
#15 16.32 
#15 16.32 
#15 16.32 ./src/components/ui/select.module.css
#15 16.32 Error evaluating Node.js code
#15 16.32 CssSyntaxError: /app/src/components/ui/select.module.css:9:1: You cannot `@apply` the `absolute` utility here because it creates a circular dependency.
#15 16.32     at Input.error (node_modules/postcss/lib/input.js:135:16) [/app/.next/build/chunks/node_modules_13sb.px._.js:4692:22]
#15 16.32     at error (node_modules/postcss/lib/node.js:146:32) [/app/.next/build/chunks/node_modules_13sb.px._.js:954:38]
#15 16.32     [at processApply (/app/node_modules/tailwindcss/lib/lib/expandApplyAtRules.js:443:32)]
#15 16.32     [at /app/node_modules/tailwindcss/lib/lib/expandApplyAtRules.js:551:9]
#15 16.32     [at /app/node_modules/tailwindcss/lib/processTailwindFeatures.js:55:50]
#15 16.32     [at process.processTicksAndRejections (node:internal/process/task_queues:103:5)]
#15 16.32     [at async plugins (/app/node_modules/tailwindcss/lib/plugin.js:38:17)]
#15 16.32     at async LazyResult.runAsync (node_modules/postcss/lib/lazy-result.js:293:11) [/app/.next/build/chunks/node_modules_13sb.px._.js:6255:21]
#15 16.32     at async transform (turbopack:///[turbopack-node]/transforms/postcss.ts:70:34) [/app/.next/build/chunks/[root-of-the-server]__0d-m0h0._.js:146:36]
#15 16.32     at async run (turbopack:///[turbopack-node]/child_process/evaluate.ts:89:23) [/app/.next/build/chunks/[root-of-the-server]__0ubbtyl._.js:443:31]
#15 16.32 
#15 16.32 Import trace:
#15 16.32   Server Component:
#15 16.32     ./src/components/ui/select.module.css
#15 16.32     ./src/components/ui/select.tsx
#15 16.32     ./src/app/dashboard/inbox/page.tsx
#15 16.32 
#15 16.32 
#15 16.32 ./src/components/ui/sheet.module.css
#15 16.32 Error evaluating Node.js code
#15 16.32 CssSyntaxError: /app/src/components/ui/sheet.module.css:1:1: You cannot `@apply` the `absolute` utility here because it creates a circular dependency.
#15 16.32     at Input.error (node_modules/postcss/lib/input.js:135:16) [/app/.next/build/chunks/node_modules_13sb.px._.js:4692:22]
#15 16.32     at error (node_modules/postcss/lib/node.js:146:32) [/app/.next/build/chunks/node_modules_13sb.px._.js:954:38]
#15 16.32     [at processApply (/app/node_modules/tailwindcss/lib/lib/expandApplyAtRules.js:443:32)]
#15 16.32     [at /app/node_modules/tailwindcss/lib/lib/expandApplyAtRules.js:551:9]
#15 16.32     [at /app/node_modules/tailwindcss/lib/processTailwindFeatures.js:55:50]
#15 16.32     [at process.processTicksAndRejections (node:internal/process/task_queues:103:5)]
#15 16.32     [at async plugins (/app/node_modules/tailwindcss/lib/plugin.js:38:17)]
#15 16.32     at async LazyResult.runAsync (node_modules/postcss/lib/lazy-result.js:293:11) [/app/.next/build/chunks/node_modules_13sb.px._.js:6255:21]
#15 16.32     at async transform (turbopack:///[turbopack-node]/transforms/postcss.ts:70:34) [/app/.next/build/chunks/[root-of-the-server]__0d-m0h0._.js:146:36]
#15 16.32     at async run (turbopack:///[turbopack-node]/child_process/evaluate.ts:89:23) [/app/.next/build/chunks/[root-of-the-server]__0ubbtyl._.js:443:31]
#15 16.32 
#15 16.32 Import traces:
#15 16.32   Server Component:
#15 16.32     ./src/components/ui/sheet.module.css
#15 16.32     ./src/components/ui/sheet.tsx
#15 16.32     ./src/components/ui/sidebar.tsx
#15 16.32     ./src/app/dashboard/layout.tsx
#15 16.32 
#15 16.32   Client Component Browser:
#15 16.32     ./src/components/ui/sheet.module.css [Client Component Browser]
#15 16.32     ./src/components/ui/sheet.tsx [Client Component Browser]
#15 16.32     ./src/components/ui/sidebar.tsx [Client Component Browser]
#15 16.32     ./src/components/app-header.tsx [Client Component Browser]
#15 16.32     ./src/components/app-header.tsx [Server Component]
#15 16.32     ./src/app/dashboard/layout.tsx [Server Component]
#15 16.32 
#15 16.32   Client Component SSR:
#15 16.32     ./src/components/ui/sheet.module.css [Client Component SSR]
#15 16.32     ./src/components/ui/sheet.tsx [Client Component SSR]
#15 16.32     ./src/components/ui/sidebar.tsx [Client Component SSR]
#15 16.32     ./src/components/app-header.tsx [Client Component SSR]
#15 16.32     ./src/components/app-header.tsx [Server Component]
#15 16.32     ./src/app/dashboard/layout.tsx [Server Component]
#15 16.32 
#15 16.32 
#15 16.32 ./src/components/ui/sidebar.module.css
#15 16.32 Error evaluating Node.js code
#15 16.32 CssSyntaxError: /app/src/components/ui/sidebar.module.css:14:3: @apply should not be used with the 'group' utility
#15 16.32     at Input.error (node_modules/postcss/lib/input.js:135:16) [/app/.next/build/chunks/node_modules_13sb.px._.js:4692:22]
#15 16.32     at error (node_modules/postcss/lib/node.js:146:32) [/app/.next/build/chunks/node_modules_13sb.px._.js:954:38]
#15 16.32     [at processApply (/app/node_modules/tailwindcss/lib/lib/expandApplyAtRules.js:377:29)]
#15 16.32     [at /app/node_modules/tailwindcss/lib/lib/expandApplyAtRules.js:551:9]
#15 16.32     [at /app/node_modules/tailwindcss/lib/processTailwindFeatures.js:55:50]
#15 16.32     [at process.processTicksAndRejections (node:internal/process/task_queues:103:5)]
#15 16.32     [at async plugins (/app/node_modules/tailwindcss/lib/plugin.js:38:17)]
#15 16.32     at async LazyResult.runAsync (node_modules/postcss/lib/lazy-result.js:293:11) [/app/.next/build/chunks/node_modules_13sb.px._.js:6255:21]
#15 16.32     at async transform (turbopack:///[turbopack-node]/transforms/postcss.ts:70:34) [/app/.next/build/chunks/[root-of-the-server]__0d-m0h0._.js:146:36]
#15 16.32     at async run (turbopack:///[turbopack-node]/child_process/evaluate.ts:89:23) [/app/.next/build/chunks/[root-of-the-server]__0ubbtyl._.js:443:31]
#15 16.32 
#15 16.32 Import traces:
#15 16.32   Server Component:
#15 16.32     ./src/components/ui/sidebar.module.css
#15 16.32     ./src/components/ui/sidebar.tsx
#15 16.32     ./src/app/dashboard/layout.tsx
#15 16.32 
#15 16.32   Client Component Browser:
#15 16.32     ./src/components/ui/sidebar.module.css [Client Component Browser]
#15 16.32     ./src/components/ui/sidebar.tsx [Client Component Browser]
#15 16.32     ./src/components/app-header.tsx [Client Component Browser]
#15 16.32     ./src/components/app-header.tsx [Server Component]
#15 16.32     ./src/app/dashboard/layout.tsx [Server Component]
#15 16.32 
#15 16.32   Client Component SSR:
#15 16.32     ./src/components/ui/sidebar.module.css [Client Component SSR]
#15 16.32     ./src/components/ui/sidebar.tsx [Client Component SSR]
#15 16.32     ./src/components/app-header.tsx [Client Component SSR]
#15 16.32     ./src/components/app-header.tsx [Server Component]
#15 16.32     ./src/app/dashboard/layout.tsx [Server Component]
#15 16.32 
#15 16.32 
#15 16.32 ./src/components/ui/table.module.css
#15 16.32 Error evaluating Node.js code
#15 16.32 CssSyntaxError: /app/src/components/ui/table.module.css:1:1: You cannot `@apply` the `relative` utility here because it creates a circular dependency.
#15 16.32     at Input.error (node_modules/postcss/lib/input.js:135:16) [/app/.next/build/chunks/node_modules_13sb.px._.js:4692:22]
#15 16.32     at error (node_modules/postcss/lib/node.js:146:32) [/app/.next/build/chunks/node_modules_13sb.px._.js:954:38]
#15 16.32     [at processApply (/app/node_modules/tailwindcss/lib/lib/expandApplyAtRules.js:443:32)]
#15 16.32     [at /app/node_modules/tailwindcss/lib/lib/expandApplyAtRules.js:551:9]
#15 16.32     [at /app/node_modules/tailwindcss/lib/processTailwindFeatures.js:55:50]
#15 16.32     [at process.processTicksAndRejections (node:internal/process/task_queues:103:5)]
#15 16.32     [at async plugins (/app/node_modules/tailwindcss/lib/plugin.js:38:17)]
#15 16.32     at async LazyResult.runAsync (node_modules/postcss/lib/lazy-result.js:293:11) [/app/.next/build/chunks/node_modules_13sb.px._.js:6255:21]
#15 16.32     at async transform (turbopack:///[turbopack-node]/transforms/postcss.ts:70:34) [/app/.next/build/chunks/[root-of-the-server]__0d-m0h0._.js:146:36]
#15 16.32     at async run (turbopack:///[turbopack-node]/child_process/evaluate.ts:89:23) [/app/.next/build/chunks/[root-of-the-server]__0ubbtyl._.js:443:31]
#15 16.32 
#15 16.32 Import trace:
#15 16.32   Server Component:
#15 16.32     ./src/components/ui/table.module.css
#15 16.32     ./src/components/ui/table.tsx
#15 16.32     ./src/app/dashboard/domains/[id]/page.tsx
#15 16.32 
#15 16.32 
#15 16.32 ./src/components/ui/toaster.module.css
#15 16.32 Error evaluating Node.js code
#15 16.32 CssSyntaxError: /app/src/components/ui/toaster.module.css:1:1: You cannot `@apply` the `grid` utility here because it creates a circular dependency.
#15 16.32     at Input.error (node_modules/postcss/lib/input.js:135:16) [/app/.next/build/chunks/node_modules_13sb.px._.js:4692:22]
#15 16.32     at error (node_modules/postcss/lib/node.js:146:32) [/app/.next/build/chunks/node_modules_13sb.px._.js:954:38]
#15 16.32     [at processApply (/app/node_modules/tailwindcss/lib/lib/expandApplyAtRules.js:443:32)]
#15 16.32     [at /app/node_modules/tailwindcss/lib/lib/expandApplyAtRules.js:551:9]
#15 16.32     [at /app/node_modules/tailwindcss/lib/processTailwindFeatures.js:55:50]
#15 16.32     [at process.processTicksAndRejections (node:internal/process/task_queues:103:5)]
#15 16.32     [at async plugins (/app/node_modules/tailwindcss/lib/plugin.js:38:17)]
#15 16.32     at async LazyResult.runAsync (node_modules/postcss/lib/lazy-result.js:293:11) [/app/.next/build/chunks/node_modules_13sb.px._.js:6255:21]
#15 16.32     at async transform (turbopack:///[turbopack-node]/transforms/postcss.ts:70:34) [/app/.next/build/chunks/[root-of-the-server]__0d-m0h0._.js:146:36]
#15 16.32     at async run (turbopack:///[turbopack-node]/child_process/evaluate.ts:89:23) [/app/.next/build/chunks/[root-of-the-server]__0ubbtyl._.js:443:31]
#15 16.32 
#15 16.32 Import trace:
#15 16.32   Server Component:
#15 16.32     ./src/components/ui/toaster.module.css
#15 16.32     ./src/components/ui/toaster.tsx
#15 16.32     ./src/app/layout.tsx
#15 16.32 
#15 16.32 
#15 16.32 ./src/components/user-nav.module.css
#15 16.32 Error evaluating Node.js code
#15 16.32 CssSyntaxError: /app/src/components/user-nav.module.css:18:3: The `animate-scale-in` class does not exist. If `animate-scale-in` is a custom class, make sure it is defined within a `@layer` directive.
#15 16.32     at Input.error (node_modules/postcss/lib/input.js:135:16) [/app/.next/build/chunks/node_modules_13sb.px._.js:4692:22]
#15 16.32     at error (node_modules/postcss/lib/node.js:146:32) [/app/.next/build/chunks/node_modules_13sb.px._.js:954:38]
#15 16.32     [at processApply (/app/node_modules/tailwindcss/lib/lib/expandApplyAtRules.js:380:29)]
#15 16.32     [at /app/node_modules/tailwindcss/lib/lib/expandApplyAtRules.js:551:9]
#15 16.32     [at /app/node_modules/tailwindcss/lib/processTailwindFeatures.js:55:50]
#15 16.32     [at process.processTicksAndRejections (node:internal/process/task_queues:103:5)]
#15 16.32     [at async plugins (/app/node_modules/tailwindcss/lib/plugin.js:38:17)]
#15 16.32     at async LazyResult.runAsync (node_modules/postcss/lib/lazy-result.js:293:11) [/app/.next/build/chunks/node_modules_13sb.px._.js:6255:21]
#15 16.32     at async transform (turbopack:///[turbopack-node]/transforms/postcss.ts:70:34) [/app/.next/build/chunks/[root-of-the-server]__0d-m0h0._.js:146:36]
#15 16.32     at async run (turbopack:///[turbopack-node]/child_process/evaluate.ts:89:23) [/app/.next/build/chunks/[root-of-the-server]__0ubbtyl._.js:443:31]
#15 16.32 
#15 16.32 Import traces:
#15 16.32   Client Component Browser:
#15 16.32     ./src/components/user-nav.module.css [Client Component Browser]
#15 16.32     ./src/components/user-nav.tsx [Client Component Browser]
#15 16.32     ./src/components/app-header.tsx [Client Component Browser]
#15 16.32     ./src/components/app-header.tsx [Server Component]
#15 16.32     ./src/app/dashboard/layout.tsx [Server Component]
#15 16.32 
#15 16.32   Client Component SSR:
#15 16.32     ./src/components/user-nav.module.css [Client Component SSR]
#15 16.32     ./src/components/user-nav.tsx [Client Component SSR]
#15 16.32     ./src/components/app-header.tsx [Client Component SSR]
#15 16.32     ./src/components/app-header.tsx [Server Component]
#15 16.32     ./src/app/dashboard/layout.tsx [Server Component]
#15 16.32 
#15 16.32 
#15 16.32 ./src/app/dashboard/accounts/page.tsx:2:1
#15 16.32 The "use client" directive must be placed before other expressions. Move it to the top of the file to resolve this issue.
#15 16.32   [90m1 |[0m [36mimport[0m styles [36mfrom[0m [32m'./page.module.css'[0m;
#15 16.32 [31m[1m>[0m [90m2 |[0m [32m"use client"[0m;
#15 16.32   [90m  |[0m [31m[1m^^^^^^^^^^^^^[0m
#15 16.32   [90m3 |[0m
#15 16.32   [90m4 |[0m [36mimport[0m [33mReact[0m, { useState, useEffect } [36mfrom[0m [32m'react'[0m;
#15 16.32   [90m5 |[0m [36mimport[0m { useRouter } [36mfrom[0m [32m'next/navigation'[0m;
#15 16.32 
#15 16.32 Ecmascript file had an error
#15 16.32 
#15 16.32 
#15 16.32 ./src/app/dashboard/admin/domains/[id]/page.tsx:2:1
#15 16.32 The "use client" directive must be placed before other expressions. Move it to the top of the file to resolve this issue.
#15 16.32   [90m1 |[0m [36mimport[0m styles [36mfrom[0m [32m'./page.module.css'[0m;
#15 16.32 [31m[1m>[0m [90m2 |[0m [32m"use client"[0m;
#15 16.32   [90m  |[0m [31m[1m^^^^^^^^^^^^^[0m
#15 16.32   [90m3 |[0m
#15 16.32   [90m4 |[0m [36mimport[0m { useEffect, useState } [36mfrom[0m [32m'react'[0m;
#15 16.32   [90m5 |[0m [36mimport[0m { useParams, useRouter } [36mfrom[0m [32m'next/navigation'[0m;
#15 16.32 
#15 16.32 Ecmascript file had an error
#15 16.32 
#15 16.32 
#15 16.32 ./src/app/dashboard/admin/domains/page.tsx:2:1
#15 16.32 The "use client" directive must be placed before other expressions. Move it to the top of the file to resolve this issue.
#15 16.32   [90m1 |[0m [36mimport[0m styles [36mfrom[0m [32m'./page.module.css'[0m;
#15 16.32 [31m[1m>[0m [90m2 |[0m [32m"use client"[0m;
#15 16.32   [90m  |[0m [31m[1m^^^^^^^^^^^^^[0m
#15 16.32   [90m3 |[0m
#15 16.32   [90m4 |[0m [36mimport[0m { useEffect, useMemo, useState } [36mfrom[0m [32m'react'[0m;
#15 16.32   [90m5 |[0m [36mimport[0m { [33mCheckCircle[0m, [33mGlobe[0m, [33mShield[0m, [33mUsers[0m, [33mXCircle[0m, [33mAlertCircle[0m } [36mfrom[0m [32m'lucide-react'[0m;
#15 16.32 
#15 16.32 Ecmascript file had an error
#15 16.32 
#15 16.32 
#15 16.32 ./src/app/dashboard/admin/page.tsx:2:1
#15 16.32 The "use client" directive must be placed before other expressions. Move it to the top of the file to resolve this issue.
#15 16.32   [90m1 |[0m [36mimport[0m styles [36mfrom[0m [32m'./page.module.css'[0m;
#15 16.32 [31m[1m>[0m [90m2 |[0m [32m"use client"[0m;
#15 16.32   [90m  |[0m [31m[1m^^^^^^^^^^^^^[0m
#15 16.32   [90m3 |[0m
#15 16.32   [90m4 |[0m [36mimport[0m { useEffect, useState } [36mfrom[0m [32m'react'[0m;
#15 16.32   [90m5 |[0m [36mimport[0m { [33mUsers[0m, [33mGlobe[0m, [33mShield[0m, [33mActivity[0m } [36mfrom[0m [32m'lucide-react'[0m;
#15 16.32 
#15 16.32 Ecmascript file had an error
#15 16.32 
#15 16.32 
#15 16.32 ./src/app/dashboard/admin/server-dns/page.tsx:2:1
#15 16.32 The "use client" directive must be placed before other expressions. Move it to the top of the file to resolve this issue.
#15 16.32   [90m1 |[0m [36mimport[0m styles [36mfrom[0m [32m'./page.module.css'[0m;
#15 16.32 [31m[1m>[0m [90m2 |[0m [32m"use client"[0m;
#15 16.32   [90m  |[0m [31m[1m^^^^^^^^^^^^^[0m
#15 16.32   [90m3 |[0m
#15 16.32   [90m4 |[0m [36mimport[0m { useEffect, useMemo, useState } [36mfrom[0m [32m"react"[0m;
#15 16.32   [90m5 |[0m [36mimport[0m { [33mAlertTriangle[0m, [33mCheckCircle2[0m, [33mCopy[0m, [33mDownload[0m, [33mRefreshCw[0m, [33mShieldAlert[0m, [33mShieldCheck[0m, [33m...[0m
#15 16.32 
#15 16.32 Ecmascript file had an error
#15 16.32 
#15 16.32 
#15 16.32 ./src/app/dashboard/admin/server/page.tsx:2:1
#15 16.32 The "use client" directive must be placed before other expressions. Move it to the top of the file to resolve this issue.
#15 16.32   [90m1 |[0m [36mimport[0m styles [36mfrom[0m [32m'./page.module.css'[0m;
#15 16.32 [31m[1m>[0m [90m2 |[0m [32m"use client"[0m;
#15 16.32   [90m  |[0m [31m[1m^^^^^^^^^^^^^[0m
#15 16.32   [90m3 |[0m
#15 16.32   [90m4 |[0m [36mimport[0m { useEffect, useState } [36mfrom[0m [32m'react'[0m;
#15 16.32   [90m5 |[0m [36mimport[0m { [33mCard[0m, [33mCardHeader[0m, [33mCardTitle[0m, [33mCardContent[0m, [33mCardDescription[0m } [36mfrom[0m [32m'@/components/ui/...[0m
#15 16.32 
#15 16.32 Ecmascript file had an error
#15 16.32 
#15 16.32 
#15 16.32 ./src/app/dashboard/admin/users/page.tsx:2:1
#15 16.32 The "use client" directive must be placed before other expressions. Move it to the top of the file to resolve this issue.
#15 16.32   [90m1 |[0m [36mimport[0m styles [36mfrom[0m [32m'./page.module.css'[0m;
#15 16.32 [31m[1m>[0m [90m2 |[0m [32m"use client"[0m;
#15 16.32   [90m  |[0m [31m[1m^^^^^^^^^^^^^[0m
#15 16.32   [90m3 |[0m
#15 16.32   [90m4 |[0m [36mimport[0m { useEffect } [36mfrom[0m [32m'react'[0m;
#15 16.32   [90m5 |[0m [36mimport[0m { useRouter } [36mfrom[0m [32m'next/navigation'[0m;
#15 16.32 
#15 16.32 Ecmascript file had an error
#15 16.32 
#15 16.32 
#15 16.32 ./src/app/dashboard/archive/page.tsx:2:1
#15 16.32 The "use client" directive must be placed before other expressions. Move it to the top of the file to resolve this issue.
#15 16.32   [90m1 |[0m [36mimport[0m styles [36mfrom[0m [32m'./page.module.css'[0m;
#15 16.32 [31m[1m>[0m [90m2 |[0m [32m'use client'[0m;
#15 16.32   [90m  |[0m [31m[1m^^^^^^^^^^^^^[0m
#15 16.32   [90m3 |[0m
#15 16.32   [90m4 |[0m [36mimport[0m { useEffect, useState, useMemo } [36mfrom[0m [32m'react'[0m;
#15 16.32   [90m5 |[0m [36mimport[0m { [33mArchive[0m, [33mInbox[0m, [33mTrash2[0m, [33mClock[0m } [36mfrom[0m [32m'lucide-react'[0m;
#15 16.32 
#15 16.32 Ecmascript file had an error
#15 16.32 
#15 16.32 
#15 16.32 ./src/app/dashboard/billing/page.tsx:2:1
#15 16.32 The "use client" directive must be placed before other expressions. Move it to the top of the file to resolve this issue.
#15 16.32   [90m1 |[0m [36mimport[0m styles [36mfrom[0m [32m'./page.module.css'[0m;
#15 16.32 [31m[1m>[0m [90m2 |[0m [32m'use client'[0m;
#15 16.32   [90m  |[0m [31m[1m^^^^^^^^^^^^^[0m
#15 16.32   [90m3 |[0m
#15 16.32   [90m4 |[0m [36mimport[0m { useEffect, useState } [36mfrom[0m [32m'react'[0m;
#15 16.32   [90m5 |[0m [36mimport[0m { [33mGlobe[0m, [33mUsers[0m, [33mMail[0m, [33mHardDrive[0m, [33mCheckCircle[0m, [33mArrowUpCircle[0m } [36mfrom[0m [32m'lucide-react'[0m;
#15 16.32 
#15 16.32 Ecmascript file had an error
#15 16.32 
#15 16.32 
#15 16.32 ./src/app/dashboard/compose/page.tsx:2:1
#15 16.32 The "use client" directive must be placed before other expressions. Move it to the top of the file to resolve this issue.
#15 16.32   [90m1 |[0m [36mimport[0m styles [36mfrom[0m [32m'./page.module.css'[0m;
#15 16.32 [31m[1m>[0m [90m2 |[0m [32m"use client"[0m;
#15 16.32   [90m  |[0m [31m[1m^^^^^^^^^^^^^[0m
#15 16.32   [90m3 |[0m
#15 16.32   [90m4 |[0m [36mimport[0m { useState, useEffect, useRef, [33mSuspense[0m } [36mfrom[0m [32m'react'[0m;
#15 16.32   [90m5 |[0m [36mimport[0m { useRouter, useSearchParams } [36mfrom[0m [32m'next/navigation'[0m;
#15 16.32 
#15 16.32 Ecmascript file had an error
#15 16.32 
#15 16.32 
#15 16.32 ./src/app/dashboard/developer/page.tsx:2:1
#15 16.32 The "use client" directive must be placed before other expressions. Move it to the top of the file to resolve this issue.
#15 16.32   [90m1 |[0m [36mimport[0m styles [36mfrom[0m [32m'./page.module.css'[0m;
#15 16.32 [31m[1m>[0m [90m2 |[0m [32m'use client'[0m;
#15 16.32   [90m  |[0m [31m[1m^^^^^^^^^^^^^[0m
#15 16.32   [90m3 |[0m
#15 16.32   [90m4 |[0m [36mimport[0m { useEffect, useState } [36mfrom[0m [32m'react'[0m;
#15 16.32   [90m5 |[0m [36mimport[0m { [33mKey[0m, [33mPlus[0m, [33mTrash2[0m, [33mCopy[0m, [33mEye[0m, [33mEyeOff[0m, [33mCheckCircle[0m, [33mMail[0m } [36mfrom[0m [32m'lucide-react'[0m;
#15 16.32 
#15 16.32 Ecmascript file had an error
#15 16.32 
#15 16.32 
#15 16.32 ./src/app/dashboard/domains/[id]/page.tsx:2:1
#15 16.32 The "use client" directive must be placed before other expressions. Move it to the top of the file to resolve this issue.
#15 16.32   [90m1 |[0m [36mimport[0m styles [36mfrom[0m [32m'./page.module.css'[0m;
#15 16.32 [31m[1m>[0m [90m2 |[0m [32m"use client"[0m;
#15 16.32   [90m  |[0m [31m[1m^^^^^^^^^^^^^[0m
#15 16.32   [90m3 |[0m
#15 16.32   [90m4 |[0m [36mimport[0m { useEffect, useMemo, useState } [36mfrom[0m [32m"react"[0m;
#15 16.32   [90m5 |[0m [36mimport[0m { useParams, useRouter } [36mfrom[0m [32m"next/navigation"[0m;
#15 16.32 
#15 16.32 Ecmascript file had an error
#15 16.32 
#15 16.32 
#15 16.32 ./src/app/dashboard/domains/page.tsx:2:1
#15 16.32 The "use client" directive must be placed before other expressions. Move it to the top of the file to resolve this issue.
#15 16.32   [90m1 |[0m [36mimport[0m styles [36mfrom[0m [32m'./page.module.css'[0m;
#15 16.32 [31m[1m>[0m [90m2 |[0m [32m"use client"[0m;
#15 16.32   [90m  |[0m [31m[1m^^^^^^^^^^^^^[0m
#15 16.32   [90m3 |[0m
#15 16.32   [90m4 |[0m [36mimport[0m { [33mPlusCircle[0m, [33mGlobe[0m } [36mfrom[0m [32m'lucide-react'[0m;
#15 16.32   [90m5 |[0m [36mimport[0m { useCallback, useEffect, useState } [36mfrom[0m [32m'react'[0m;
#15 16.32 
#15 16.32 Ecmascript file had an error
#15 16.32 
#15 16.32 
#15 16.32 ./src/app/dashboard/drafts/page.tsx:2:1
#15 16.32 The "use client" directive must be placed before other expressions. Move it to the top of the file to resolve this issue.
#15 16.32   [90m1 |[0m [36mimport[0m styles [36mfrom[0m [32m'./page.module.css'[0m;
#15 16.32 [31m[1m>[0m [90m2 |[0m [32m'use client'[0m;
#15 16.32   [90m  |[0m [31m[1m^^^^^^^^^^^^^[0m
#15 16.32   [90m3 |[0m
#15 16.32   [90m4 |[0m [36mimport[0m { useEffect, useState, useMemo } [36mfrom[0m [32m'react'[0m;
#15 16.32   [90m5 |[0m [36mimport[0m { useRouter } [36mfrom[0m [32m'next/navigation'[0m;
#15 16.32 
#15 16.32 Ecmascript file had an error
#15 16.32 
#15 16.32 
#15 16.32 ./src/app/dashboard/inbox/[id]/page.tsx:2:1
#15 16.32 The "use client" directive must be placed before other expressions. Move it to the top of the file to resolve this issue.
#15 16.32   [90m1 |[0m [36mimport[0m styles [36mfrom[0m [32m'./page.module.css'[0m;
#15 16.32 [31m[1m>[0m [90m2 |[0m [32m'use client'[0m;
#15 16.32   [90m  |[0m [31m[1m^^^^^^^^^^^^^[0m
#15 16.32   [90m3 |[0m
#15 16.32   [90m4 |[0m [36mimport[0m { useEffect, useState } [36mfrom[0m [32m'react'[0m;
#15 16.32   [90m5 |[0m [36mimport[0m { useRouter, useParams } [36mfrom[0m [32m'next/navigation'[0m;
#15 16.32 
#15 16.32 Ecmascript file had an error
#15 16.32 
#15 16.32 
#15 16.32 ./src/app/dashboard/inbox/page.tsx:2:1
#15 16.32 The "use client" directive must be placed before other expressions. Move it to the top of the file to resolve this issue.
#15 16.32   [90m1 |[0m [36mimport[0m styles [36mfrom[0m [32m'./page.module.css'[0m;
#15 16.32 [31m[1m>[0m [90m2 |[0m [32m'use client'[0m;
#15 16.32   [90m  |[0m [31m[1m^^^^^^^^^^^^^[0m
#15 16.32   [90m3 |[0m
#15 16.32   [90m4 |[0m [36mimport[0m { useEffect, useState, useMemo } [36mfrom[0m [32m'react'[0m;
#15 16.32   [90m5 |[0m [36mimport[0m { useRouter } [36mfrom[0m [32m'next/navigation'[0m;
#15 16.32 
#15 16.32 Ecmascript file had an error
#15 16.32 
#15 16.32 
#15 16.32 ./src/app/dashboard/page.tsx:2:1
#15 16.32 The "use client" directive must be placed before other expressions. Move it to the top of the file to resolve this issue.
#15 16.32   [90m1 |[0m [36mimport[0m styles [36mfrom[0m [32m'./page.module.css'[0m;
#15 16.32 [31m[1m>[0m [90m2 |[0m [32m"use client"[0m;
#15 16.32   [90m  |[0m [31m[1m^^^^^^^^^^^^^[0m
#15 16.32   [90m3 |[0m
#15 16.32   [90m4 |[0m [36mimport[0m { useEffect, useState } [36mfrom[0m [32m'react'[0m;
#15 16.32   [90m5 |[0m
#15 16.32 
#15 16.32 Ecmascript file had an error
#15 16.32 
#15 16.32 
#15 16.32 ./src/app/dashboard/profile/page.tsx:2:1
#15 16.32 The "use client" directive must be placed before other expressions. Move it to the top of the file to resolve this issue.
#15 16.32   [90m1 |[0m [36mimport[0m styles [36mfrom[0m [32m'./page.module.css'[0m;
#15 16.32 [31m[1m>[0m [90m2 |[0m [32m'use client'[0m;
#15 16.32   [90m  |[0m [31m[1m^^^^^^^^^^^^^[0m
#15 16.32   [90m3 |[0m
#15 16.32   [90m4 |[0m [36mimport[0m { useEffect, useState } [36mfrom[0m [32m'react'[0m;
#15 16.32   [90m5 |[0m [36mimport[0m { [33mShield[0m, [33mCalendar[0m, [33mSave[0m, [33mLock[0m, [33mCheckCircle2[0m, [33mAlertCircle[0m } [36mfrom[0m [32m'lucide-react'[0m;
#15 16.32 
#15 16.32 Ecmascript file had an error
#15 16.32 
#15 16.32 
#15 16.32 ./src/app/dashboard/sent/page.tsx:2:1
#15 16.32 The "use client" directive must be placed before other expressions. Move it to the top of the file to resolve this issue.
#15 16.32   [90m1 |[0m [36mimport[0m styles [36mfrom[0m [32m'./page.module.css'[0m;
#15 16.32 [31m[1m>[0m [90m2 |[0m [32m'use client'[0m;
#15 16.32   [90m  |[0m [31m[1m^^^^^^^^^^^^^[0m
#15 16.32   [90m3 |[0m
#15 16.32   [90m4 |[0m [36mimport[0m { useEffect, useState, useMemo } [36mfrom[0m [32m'react'[0m;
#15 16.32   [90m5 |[0m [36mimport[0m { [33mSend[0m, [33mSearch[0m, [33mArrowLeft[0m, [33mTrash2[0m, [33mStar[0m } [36mfrom[0m [32m"lucide-react"[0m;
#15 16.32 
#15 16.32 Ecmascript file had an error
#15 16.32 
#15 16.32 
#15 16.32 ./src/app/dashboard/settings/page.tsx:2:1
#15 16.32 The "use client" directive must be placed before other expressions. Move it to the top of the file to resolve this issue.
#15 16.32   [90m1 |[0m [36mimport[0m styles [36mfrom[0m [32m'./page.module.css'[0m;
#15 16.32 [31m[1m>[0m [90m2 |[0m [32m'use client'[0m;
#15 16.32   [90m  |[0m [31m[1m^^^^^^^^^^^^^[0m
#15 16.32   [90m3 |[0m
#15 16.32   [90m4 |[0m [36mimport[0m { useEffect, useState } [36mfrom[0m [32m'react'[0m;
#15 16.32   [90m5 |[0m [36mimport[0m { useRouter } [36mfrom[0m [32m'next/navigation'[0m;
#15 16.32 
#15 16.32 Ecmascript file had an error
#15 16.32 
#15 16.32 
#15 16.32 ./src/app/dashboard/spam/page.tsx:2:1
#15 16.32 The "use client" directive must be placed before other expressions. Move it to the top of the file to resolve this issue.
#15 16.32   [90m1 |[0m [36mimport[0m styles [36mfrom[0m [32m'./page.module.css'[0m;
#15 16.32 [31m[1m>[0m [90m2 |[0m [32m'use client'[0m;
#15 16.32   [90m  |[0m [31m[1m^^^^^^^^^^^^^[0m
#15 16.32   [90m3 |[0m
#15 16.32   [90m4 |[0m [36mimport[0m { useEffect, useState, useMemo } [36mfrom[0m [32m'react'[0m;
#15 16.32   [90m5 |[0m [36mimport[0m { [33mShield[0m, [33mInbox[0m, [33mTrash2[0m, [33mClock[0m } [36mfrom[0m [32m'lucide-react'[0m;
#15 16.32 
#15 16.32 Ecmascript file had an error
#15 16.32 
#15 16.32 
#15 16.32 ./src/app/dashboard/teams/page.tsx:2:1
#15 16.32 The "use client" directive must be placed before other expressions. Move it to the top of the file to resolve this issue.
#15 16.32   [90m1 |[0m [36mimport[0m styles [36mfrom[0m [32m'./page.module.css'[0m;
#15 16.32 [31m[1m>[0m [90m2 |[0m [32m'use client'[0m;
#15 16.32   [90m  |[0m [31m[1m^^^^^^^^^^^^^[0m
#15 16.32   [90m3 |[0m
#15 16.32   [90m4 |[0m [36mimport[0m { useEffect, useState } [36mfrom[0m [32m'react'[0m;
#15 16.32   [90m5 |[0m [36mimport[0m { [33mUsers[0m, [33mPlus[0m, [33mTrash2[0m, [33mUserPlus[0m, [33mCrown[0m, [33mShield[0m, [33mUser[0m } [36mfrom[0m [32m'lucide-react'[0m;
#15 16.32 
#15 16.32 Ecmascript file had an error
#15 16.32 
#15 16.32 
#15 16.32 ./src/app/dashboard/trash/page.tsx:2:1
#15 16.32 The "use client" directive must be placed before other expressions. Move it to the top of the file to resolve this issue.
#15 16.32   [90m1 |[0m [36mimport[0m styles [36mfrom[0m [32m'./page.module.css'[0m;
#15 16.32 [31m[1m>[0m [90m2 |[0m [32m'use client'[0m;
#15 16.32   [90m  |[0m [31m[1m^^^^^^^^^^^^^[0m
#15 16.32   [90m3 |[0m
#15 16.32   [90m4 |[0m [36mimport[0m { useEffect, useState, useMemo } [36mfrom[0m [32m'react'[0m;
#15 16.32   [90m5 |[0m [36mimport[0m { [33mTrash2[0m, [33mRotateCcw[0m, [33mClock[0m } [36mfrom[0m [32m'lucide-react'[0m;
#15 16.32 
#15 16.32 Ecmascript file had an error
#15 16.32 
#15 16.32 
#15 16.32 ./src/app/forgot-password/page.tsx:2:1
#15 16.32 The "use client" directive must be placed before other expressions. Move it to the top of the file to resolve this issue.
#15 16.32   [90m1 |[0m [36mimport[0m styles [36mfrom[0m [32m'./page.module.css'[0m;
#15 16.32 [31m[1m>[0m [90m2 |[0m [32m"use client"[0m;
#15 16.32   [90m  |[0m [31m[1m^^^^^^^^^^^^^[0m
#15 16.32   [90m3 |[0m
#15 16.32   [90m4 |[0m [36mimport[0m [33mLink[0m [36mfrom[0m [32m'next/link'[0m;
#15 16.32   [90m5 |[0m [36mimport[0m { useState } [36mfrom[0m [32m'react'[0m;
#15 16.32 
#15 16.32 Ecmascript file had an error
#15 16.32 
#15 16.32 
#15 16.32 ./src/app/page.tsx:2:1
#15 16.32 The "use client" directive must be placed before other expressions. Move it to the top of the file to resolve this issue.
#15 16.32   [90m1 |[0m [36mimport[0m styles [36mfrom[0m [32m'./page.module.css'[0m;
#15 16.32 [31m[1m>[0m [90m2 |[0m [32m"use client"[0m;
#15 16.32   [90m  |[0m [31m[1m^^^^^^^^^^^^^[0m
#15 16.32   [90m3 |[0m
#15 16.32   [90m4 |[0m [36mimport[0m [33mLink[0m [36mfrom[0m [32m'next/link'[0m;
#15 16.32   [90m5 |[0m [36mimport[0m { useState, useEffect } [36mfrom[0m [32m'react'[0m;
#15 16.32 
#15 16.32 Ecmascript file had an error
#15 16.32 
#15 16.32 
#15 16.32 ./src/app/register/page.tsx:2:1
#15 16.32 The "use client" directive must be placed before other expressions. Move it to the top of the file to resolve this issue.
#15 16.32   [90m1 |[0m [36mimport[0m styles [36mfrom[0m [32m'./page.module.css'[0m;
#15 16.32 [31m[1m>[0m [90m2 |[0m [32m"use client"[0m;
#15 16.32   [90m  |[0m [31m[1m^^^^^^^^^^^^^[0m
#15 16.32   [90m3 |[0m
#15 16.32   [90m4 |[0m [36mimport[0m [33mLink[0m [36mfrom[0m [32m'next/link'[0m;
#15 16.32   [90m5 |[0m [36mimport[0m { useState, useEffect } [36mfrom[0m [32m'react'[0m;
#15 16.32 
#15 16.32 Ecmascript file had an error
#15 16.32 
#15 16.32 
#15 16.32 ./src/app/reset-password/page.tsx:2:1
#15 16.32 The "use client" directive must be placed before other expressions. Move it to the top of the file to resolve this issue.
#15 16.32   [90m1 |[0m [36mimport[0m styles [36mfrom[0m [32m'./page.module.css'[0m;
#15 16.32 [31m[1m>[0m [90m2 |[0m [32m"use client"[0m;
#15 16.32   [90m  |[0m [31m[1m^^^^^^^^^^^^^[0m
#15 16.32   [90m3 |[0m
#15 16.32   [90m4 |[0m [36mimport[0m [33mLink[0m [36mfrom[0m [32m'next/link'[0m;
#15 16.32   [90m5 |[0m [36mimport[0m { useState, useEffect, [33mSuspense[0m } [36mfrom[0m [32m'react'[0m;
#15 16.32 
#15 16.32 Ecmascript file had an error
#15 16.32 
#15 16.32 
#15 16.32 ./src/app/verify-email/page.tsx:2:1
#15 16.32 The "use client" directive must be placed before other expressions. Move it to the top of the file to resolve this issue.
#15 16.32   [90m1 |[0m [36mimport[0m styles [36mfrom[0m [32m'./page.module.css'[0m;
#15 16.32 [31m[1m>[0m [90m2 |[0m [32m"use client"[0m;
#15 16.32   [90m  |[0m [31m[1m^^^^^^^^^^^^^[0m
#15 16.32   [90m3 |[0m
#15 16.32   [90m4 |[0m [36mimport[0m { [33mSuspense[0m, useEffect, useState } [36mfrom[0m [32m'react'[0m;
#15 16.32   [90m5 |[0m [36mimport[0m { useRouter, useSearchParams } [36mfrom[0m [32m'next/navigation'[0m;
#15 16.32 
#15 16.32 Ecmascript file had an error
#15 16.32 
#15 16.32 
#15 16.32 ./src/components/bulk-action-bar.tsx:2:1
#15 16.32 The "use client" directive must be placed before other expressions. Move it to the top of the file to resolve this issue.
#15 16.32   [90m1 |[0m [36mimport[0m styles [36mfrom[0m [32m'./bulk-action-bar.module.css'[0m;
#15 16.32 [31m[1m>[0m [90m2 |[0m [32m'use client'[0m;
#15 16.32   [90m  |[0m [31m[1m^^^^^^^^^^^^^[0m
#15 16.32   [90m3 |[0m
#15 16.32   [90m4 |[0m [36mimport[0m { [33mReactNode[0m } [36mfrom[0m [32m'react'[0m;
#15 16.32   [90m5 |[0m [36mimport[0m { [33mX[0m } [36mfrom[0m [32m'lucide-react'[0m;
#15 16.32 
#15 16.32 Ecmascript file had an error
#15 16.32 
#15 16.32 Import trace:
#15 16.32   Server Component:
#15 16.32     ./src/components/bulk-action-bar.tsx
#15 16.32     ./src/app/dashboard/trash/page.tsx
#15 16.32 
#15 16.32 
#15 16.32 ./src/components/main-nav.tsx:2:1
#15 16.32 The "use client" directive must be placed before other expressions. Move it to the top of the file to resolve this issue.
#15 16.32   [90m1 |[0m [36mimport[0m styles [36mfrom[0m [32m'./main-nav.module.css'[0m;
#15 16.32 [31m[1m>[0m [90m2 |[0m [32m'use client'[0m;
#15 16.32   [90m  |[0m [31m[1m^^^^^^^^^^^^^[0m
#15 16.32   [90m3 |[0m
#15 16.32   [90m4 |[0m [36mimport[0m [33mLink[0m [36mfrom[0m [32m'next/link'[0m;
#15 16.32   [90m5 |[0m [36mimport[0m { usePathname } [36mfrom[0m [32m'next/navigation'[0m;
#15 16.32 
#15 16.32 Ecmascript file had an error
#15 16.32 
#15 16.32 Import trace:
#15 16.32   Server Component:
#15 16.32     ./src/components/main-nav.tsx
#15 16.32     ./src/app/dashboard/layout.tsx
#15 16.32 
#15 16.32 
#15 16.32 ./src/components/ui/checkbox.tsx:2:1
#15 16.32 The "use client" directive must be placed before other expressions. Move it to the top of the file to resolve this issue.
#15 16.32   [90m1 |[0m [36mimport[0m styles [36mfrom[0m [32m'./checkbox.module.css'[0m;
#15 16.32 [31m[1m>[0m [90m2 |[0m [32m"use client"[0m
#15 16.32   [90m  |[0m [31m[1m^^^^^^^^^^^^[0m
#15 16.32   [90m3 |[0m
#15 16.32   [90m4 |[0m [36mimport[0m * [36mas[0m [33mReact[0m [36mfrom[0m [32m"react"[0m
#15 16.32   [90m5 |[0m [36mimport[0m * [36mas[0m [33mCheckboxPrimitive[0m [36mfrom[0m [32m"@radix-ui/react-checkbox"[0m
#15 16.32 
#15 16.32 Ecmascript file had an error
#15 16.32 
#15 16.32 Import trace:
#15 16.32   Server Component:
#15 16.32     ./src/components/ui/checkbox.tsx
#15 16.32     ./src/app/dashboard/trash/page.tsx
#15 16.32 
#15 16.32 
#15 16.32 ./src/components/ui/dialog.tsx:2:1
#15 16.32 The "use client" directive must be placed before other expressions. Move it to the top of the file to resolve this issue.
#15 16.32   [90m1 |[0m [36mimport[0m styles [36mfrom[0m [32m'./dialog.module.css'[0m;
#15 16.32 [31m[1m>[0m [90m2 |[0m [32m"use client"[0m
#15 16.32   [90m  |[0m [31m[1m^^^^^^^^^^^^[0m
#15 16.32   [90m3 |[0m
#15 16.32   [90m4 |[0m [36mimport[0m * [36mas[0m [33mReact[0m [36mfrom[0m [32m"react"[0m
#15 16.32   [90m5 |[0m [36mimport[0m * [36mas[0m [33mDialogPrimitive[0m [36mfrom[0m [32m"@radix-ui/react-dialog"[0m
#15 16.32 
#15 16.32 Ecmascript file had an error
#15 16.32 
#15 16.32 Import trace:
#15 16.32   Server Component:
#15 16.32     ./src/components/ui/dialog.tsx
#15 16.32     ./src/app/dashboard/teams/page.tsx
#15 16.32 
#15 16.32 
#15 16.32 ./src/components/ui/dropdown-menu.tsx:2:1
#15 16.32 The "use client" directive must be placed before other expressions. Move it to the top of the file to resolve this issue.
#15 16.32   [90m1 |[0m [36mimport[0m styles [36mfrom[0m [32m'./dropdown-menu.module.css'[0m;
#15 16.32 [31m[1m>[0m [90m2 |[0m [32m"use client"[0m
#15 16.32   [90m  |[0m [31m[1m^^^^^^^^^^^^[0m
#15 16.32   [90m3 |[0m
#15 16.32   [90m4 |[0m [36mimport[0m * [36mas[0m [33mReact[0m [36mfrom[0m [32m"react"[0m
#15 16.32   [90m5 |[0m [36mimport[0m * [36mas[0m [33mDropdownMenuPrimitive[0m [36mfrom[0m [32m"@radix-ui/react-dropdown-menu"[0m
#15 16.32 
#15 16.32 Ecmascript file had an error
#15 16.32 
#15 16.32 Import traces:
#15 16.32   Client Component Browser:
#15 16.32     ./src/components/ui/dropdown-menu.tsx [Client Component Browser]
#15 16.32     ./src/components/user-nav.tsx [Client Component Browser]
#15 16.32     ./src/components/app-header.tsx [Client Component Browser]
#15 16.32     ./src/components/app-header.tsx [Server Component]
#15 16.32     ./src/app/dashboard/layout.tsx [Server Component]
#15 16.32 
#15 16.32   Client Component SSR:
#15 16.32     ./src/components/ui/dropdown-menu.tsx [Client Component SSR]
#15 16.32     ./src/components/user-nav.tsx [Client Component SSR]
#15 16.32     ./src/components/app-header.tsx [Client Component SSR]
#15 16.32     ./src/components/app-header.tsx [Server Component]
#15 16.32     ./src/app/dashboard/layout.tsx [Server Component]
#15 16.32 
#15 16.32 
#15 16.32 ./src/components/ui/select.tsx:2:1
#15 16.32 The "use client" directive must be placed before other expressions. Move it to the top of the file to resolve this issue.
#15 16.32   [90m1 |[0m [36mimport[0m styles [36mfrom[0m [32m'./select.module.css'[0m;
#15 16.32 [31m[1m>[0m [90m2 |[0m [32m"use client"[0m
#15 16.32   [90m  |[0m [31m[1m^^^^^^^^^^^^[0m
#15 16.32   [90m3 |[0m
#15 16.32   [90m4 |[0m [36mimport[0m * [36mas[0m [33mReact[0m [36mfrom[0m [32m"react"[0m
#15 16.32   [90m5 |[0m [36mimport[0m * [36mas[0m [33mSelectPrimitive[0m [36mfrom[0m [32m"@radix-ui/react-select"[0m
#15 16.32 
#15 16.32 Ecmascript file had an error
#15 16.32 
#15 16.32 Import trace:
#15 16.32   Server Component:
#15 16.32     ./src/components/ui/select.tsx
#15 16.32     ./src/app/dashboard/inbox/page.tsx
#15 16.32 
#15 16.32 
#15 16.32 ./src/components/ui/sheet.tsx:2:1
#15 16.32 The "use client" directive must be placed before other expressions. Move it to the top of the file to resolve this issue.
#15 16.32   [90m1 |[0m [36mimport[0m styles [36mfrom[0m [32m'./sheet.module.css'[0m;
#15 16.32 [31m[1m>[0m [90m2 |[0m [32m"use client"[0m
#15 16.32   [90m  |[0m [31m[1m^^^^^^^^^^^^[0m
#15 16.32   [90m3 |[0m
#15 16.32   [90m4 |[0m [36mimport[0m * [36mas[0m [33mReact[0m [36mfrom[0m [32m"react"[0m
#15 16.32   [90m5 |[0m [36mimport[0m * [36mas[0m [33mSheetPrimitive[0m [36mfrom[0m [32m"@radix-ui/react-dialog"[0m
#15 16.32 
#15 16.32 Ecmascript file had an error
#15 16.32 
#15 16.32 Import traces:
#15 16.32   Server Component:
#15 16.32     ./src/components/ui/sheet.tsx
#15 16.32     ./src/components/ui/sidebar.tsx
#15 16.32     ./src/app/dashboard/layout.tsx
#15 16.32 
#15 16.32   Client Component Browser:
#15 16.32     ./src/components/ui/sheet.tsx [Client Component Browser]
#15 16.32     ./src/components/ui/sidebar.tsx [Client Component Browser]
#15 16.32     ./src/components/app-header.tsx [Client Component Browser]
#15 16.32     ./src/components/app-header.tsx [Server Component]
#15 16.32     ./src/app/dashboard/layout.tsx [Server Component]
#15 16.32 
#15 16.32   Client Component SSR:
#15 16.32     ./src/components/ui/sheet.tsx [Client Component SSR]
#15 16.32     ./src/components/ui/sidebar.tsx [Client Component SSR]
#15 16.32     ./src/components/app-header.tsx [Client Component SSR]
#15 16.32     ./src/components/app-header.tsx [Server Component]
#15 16.32     ./src/app/dashboard/layout.tsx [Server Component]
#15 16.32 
#15 16.32 
#15 16.32 ./src/components/ui/sidebar.tsx:2:1
#15 16.32 The "use client" directive must be placed before other expressions. Move it to the top of the file to resolve this issue.
#15 16.32   [90m1 |[0m [36mimport[0m styles [36mfrom[0m [32m'./sidebar.module.css'[0m;
#15 16.32 [31m[1m>[0m [90m2 |[0m [32m"use client"[0m
#15 16.32   [90m  |[0m [31m[1m^^^^^^^^^^^^[0m
#15 16.32   [90m3 |[0m
#15 16.32   [90m4 |[0m [36mimport[0m * [36mas[0m [33mReact[0m [36mfrom[0m [32m"react"[0m
#15 16.32   [90m5 |[0m [36mimport[0m { [33mSlot[0m } [36mfrom[0m [32m"@radix-ui/react-slot"[0m
#15 16.32 
#15 16.32 Ecmascript file had an error
#15 16.32 
#15 16.32 Import traces:
#15 16.32   Server Component:
#15 16.32     ./src/components/ui/sidebar.tsx
#15 16.32     ./src/app/dashboard/layout.tsx
#15 16.32 
#15 16.32   Client Component Browser:
#15 16.32     ./src/components/ui/sidebar.tsx [Client Component Browser]
#15 16.32     ./src/components/app-header.tsx [Client Component Browser]
#15 16.32     ./src/components/app-header.tsx [Server Component]
#15 16.32     ./src/app/dashboard/layout.tsx [Server Component]
#15 16.32 
#15 16.32   Client Component SSR:
#15 16.32     ./src/components/ui/sidebar.tsx [Client Component SSR]
#15 16.32     ./src/components/app-header.tsx [Client Component SSR]
#15 16.32     ./src/components/app-header.tsx [Server Component]
#15 16.32     ./src/app/dashboard/layout.tsx [Server Component]
#15 16.32 
#15 16.32 
#15 16.32 ./src/components/ui/toast.tsx:2:1
#15 16.32 The "use client" directive must be placed before other expressions. Move it to the top of the file to resolve this issue.
#15 16.32   [90m1 |[0m [36mimport[0m styles [36mfrom[0m [32m'./toast.module.css'[0m;
#15 16.32 [31m[1m>[0m [90m2 |[0m [32m"use client"[0m
#15 16.32   [90m  |[0m [31m[1m^^^^^^^^^^^^[0m
#15 16.32   [90m3 |[0m
#15 16.32   [90m4 |[0m [36mimport[0m * [36mas[0m [33mReact[0m [36mfrom[0m [32m"react"[0m
#15 16.32   [90m5 |[0m [36mimport[0m * [36mas[0m [33mToastPrimitives[0m [36mfrom[0m [32m"@radix-ui/react-toast"[0m
#15 16.32 
#15 16.32 Ecmascript file had an error
#15 16.32 
#15 16.32 Import trace:
#15 16.32   Server Component:
#15 16.32     ./src/components/ui/toast.tsx
#15 16.32     ./src/components/ui/toaster.tsx
#15 16.32     ./src/app/layout.tsx
#15 16.32 
#15 16.32 
#15 16.32 ./src/components/ui/toaster.tsx:2:1
#15 16.32 The "use client" directive must be placed before other expressions. Move it to the top of the file to resolve this issue.
#15 16.32   [90m1 |[0m [36mimport[0m styles [36mfrom[0m [32m'./toaster.module.css'[0m;
#15 16.32 [31m[1m>[0m [90m2 |[0m [32m"use client"[0m
#15 16.32   [90m  |[0m [31m[1m^^^^^^^^^^^^[0m
#15 16.32   [90m3 |[0m
#15 16.32   [90m4 |[0m [36mimport[0m { useToast } [36mfrom[0m [32m"@/hooks/use-toast"[0m
#15 16.32   [90m5 |[0m [36mimport[0m {
#15 16.32 
#15 16.32 Ecmascript file had an error
#15 16.32 
#15 16.32 Import trace:
#15 16.32   Server Component:
#15 16.32     ./src/components/ui/toaster.tsx
#15 16.32     ./src/app/layout.tsx
#15 16.32 
#15 16.32 
#15 16.32 ./src/components/user-nav.tsx:2:1
#15 16.32 The "use client" directive must be placed before other expressions. Move it to the top of the file to resolve this issue.
#15 16.32   [90m1 |[0m [36mimport[0m styles [36mfrom[0m [32m'./user-nav.module.css'[0m;
#15 16.32 [31m[1m>[0m [90m2 |[0m [32m"use client"[0m;
#15 16.32   [90m  |[0m [31m[1m^^^^^^^^^^^^^[0m
#15 16.32   [90m3 |[0m
#15 16.32   [90m4 |[0m [36mimport[0m { useRouter } [36mfrom[0m [32m'next/navigation'[0m;
#15 16.32   [90m5 |[0m [36mimport[0m {
#15 16.32 
#15 16.32 Ecmascript file had an error
#15 16.32 
#15 16.32 Import traces:
#15 16.32   Client Component Browser:
#15 16.32     ./src/components/user-nav.tsx [Client Component Browser]
#15 16.32     ./src/components/app-header.tsx [Client Component Browser]
#15 16.32     ./src/components/app-header.tsx [Server Component]
#15 16.32     ./src/app/dashboard/layout.tsx [Server Component]
#15 16.32 
#15 16.32   Client Component SSR:
#15 16.32     ./src/components/user-nav.tsx [Client Component SSR]
#15 16.32     ./src/components/app-header.tsx [Client Component SSR]
#15 16.32     ./src/components/app-header.tsx [Server Component]
#15 16.32     ./src/app/dashboard/layout.tsx [Server Component]
#15 16.32 
#15 16.32 
#15 16.32 ./src/app/dashboard/accounts/page.tsx:4:27
#15 16.32 You're importing a module that depends on `useEffect` into a React Server Component module. This API is only available in Client Components. To fix, mark the file (or its parent) with the `"use client"` directive.
#15 16.32     Learn more: https://nextjs.org/docs/app/api-reference/directives/use-client
#15 16.32   [90m2 |[0m [32m"use client"[0m;
#15 16.32   [90m3 |[0m
#15 16.32 [31m[1m>[0m [90m4 |[0m [36mimport[0m [33mReact[0m, { useState, useEffect } [36mfrom[0m [32m'react'[0m;
#15 16.32   [90m  |[0m                           [31m[1m^^^^^^^^^[0m
#15 16.32   [90m5 |[0m [36mimport[0m { useRouter } [36mfrom[0m [32m'next/navigation'[0m;
#15 16.32   [90m6 |[0m [36mimport[0m { [33mPlusCircle[0m, [33mMail[0m, [33mTrash[0m } [36mfrom[0m [32m'lucide-react'[0m;
#15 16.32   [90m7 |[0m [36mimport[0m { [33mCard[0m, [33mCardContent[0m, [33mCardHeader[0m, [33mCardTitle[0m, [33mCardDescription[0m } [36mfrom[0m [32m'@/components/ui/...[0m
#15 16.32 
#15 16.32 Ecmascript file had an error
#15 16.32 
#15 16.32 
#15 16.32 ./src/app/dashboard/admin/domains/[id]/page.tsx:4:10
#15 16.32 You're importing a module that depends on `useEffect` into a React Server Component module. This API is only available in Client Components. To fix, mark the file (or its parent) with the `"use client"` directive.
#15 16.32     Learn more: https://nextjs.org/docs/app/api-reference/directives/use-client
#15 16.32   [90m2 |[0m [32m"use client"[0m;
#15 16.32   [90m3 |[0m
#15 16.32 [31m[1m>[0m [90m4 |[0m [36mimport[0m { useEffect, useState } [36mfrom[0m [32m'react'[0m;
#15 16.32   [90m  |[0m          [31m[1m^^^^^^^^^[0m
#15 16.32   [90m5 |[0m [36mimport[0m { useParams, useRouter } [36mfrom[0m [32m'next/navigation'[0m;
#15 16.32   [90m6 |[0m [36mimport[0m { [33mAlertTriangle[0m, [33mArrowLeft[0m, [33mCheckCircle2[0m, [33mCopy[0m, [33mDownload[0m, [33mRefreshCw[0m, [33mShieldAlert[0m } [36mf...[0m
#15 16.32   [90m7 |[0m
#15 16.32 
#15 16.32 Ecmascript file had an error
#15 16.32 
#15 16.32 
#15 16.32 ./src/app/dashboard/admin/domains/page.tsx:4:10
#15 16.32 You're importing a module that depends on `useEffect` into a React Server Component module. This API is only available in Client Components. To fix, mark the file (or its parent) with the `"use client"` directive.
#15 16.32     Learn more: https://nextjs.org/docs/app/api-reference/directives/use-client
#15 16.32   [90m2 |[0m [32m"use client"[0m;
#15 16.32   [90m3 |[0m
#15 16.32 [31m[1m>[0m [90m4 |[0m [36mimport[0m { useEffect, useMemo, useState } [36mfrom[0m [32m'react'[0m;
#15 16.32   [90m  |[0m          [31m[1m^^^^^^^^^[0m
#15 16.32   [90m5 |[0m [36mimport[0m { [33mCheckCircle[0m, [33mGlobe[0m, [33mShield[0m, [33mUsers[0m, [33mXCircle[0m, [33mAlertCircle[0m } [36mfrom[0m [32m'lucide-react'[0m;
#15 16.32   [90m6 |[0m [36mimport[0m { format } [36mfrom[0m [32m'date-fns'[0m;
#15 16.32   [90m7 |[0m [36mimport[0m [33mLink[0m [36mfrom[0m [32m'next/link'[0m;
#15 16.32 
#15 16.32 Ecmascript file had an error
#15 16.32 
#15 16.32 
#15 16.32 ./src/app/dashboard/admin/page.tsx:4:10
#15 16.32 You're importing a module that depends on `useEffect` into a React Server Component module. This API is only available in Client Components. To fix, mark the file (or its parent) with the `"use client"` directive.
#15 16.32     Learn more: https://nextjs.org/docs/app/api-reference/directives/use-client
#15 16.32   [90m2 |[0m [32m"use client"[0m;
#15 16.32   [90m3 |[0m
#15 16.32 [31m[1m>[0m [90m4 |[0m [36mimport[0m { useEffect, useState } [36mfrom[0m [32m'react'[0m;
#15 16.32   [90m  |[0m          [31m[1m^^^^^^^^^[0m
#15 16.32   [90m5 |[0m [36mimport[0m { [33mUsers[0m, [33mGlobe[0m, [33mShield[0m, [33mActivity[0m } [36mfrom[0m [32m'lucide-react'[0m;
#15 16.32   [90m6 |[0m [36mimport[0m { [33mCard[0m, [33mCardContent[0m, [33mCardHeader[0m, [33mCardTitle[0m } [36mfrom[0m [32m'@/components/ui/card'[0m;
#15 16.32   [90m7 |[0m [36mimport[0m { useAuthClient } [36mfrom[0m [32m'@/lib/auth-provider'[0m;
#15 16.32 
#15 16.32 Ecmascript file had an error
#15 16.32 
#15 16.32 
#15 16.32 ./src/app/dashboard/admin/server-dns/page.tsx:4:10
#15 16.32 You're importing a module that depends on `useEffect` into a React Server Component module. This API is only available in Client Components. To fix, mark the file (or its parent) with the `"use client"` directive.
#15 16.32     Learn more: https://nextjs.org/docs/app/api-reference/directives/use-client
#15 16.32   [90m2 |[0m [32m"use client"[0m;
#15 16.32   [90m3 |[0m
#15 16.32 [31m[1m>[0m [90m4 |[0m [36mimport[0m { useEffect, useMemo, useState } [36mfrom[0m [32m"react"[0m;
#15 16.32   [90m  |[0m          [31m[1m^^^^^^^^^[0m
#15 16.32   [90m5 |[0m [36mimport[0m { [33mAlertTriangle[0m, [33mCheckCircle2[0m, [33mCopy[0m, [33mDownload[0m, [33mRefreshCw[0m, [33mShieldAlert[0m, [33mShieldCheck[0m, [33m...[0m
#15 16.32   [90m6 |[0m
#15 16.32   [90m7 |[0m [36mimport[0m { [33mBadge[0m } [36mfrom[0m [32m"@/components/ui/badge"[0m;
#15 16.32 
#15 16.32 Ecmascript file had an error
#15 16.32 
#15 16.32 
#15 16.32 ./src/app/dashboard/admin/server/page.tsx:4:10
#15 16.32 You're importing a module that depends on `useEffect` into a React Server Component module. This API is only available in Client Components. To fix, mark the file (or its parent) with the `"use client"` directive.
#15 16.32     Learn more: https://nextjs.org/docs/app/api-reference/directives/use-client
#15 16.32   [90m2 |[0m [32m"use client"[0m;
#15 16.32   [90m3 |[0m
#15 16.32 [31m[1m>[0m [90m4 |[0m [36mimport[0m { useEffect, useState } [36mfrom[0m [32m'react'[0m;
#15 16.32   [90m  |[0m          [31m[1m^^^^^^^^^[0m
#15 16.32   [90m5 |[0m [36mimport[0m { [33mCard[0m, [33mCardHeader[0m, [33mCardTitle[0m, [33mCardContent[0m, [33mCardDescription[0m } [36mfrom[0m [32m'@/components/ui/...[0m
#15 16.32   [90m6 |[0m [36mimport[0m { [33mTable[0m, [33mTableHeader[0m, [33mTableRow[0m, [33mTableHead[0m, [33mTableBody[0m, [33mTableCell[0m } [36mfrom[0m [32m'@/components...[0m
#15 16.32   [90m7 |[0m [36mimport[0m { [33mBadge[0m } [36mfrom[0m [32m'@/components/ui/badge'[0m;
#15 16.32 
#15 16.32 Ecmascript file had an error
#15 16.32 
#15 16.32 
#15 16.32 ./src/app/dashboard/admin/users/page.tsx:4:10
#15 16.32 You're importing a module that depends on `useEffect` into a React Server Component module. This API is only available in Client Components. To fix, mark the file (or its parent) with the `"use client"` directive.
#15 16.32     Learn more: https://nextjs.org/docs/app/api-reference/directives/use-client
#15 16.32   [90m2 |[0m [32m"use client"[0m;
#15 16.32   [90m3 |[0m
#15 16.32 [31m[1m>[0m [90m4 |[0m [36mimport[0m { useEffect } [36mfrom[0m [32m'react'[0m;
#15 16.32   [90m  |[0m          [31m[1m^^^^^^^^^[0m
#15 16.32   [90m5 |[0m [36mimport[0m { useRouter } [36mfrom[0m [32m'next/navigation'[0m;
#15 16.32   [90m6 |[0m
#15 16.32   [90m7 |[0m [36mexport[0m [36mdefault[0m [36mfunction[0m [33mAdminUsersPage[0m() {
#15 16.32 
#15 16.32 Ecmascript file had an error
#15 16.32 
#15 16.32 
#15 16.32 ./src/app/dashboard/archive/page.tsx:4:10
#15 16.32 You're importing a module that depends on `useEffect` into a React Server Component module. This API is only available in Client Components. To fix, mark the file (or its parent) with the `"use client"` directive.
#15 16.32     Learn more: https://nextjs.org/docs/app/api-reference/directives/use-client
#15 16.32   [90m2 |[0m [32m'use client'[0m;
#15 16.32   [90m3 |[0m
#15 16.32 [31m[1m>[0m [90m4 |[0m [36mimport[0m { useEffect, useState, useMemo } [36mfrom[0m [32m'react'[0m;
#15 16.32   [90m  |[0m          [31m[1m^^^^^^^^^[0m
#15 16.32   [90m5 |[0m [36mimport[0m { [33mArchive[0m, [33mInbox[0m, [33mTrash2[0m, [33mClock[0m } [36mfrom[0m [32m'lucide-react'[0m;
#15 16.32   [90m6 |[0m [36mimport[0m { [33mCard[0m, [33mCardContent[0m } [36mfrom[0m [32m'@/components/ui/card'[0m;
#15 16.32   [90m7 |[0m [36mimport[0m { [33mButton[0m } [36mfrom[0m [32m'@/components/ui/button'[0m;
#15 16.32 
#15 16.32 Ecmascript file had an error
#15 16.32 
#15 16.32 
#15 16.32 ./src/app/dashboard/billing/page.tsx:4:10
#15 16.32 You're importing a module that depends on `useEffect` into a React Server Component module. This API is only available in Client Components. To fix, mark the file (or its parent) with the `"use client"` directive.
#15 16.32     Learn more: https://nextjs.org/docs/app/api-reference/directives/use-client
#15 16.32   [90m2 |[0m [32m'use client'[0m;
#15 16.32   [90m3 |[0m
#15 16.32 [31m[1m>[0m [90m4 |[0m [36mimport[0m { useEffect, useState } [36mfrom[0m [32m'react'[0m;
#15 16.32   [90m  |[0m          [31m[1m^^^^^^^^^[0m
#15 16.32   [90m5 |[0m [36mimport[0m { [33mGlobe[0m, [33mUsers[0m, [33mMail[0m, [33mHardDrive[0m, [33mCheckCircle[0m, [33mArrowUpCircle[0m } [36mfrom[0m [32m'lucide-react'[0m;
#15 16.32   [90m6 |[0m [36mimport[0m { [33mCard[0m, [33mCardContent[0m, [33mCardHeader[0m, [33mCardTitle[0m, [33mCardDescription[0m } [36mfrom[0m [32m'@/components/ui/...[0m
#15 16.32   [90m7 |[0m [36mimport[0m { [33mButton[0m } [36mfrom[0m [32m'@/components/ui/button'[0m;
#15 16.32 
#15 16.32 Ecmascript file had an error
#15 16.32 
#15 16.32 
#15 16.32 ./src/app/dashboard/compose/page.tsx:4:20
#15 16.32 You're importing a module that depends on `useEffect` into a React Server Component module. This API is only available in Client Components. To fix, mark the file (or its parent) with the `"use client"` directive.
#15 16.32     Learn more: https://nextjs.org/docs/app/api-reference/directives/use-client
#15 16.32   [90m2 |[0m [32m"use client"[0m;
#15 16.32   [90m3 |[0m
#15 16.32 [31m[1m>[0m [90m4 |[0m [36mimport[0m { useState, useEffect, useRef, [33mSuspense[0m } [36mfrom[0m [32m'react'[0m;
#15 16.32   [90m  |[0m                    [31m[1m^^^^^^^^^[0m
#15 16.32   [90m5 |[0m [36mimport[0m { useRouter, useSearchParams } [36mfrom[0m [32m'next/navigation'[0m;
#15 16.32   [90m6 |[0m [36mimport[0m { [33mPaperclip[0m, [33mSend[0m, [33mTrash[0m, [33mSave[0m, [33mX[0m, [33mFile[0m } [36mfrom[0m [32m'lucide-react'[0m;
#15 16.32   [90m7 |[0m [36mimport[0m { [33mButton[0m } [36mfrom[0m [32m'@/components/ui/button'[0m;
#15 16.32 
#15 16.32 Ecmascript file had an error
#15 16.32 
#15 16.32 
#15 16.32 ./src/app/dashboard/developer/page.tsx:4:10
#15 16.32 You're importing a module that depends on `useEffect` into a React Server Component module. This API is only available in Client Components. To fix, mark the file (or its parent) with the `"use client"` directive.
#15 16.32     Learn more: https://nextjs.org/docs/app/api-reference/directives/use-client
#15 16.32   [90m2 |[0m [32m'use client'[0m;
#15 16.32   [90m3 |[0m
#15 16.32 [31m[1m>[0m [90m4 |[0m [36mimport[0m { useEffect, useState } [36mfrom[0m [32m'react'[0m;
#15 16.32   [90m  |[0m          [31m[1m^^^^^^^^^[0m
#15 16.32   [90m5 |[0m [36mimport[0m { [33mKey[0m, [33mPlus[0m, [33mTrash2[0m, [33mCopy[0m, [33mEye[0m, [33mEyeOff[0m, [33mCheckCircle[0m, [33mMail[0m } [36mfrom[0m [32m'lucide-react'[0m;
#15 16.32   [90m6 |[0m [36mimport[0m { [33mCard[0m, [33mCardContent[0m, [33mCardDescription[0m, [33mCardHeader[0m, [33mCardTitle[0m } [36mfrom[0m [32m'@/components/ui/...[0m
#15 16.32   [90m7 |[0m [36mimport[0m { [33mButton[0m } [36mfrom[0m [32m'@/components/ui/button'[0m;
#15 16.32 
#15 16.32 Ecmascript file had an error
#15 16.32 
#15 16.32 
#15 16.32 ./src/app/dashboard/domains/[id]/page.tsx:4:10
#15 16.32 You're importing a module that depends on `useEffect` into a React Server Component module. This API is only available in Client Components. To fix, mark the file (or its parent) with the `"use client"` directive.
#15 16.32     Learn more: https://nextjs.org/docs/app/api-reference/directives/use-client
#15 16.32   [90m2 |[0m [32m"use client"[0m;
#15 16.32   [90m3 |[0m
#15 16.32 [31m[1m>[0m [90m4 |[0m [36mimport[0m { useEffect, useMemo, useState } [36mfrom[0m [32m"react"[0m;
#15 16.32   [90m  |[0m          [31m[1m^^^^^^^^^[0m
#15 16.32   [90m5 |[0m [36mimport[0m { useParams, useRouter } [36mfrom[0m [32m"next/navigation"[0m;
#15 16.32   [90m6 |[0m [36mimport[0m { [33mAlertTriangle[0m, [33mArrowLeft[0m, [33mCheckCircle2[0m, [33mCopy[0m, [33mDownload[0m, [33mRefreshCw[0m, [33mShieldAlert[0m, [33mSp...[0m
#15 16.32   [90m7 |[0m
#15 16.32 
#15 16.32 Ecmascript file had an error
#15 16.32 
#15 16.32 
#15 16.32 ./src/app/dashboard/domains/page.tsx:5:23
#15 16.32 You're importing a module that depends on `useEffect` into a React Server Component module. This API is only available in Client Components. To fix, mark the file (or its parent) with the `"use client"` directive.
#15 16.32     Learn more: https://nextjs.org/docs/app/api-reference/directives/use-client
#15 16.32   [90m3 |[0m
#15 16.32   [90m4 |[0m [36mimport[0m { [33mPlusCircle[0m, [33mGlobe[0m } [36mfrom[0m [32m'lucide-react'[0m;
#15 16.32 [31m[1m>[0m [90m5 |[0m [36mimport[0m { useCallback, useEffect, useState } [36mfrom[0m [32m'react'[0m;
#15 16.32   [90m  |[0m                       [31m[1m^^^^^^^^^[0m
#15 16.32   [90m6 |[0m [36mimport[0m { useRouter } [36mfrom[0m [32m'next/navigation'[0m;
#15 16.32   [90m7 |[0m [36mimport[0m { useForm } [36mfrom[0m [32m'react-hook-form'[0m;
#15 16.32   [90m8 |[0m [36mimport[0m { zodResolver } [36mfrom[0m [32m'@hookform/resolvers/zod'[0m;
#15 16.32 
#15 16.32 Ecmascript file had an error
#15 16.32 
#15 16.32 
#15 16.32 ./src/app/dashboard/drafts/page.tsx:4:10
#15 16.32 You're importing a module that depends on `useEffect` into a React Server Component module. This API is only available in Client Components. To fix, mark the file (or its parent) with the `"use client"` directive.
#15 16.32     Learn more: https://nextjs.org/docs/app/api-reference/directives/use-client
#15 16.32   [90m2 |[0m [32m'use client'[0m;
#15 16.32   [90m3 |[0m
#15 16.32 [31m[1m>[0m [90m4 |[0m [36mimport[0m { useEffect, useState, useMemo } [36mfrom[0m [32m'react'[0m;
#15 16.32   [90m  |[0m          [31m[1m^^^^^^^^^[0m
#15 16.32   [90m5 |[0m [36mimport[0m { useRouter } [36mfrom[0m [32m'next/navigation'[0m;
#15 16.32   [90m6 |[0m [36mimport[0m { [33mFileText[0m, [33mTrash2[0m, [33mClock[0m, [33mEdit[0m } [36mfrom[0m [32m'lucide-react'[0m;
#15 16.32   [90m7 |[0m [36mimport[0m { [33mCard[0m, [33mCardContent[0m } [36mfrom[0m [32m'@/components/ui/card'[0m;
#15 16.32 
#15 16.32 Ecmascript file had an error
#15 16.32 
#15 16.32 
#15 16.32 ./src/app/dashboard/inbox/[id]/page.tsx:4:10
#15 16.32 You're importing a module that depends on `useEffect` into a React Server Component module. This API is only available in Client Components. To fix, mark the file (or its parent) with the `"use client"` directive.
#15 16.32     Learn more: https://nextjs.org/docs/app/api-reference/directives/use-client
#15 16.32   [90m2 |[0m [32m'use client'[0m;
#15 16.32   [90m3 |[0m
#15 16.32 [31m[1m>[0m [90m4 |[0m [36mimport[0m { useEffect, useState } [36mfrom[0m [32m'react'[0m;
#15 16.32   [90m  |[0m          [31m[1m^^^^^^^^^[0m
#15 16.32   [90m5 |[0m [36mimport[0m { useRouter, useParams } [36mfrom[0m [32m'next/navigation'[0m;
#15 16.32   [90m6 |[0m [36mimport[0m { [33mArrowLeft[0m, [33mMail[0m, [33mClock[0m, [33mStar[0m, [33mArchive[0m, [33mTrash2[0m, [33mReply[0m, [33mForward[0m } [36mfrom[0m [32m'lucide-react'[0m;
#15 16.32   [90m7 |[0m [36mimport[0m { [33mButton[0m } [36mfrom[0m [32m'@/components/ui/button'[0m;
#15 16.32 
#15 16.32 Ecmascript file had an error
#15 16.32 
#15 16.32 
#15 16.32 ./src/app/dashboard/inbox/page.tsx:4:10
#15 16.32 You're importing a module that depends on `useEffect` into a React Server Component module. This API is only available in Client Components. To fix, mark the file (or its parent) with the `"use client"` directive.
#15 16.32     Learn more: https://nextjs.org/docs/app/api-reference/directives/use-client
#15 16.32   [90m2 |[0m [32m'use client'[0m;
#15 16.32   [90m3 |[0m
#15 16.32 [31m[1m>[0m [90m4 |[0m [36mimport[0m { useEffect, useState, useMemo } [36mfrom[0m [32m'react'[0m;
#15 16.32   [90m  |[0m          [31m[1m^^^^^^^^^[0m
#15 16.32   [90m5 |[0m [36mimport[0m { useRouter } [36mfrom[0m [32m'next/navigation'[0m;
#15 16.32   [90m6 |[0m [36mimport[0m { [33mSearch[0m, [33mMail[0m, [33mMailOpen[0m, [33mClock[0m, [33mArchive[0m, [33mTrash2[0m, [33mRefreshCw[0m, [33mStar[0m, [33mShield[0m, [33mBookOpen[0m,.[33m..[0m
#15 16.32   [90m7 |[0m [36mimport[0m { [33mInput[0m } [36mfrom[0m [32m'@/components/ui/input'[0m;
#15 16.32 
#15 16.32 Ecmascript file had an error
#15 16.32 
#15 16.32 
#15 16.32 ./src/app/dashboard/page.tsx:4:10
#15 16.32 You're importing a module that depends on `useEffect` into a React Server Component module. This API is only available in Client Components. To fix, mark the file (or its parent) with the `"use client"` directive.
#15 16.32     Learn more: https://nextjs.org/docs/app/api-reference/directives/use-client
#15 16.32   [90m2 |[0m [32m"use client"[0m;
#15 16.32   [90m3 |[0m
#15 16.32 [31m[1m>[0m [90m4 |[0m [36mimport[0m { useEffect, useState } [36mfrom[0m [32m'react'[0m;
#15 16.32   [90m  |[0m          [31m[1m^^^^^^^^^[0m
#15 16.32   [90m5 |[0m
#15 16.32   [90m6 |[0m [36mimport[0m {
#15 16.32   [90m7 |[0m   [33mCard[0m,
#15 16.32 
#15 16.32 Ecmascript file had an error
#15 16.32 
#15 16.32 
#15 16.32 ./src/app/dashboard/profile/page.tsx:4:10
#15 16.32 You're importing a module that depends on `useEffect` into a React Server Component module. This API is only available in Client Components. To fix, mark the file (or its parent) with the `"use client"` directive.
#15 16.32     Learn more: https://nextjs.org/docs/app/api-reference/directives/use-client
#15 16.32   [90m2 |[0m [32m'use client'[0m;
#15 16.32   [90m3 |[0m
#15 16.32 [31m[1m>[0m [90m4 |[0m [36mimport[0m { useEffect, useState } [36mfrom[0m [32m'react'[0m;
#15 16.32   [90m  |[0m          [31m[1m^^^^^^^^^[0m
#15 16.32   [90m5 |[0m [36mimport[0m { [33mShield[0m, [33mCalendar[0m, [33mSave[0m, [33mLock[0m, [33mCheckCircle2[0m, [33mAlertCircle[0m } [36mfrom[0m [32m'lucide-react'[0m;
#15 16.32   [90m6 |[0m [36mimport[0m { [33mCard[0m, [33mCardContent[0m, [33mCardHeader[0m, [33mCardTitle[0m, [33mCardDescription[0m } [36mfrom[0m [32m'@/components/ui/...[0m
#15 16.32   [90m7 |[0m [36mimport[0m { [33mButton[0m } [36mfrom[0m [32m'@/components/ui/button'[0m;
#15 16.32 
#15 16.32 Ecmascript file had an error
#15 16.32 
#15 16.32 
#15 16.32 ./src/app/dashboard/sent/page.tsx:4:10
#15 16.32 You're importing a module that depends on `useEffect` into a React Server Component module. This API is only available in Client Components. To fix, mark the file (or its parent) with the `"use client"` directive.
#15 16.32     Learn more: https://nextjs.org/docs/app/api-reference/directives/use-client
#15 16.32   [90m2 |[0m [32m'use client'[0m;
#15 16.32   [90m3 |[0m
#15 16.32 [31m[1m>[0m [90m4 |[0m [36mimport[0m { useEffect, useState, useMemo } [36mfrom[0m [32m'react'[0m;
#15 16.32   [90m  |[0m          [31m[1m^^^^^^^^^[0m
#15 16.32   [90m5 |[0m [36mimport[0m { [33mSend[0m, [33mSearch[0m, [33mArrowLeft[0m, [33mTrash2[0m, [33mStar[0m } [36mfrom[0m [32m"lucide-react"[0m;
#15 16.32   [90m6 |[0m [36mimport[0m { [33mCard[0m, [33mCardContent[0m } [36mfrom[0m [32m"@/components/ui/card"[0m;
#15 16.32   [90m7 |[0m [36mimport[0m { [33mInput[0m } [36mfrom[0m [32m'@/components/ui/input'[0m;
#15 16.32 
#15 16.32 Ecmascript file had an error
#15 16.32 
#15 16.32 
#15 16.32 ./src/app/dashboard/settings/page.tsx:4:10
#15 16.32 You're importing a module that depends on `useEffect` into a React Server Component module. This API is only available in Client Components. To fix, mark the file (or its parent) with the `"use client"` directive.
#15 16.32     Learn more: https://nextjs.org/docs/app/api-reference/directives/use-client
#15 16.32   [90m2 |[0m [32m'use client'[0m;
#15 16.32   [90m3 |[0m
#15 16.32 [31m[1m>[0m [90m4 |[0m [36mimport[0m { useEffect, useState } [36mfrom[0m [32m'react'[0m;
#15 16.32   [90m  |[0m          [31m[1m^^^^^^^^^[0m
#15 16.32   [90m5 |[0m [36mimport[0m { useRouter } [36mfrom[0m [32m'next/navigation'[0m;
#15 16.32   [90m6 |[0m [36mimport[0m { [33mBell[0m, [33mAlertTriangle[0m, [33mMail[0m, [33mCheckCircle[0m, [33mXCircle[0m } [36mfrom[0m [32m'lucide-react'[0m;
#15 16.32   [90m7 |[0m [36mimport[0m { [33mCard[0m, [33mCardContent[0m, [33mCardHeader[0m, [33mCardTitle[0m, [33mCardDescription[0m } [36mfrom[0m [32m'@/components/ui/...[0m
#15 16.32 
#15 16.32 Ecmascript file had an error
#15 16.32 
#15 16.32 
#15 16.32 ./src/app/dashboard/spam/page.tsx:4:10
#15 16.32 You're importing a module that depends on `useEffect` into a React Server Component module. This API is only available in Client Components. To fix, mark the file (or its parent) with the `"use client"` directive.
#15 16.32     Learn more: https://nextjs.org/docs/app/api-reference/directives/use-client
#15 16.32   [90m2 |[0m [32m'use client'[0m;
#15 16.32   [90m3 |[0m
#15 16.32 [31m[1m>[0m [90m4 |[0m [36mimport[0m { useEffect, useState, useMemo } [36mfrom[0m [32m'react'[0m;
#15 16.32   [90m  |[0m          [31m[1m^^^^^^^^^[0m
#15 16.32   [90m5 |[0m [36mimport[0m { [33mShield[0m, [33mInbox[0m, [33mTrash2[0m, [33mClock[0m } [36mfrom[0m [32m'lucide-react'[0m;
#15 16.32   [90m6 |[0m [36mimport[0m { [33mCard[0m, [33mCardContent[0m } [36mfrom[0m [32m'@/components/ui/card'[0m;
#15 16.32   [90m7 |[0m [36mimport[0m { [33mButton[0m } [36mfrom[0m [32m'@/components/ui/button'[0m;
#15 16.32 
#15 16.32 Ecmascript file had an error
#15 16.32 
#15 16.32 
#15 16.32 ./src/app/dashboard/teams/page.tsx:4:10
#15 16.32 You're importing a module that depends on `useEffect` into a React Server Component module. This API is only available in Client Components. To fix, mark the file (or its parent) with the `"use client"` directive.
#15 16.32     Learn more: https://nextjs.org/docs/app/api-reference/directives/use-client
#15 16.32   [90m2 |[0m [32m'use client'[0m;
#15 16.32   [90m3 |[0m
#15 16.32 [31m[1m>[0m [90m4 |[0m [36mimport[0m { useEffect, useState } [36mfrom[0m [32m'react'[0m;
#15 16.32   [90m  |[0m          [31m[1m^^^^^^^^^[0m
#15 16.32   [90m5 |[0m [36mimport[0m { [33mUsers[0m, [33mPlus[0m, [33mTrash2[0m, [33mUserPlus[0m, [33mCrown[0m, [33mShield[0m, [33mUser[0m } [36mfrom[0m [32m'lucide-react'[0m;
#15 16.32   [90m6 |[0m [36mimport[0m { [33mCard[0m, [33mCardContent[0m, [33mCardHeader[0m, [33mCardTitle[0m, [33mCardDescription[0m } [36mfrom[0m [32m'@/components/ui/...[0m
#15 16.32   [90m7 |[0m [36mimport[0m { [33mButton[0m } [36mfrom[0m [32m'@/components/ui/button'[0m;
#15 16.32 
#15 16.32 Ecmascript file had an error
#15 16.32 
#15 16.32 
#15 16.32 ./src/app/dashboard/trash/page.tsx:4:10
#15 16.32 You're importing a module that depends on `useEffect` into a React Server Component module. This API is only available in Client Components. To fix, mark the file (or its parent) with the `"use client"` directive.
#15 16.32     Learn more: https://nextjs.org/docs/app/api-reference/directives/use-client
#15 16.32   [90m2 |[0m [32m'use client'[0m;
#15 16.32   [90m3 |[0m
#15 16.32 [31m[1m>[0m [90m4 |[0m [36mimport[0m { useEffect, useState, useMemo } [36mfrom[0m [32m'react'[0m;
#15 16.32   [90m  |[0m          [31m[1m^^^^^^^^^[0m
#15 16.32   [90m5 |[0m [36mimport[0m { [33mTrash2[0m, [33mRotateCcw[0m, [33mClock[0m } [36mfrom[0m [32m'lucide-react'[0m;
#15 16.32   [90m6 |[0m [36mimport[0m { [33mCard[0m, [33mCardContent[0m } [36mfrom[0m [32m'@/components/ui/card'[0m;
#15 16.32   [90m7 |[0m [36mimport[0m { [33mButton[0m } [36mfrom[0m [32m'@/components/ui/button'[0m;
#15 16.32 
#15 16.32 Ecmascript file had an error
#15 16.32 
#15 16.32 
#15 16.32 ./src/app/page.tsx:5:20
#15 16.32 You're importing a module that depends on `useEffect` into a React Server Component module. This API is only available in Client Components. To fix, mark the file (or its parent) with the `"use client"` directive.
#15 16.32     Learn more: https://nextjs.org/docs/app/api-reference/directives/use-client
#15 16.32   [90m3 |[0m
#15 16.32   [90m4 |[0m [36mimport[0m [33mLink[0m [36mfrom[0m [32m'next/link'[0m;
#15 16.32 [31m[1m>[0m [90m5 |[0m [36mimport[0m { useState, useEffect } [36mfrom[0m [32m'react'[0m;
#15 16.32   [90m  |[0m                    [31m[1m^^^^^^^^^[0m
#15 16.32   [90m6 |[0m [36mimport[0m { useRouter } [36mfrom[0m [32m'next/navigation'[0m;
#15 16.32   [90m7 |[0m [36mimport[0m { [33mMail[0m, [33mEye[0m, [33mEyeOff[0m } [36mfrom[0m [32m'lucide-react'[0m;
#15 16.32   [90m8 |[0m
#15 16.32 
#15 16.32 Ecmascript file had an error
#15 16.32 
#15 16.32 
#15 16.32 ./src/app/register/page.tsx:5:20
#15 16.32 You're importing a module that depends on `useEffect` into a React Server Component module. This API is only available in Client Components. To fix, mark the file (or its parent) with the `"use client"` directive.
#15 16.32     Learn more: https://nextjs.org/docs/app/api-reference/directives/use-client
#15 16.32   [90m3 |[0m
#15 16.32   [90m4 |[0m [36mimport[0m [33mLink[0m [36mfrom[0m [32m'next/link'[0m;
#15 16.32 [31m[1m>[0m [90m5 |[0m [36mimport[0m { useState, useEffect } [36mfrom[0m [32m'react'[0m;
#15 16.32   [90m  |[0m                    [31m[1m^^^^^^^^^[0m
#15 16.32   [90m6 |[0m [36mimport[0m { useRouter } [36mfrom[0m [32m'next/navigation'[0m;
#15 16.32   [90m7 |[0m [36mimport[0m { [33mMail[0m, [33mEye[0m, [33mEyeOff[0m } [36mfrom[0m [32m'lucide-react'[0m;
#15 16.32   [90m8 |[0m
#15 16.32 
#15 16.32 Ecmascript file had an error
#15 16.32 
#15 16.32 
#15 16.32 ./src/app/reset-password/page.tsx:5:20
#15 16.32 You're importing a module that depends on `useEffect` into a React Server Component module. This API is only available in Client Components. To fix, mark the file (or its parent) with the `"use client"` directive.
#15 16.32     Learn more: https://nextjs.org/docs/app/api-reference/directives/use-client
#15 16.32   [90m3 |[0m
#15 16.32   [90m4 |[0m [36mimport[0m [33mLink[0m [36mfrom[0m [32m'next/link'[0m;
#15 16.32 [31m[1m>[0m [90m5 |[0m [36mimport[0m { useState, useEffect, [33mSuspense[0m } [36mfrom[0m [32m'react'[0m;
#15 16.32   [90m  |[0m                    [31m[1m^^^^^^^^^[0m
#15 16.32   [90m6 |[0m [36mimport[0m { useRouter, useSearchParams } [36mfrom[0m [32m'next/navigation'[0m;
#15 16.32   [90m7 |[0m [36mimport[0m { [33mMail[0m, [33mEye[0m, [33mEyeOff[0m, [33mArrowLeft[0m } [36mfrom[0m [32m'lucide-react'[0m;
#15 16.32   [90m8 |[0m [36mimport[0m { [33mButton[0m } [36mfrom[0m [32m'@/components/ui/button'[0m;
#15 16.32 
#15 16.32 Ecmascript file had an error
#15 16.32 
#15 16.32 
#15 16.32 ./src/app/verify-email/page.tsx:4:20
#15 16.32 You're importing a module that depends on `useEffect` into a React Server Component module. This API is only available in Client Components. To fix, mark the file (or its parent) with the `"use client"` directive.
#15 16.32     Learn more: https://nextjs.org/docs/app/api-reference/directives/use-client
#15 16.32   [90m2 |[0m [32m"use client"[0m;
#15 16.32   [90m3 |[0m
#15 16.32 [31m[1m>[0m [90m4 |[0m [36mimport[0m { [33mSuspense[0m, useEffect, useState } [36mfrom[0m [32m'react'[0m;
#15 16.32   [90m  |[0m                    [31m[1m^^^^^^^^^[0m
#15 16.32   [90m5 |[0m [36mimport[0m { useRouter, useSearchParams } [36mfrom[0m [32m'next/navigation'[0m;
#15 16.32   [90m6 |[0m [36mimport[0m { [33mMail[0m } [36mfrom[0m [32m'lucide-react'[0m;
#15 16.32   [90m7 |[0m [36mimport[0m { [33mButton[0m } [36mfrom[0m [32m'@/components/ui/button'[0m;
#15 16.32 
#15 16.32 Ecmascript file had an error
#15 16.32 
#15 16.32 
#15 16.32 ./src/app/dashboard/admin/domains/[id]/page.tsx:5:10
#15 16.32 You're importing a module that depends on `useParams` into a React Server Component module. This API is only available in Client Components. To fix, mark the file (or its parent) with the `"use client"` directive.
#15 16.32     Learn more: https://nextjs.org/docs/app/api-reference/directives/use-client
#15 16.32   [90m3 |[0m
#15 16.32   [90m4 |[0m [36mimport[0m { useEffect, useState } [36mfrom[0m [32m'react'[0m;
#15 16.32 [31m[1m>[0m [90m5 |[0m [36mimport[0m { useParams, useRouter } [36mfrom[0m [32m'next/navigation'[0m;
#15 16.32   [90m  |[0m          [31m[1m^^^^^^^^^[0m
#15 16.32   [90m6 |[0m [36mimport[0m { [33mAlertTriangle[0m, [33mArrowLeft[0m, [33mCheckCircle2[0m, [33mCopy[0m, [33mDownload[0m, [33mRefreshCw[0m, [33mShieldAlert[0m } [36mf...[0m
#15 16.32   [90m7 |[0m
#15 16.32   [90m8 |[0m [36mimport[0m { [33mBadge[0m } [36mfrom[0m [32m'@/components/ui/badge'[0m;
#15 16.32 
#15 16.32 Ecmascript file had an error
#15 16.32 
#15 16.32 
#15 16.32 ./src/app/dashboard/domains/[id]/page.tsx:5:10
#15 16.32 You're importing a module that depends on `useParams` into a React Server Component module. This API is only available in Client Components. To fix, mark the file (or its parent) with the `"use client"` directive.
#15 16.32     Learn more: https://nextjs.org/docs/app/api-reference/directives/use-client
#15 16.32   [90m3 |[0m
#15 16.32   [90m4 |[0m [36mimport[0m { useEffect, useMemo, useState } [36mfrom[0m [32m"react"[0m;
#15 16.32 [31m[1m>[0m [90m5 |[0m [36mimport[0m { useParams, useRouter } [36mfrom[0m [32m"next/navigation"[0m;
#15 16.32   [90m  |[0m          [31m[1m^^^^^^^^^[0m
#15 16.32   [90m6 |[0m [36mimport[0m { [33mAlertTriangle[0m, [33mArrowLeft[0m, [33mCheckCircle2[0m, [33mCopy[0m, [33mDownload[0m, [33mRefreshCw[0m, [33mShieldAlert[0m, [33mSp...[0m
#15 16.32   [90m7 |[0m
#15 16.32   [90m8 |[0m [36mimport[0m { [33mBadge[0m } [36mfrom[0m [32m"@/components/ui/badge"[0m;
#15 16.32 
#15 16.32 Ecmascript file had an error
#15 16.32 
#15 16.32 
#15 16.32 ./src/app/dashboard/inbox/[id]/page.tsx:5:21
#15 16.32 You're importing a module that depends on `useParams` into a React Server Component module. This API is only available in Client Components. To fix, mark the file (or its parent) with the `"use client"` directive.
#15 16.32     Learn more: https://nextjs.org/docs/app/api-reference/directives/use-client
#15 16.32   [90m3 |[0m
#15 16.32   [90m4 |[0m [36mimport[0m { useEffect, useState } [36mfrom[0m [32m'react'[0m;
#15 16.32 [31m[1m>[0m [90m5 |[0m [36mimport[0m { useRouter, useParams } [36mfrom[0m [32m'next/navigation'[0m;
#15 16.32   [90m  |[0m                     [31m[1m^^^^^^^^^[0m
#15 16.32   [90m6 |[0m [36mimport[0m { [33mArrowLeft[0m, [33mMail[0m, [33mClock[0m, [33mStar[0m, [33mArchive[0m, [33mTrash2[0m, [33mReply[0m, [33mForward[0m } [36mfrom[0m [32m'lucide-react'[0m;
#15 16.32   [90m7 |[0m [36mimport[0m { [33mButton[0m } [36mfrom[0m [32m'@/components/ui/button'[0m;
#15 16.32   [90m8 |[0m [36mimport[0m { [33mBadge[0m } [36mfrom[0m [32m'@/components/ui/badge'[0m;
#15 16.32 
#15 16.32 Ecmascript file had an error
#15 16.32 
#15 16.32 
#15 16.32 ./src/components/main-nav.tsx:5:10
#15 16.32 You're importing a module that depends on `usePathname` into a React Server Component module. This API is only available in Client Components. To fix, mark the file (or its parent) with the `"use client"` directive.
#15 16.32     Learn more: https://nextjs.org/docs/app/api-reference/directives/use-client
#15 16.32   [90m3 |[0m
#15 16.32   [90m4 |[0m [36mimport[0m [33mLink[0m [36mfrom[0m [32m'next/link'[0m;
#15 16.32 [31m[1m>[0m [90m5 |[0m [36mimport[0m { usePathname } [36mfrom[0m [32m'next/navigation'[0m;
#15 16.32   [90m  |[0m          [31m[1m^^^^^^^^^^^[0m
#15 16.32   [90m6 |[0m [36mimport[0m {
#15 16.32   [90m7 |[0m   [33mFileText[0m,
#15 16.32   [90m8 |[0m   [33mGlobe[0m,
#15 16.32 
#15 16.32 Ecmascript file had an error
#15 16.32 
#15 16.32 Import trace:
#15 16.32   Server Component:
#15 16.32     ./src/components/main-nav.tsx
#15 16.32     ./src/app/dashboard/layout.tsx
#15 16.32 
#15 16.32 
#15 16.32 ./src/app/dashboard/compose/page.tsx:4:31
#15 16.32 You're importing a module that depends on `useRef` into a React Server Component module. This API is only available in Client Components. To fix, mark the file (or its parent) with the `"use client"` directive.
#15 16.32     Learn more: https://nextjs.org/docs/app/api-reference/directives/use-client
#15 16.32   [90m2 |[0m [32m"use client"[0m;
#15 16.32   [90m3 |[0m
#15 16.32 [31m[1m>[0m [90m4 |[0m [36mimport[0m { useState, useEffect, useRef, [33mSuspense[0m } [36mfrom[0m [32m'react'[0m;
#15 16.32   [90m  |[0m                               [31m[1m^^^^^^[0m
#15 16.32   [90m5 |[0m [36mimport[0m { useRouter, useSearchParams } [36mfrom[0m [32m'next/navigation'[0m;
#15 16.32   [90m6 |[0m [36mimport[0m { [33mPaperclip[0m, [33mSend[0m, [33mTrash[0m, [33mSave[0m, [33mX[0m, [33mFile[0m } [36mfrom[0m [32m'lucide-react'[0m;
#15 16.32   [90m7 |[0m [36mimport[0m { [33mButton[0m } [36mfrom[0m [32m'@/components/ui/button'[0m;
#15 16.32 
#15 16.32 Ecmascript file had an error
#15 16.32 
#15 16.32 
#15 16.32 ./src/app/dashboard/accounts/page.tsx:5:10
#15 16.32 You're importing a module that depends on `useRouter` into a React Server Component module. This API is only available in Client Components. To fix, mark the file (or its parent) with the `"use client"` directive.
#15 16.32     Learn more: https://nextjs.org/docs/app/api-reference/directives/use-client
#15 16.32   [90m3 |[0m
#15 16.32   [90m4 |[0m [36mimport[0m [33mReact[0m, { useState, useEffect } [36mfrom[0m [32m'react'[0m;
#15 16.32 [31m[1m>[0m [90m5 |[0m [36mimport[0m { useRouter } [36mfrom[0m [32m'next/navigation'[0m;
#15 16.32   [90m  |[0m          [31m[1m^^^^^^^^^[0m
#15 16.32   [90m6 |[0m [36mimport[0m { [33mPlusCircle[0m, [33mMail[0m, [33mTrash[0m } [36mfrom[0m [32m'lucide-react'[0m;
#15 16.32   [90m7 |[0m [36mimport[0m { [33mCard[0m, [33mCardContent[0m, [33mCardHeader[0m, [33mCardTitle[0m, [33mCardDescription[0m } [36mfrom[0m [32m'@/components/ui/...[0m
#15 16.32   [90m8 |[0m [36mimport[0m { [33mButton[0m } [36mfrom[0m [32m'@/components/ui/button'[0m;
#15 16.32 
#15 16.32 Ecmascript file had an error
#15 16.32 
#15 16.32 
#15 16.32 ./src/app/dashboard/admin/domains/[id]/page.tsx:5:21
#15 16.32 You're importing a module that depends on `useRouter` into a React Server Component module. This API is only available in Client Components. To fix, mark the file (or its parent) with the `"use client"` directive.
#15 16.32     Learn more: https://nextjs.org/docs/app/api-reference/directives/use-client
#15 16.32   [90m3 |[0m
#15 16.32   [90m4 |[0m [36mimport[0m { useEffect, useState } [36mfrom[0m [32m'react'[0m;
#15 16.32 [31m[1m>[0m [90m5 |[0m [36mimport[0m { useParams, useRouter } [36mfrom[0m [32m'next/navigation'[0m;
#15 16.32   [90m  |[0m                     [31m[1m^^^^^^^^^[0m
#15 16.32   [90m6 |[0m [36mimport[0m { [33mAlertTriangle[0m, [33mArrowLeft[0m, [33mCheckCircle2[0m, [33mCopy[0m, [33mDownload[0m, [33mRefreshCw[0m, [33mShieldAlert[0m } [36mf...[0m
#15 16.32   [90m7 |[0m
#15 16.32   [90m8 |[0m [36mimport[0m { [33mBadge[0m } [36mfrom[0m [32m'@/components/ui/badge'[0m;
#15 16.32 
#15 16.32 Ecmascript file had an error
#15 16.32 
#15 16.32 
#15 16.32 ./src/app/dashboard/admin/domains/page.tsx:14:10
#15 16.32 You're importing a module that depends on `useRouter` into a React Server Component module. This API is only available in Client Components. To fix, mark the file (or its parent) with the `"use client"` directive.
#15 16.32     Learn more: https://nextjs.org/docs/app/api-reference/directives/use-client
#15 16.32   [90m12 |[0m [36mimport[0m { [33mTable[0m, [33mTableBody[0m, [33mTableCell[0m, [33mTableHead[0m, [33mTableHeader[0m, [33mTableRow[0m } [36mfrom[0m [32m'@/component...[0m
#15 16.32   [90m13 |[0m [36mimport[0m { useAuthClient } [36mfrom[0m [32m'@/lib/auth-provider'[0m;
#15 16.32 [31m[1m>[0m [90m14 |[0m [36mimport[0m { useRouter } [36mfrom[0m [32m'next/navigation'[0m;
#15 16.32   [90m   |[0m          [31m[1m^^^^^^^^^[0m
#15 16.32   [90m15 |[0m [36mimport[0m { useToast } [36mfrom[0m [32m'@/components/ui/use-toast'[0m;
#15 16.32   [90m16 |[0m
#15 16.32   [90m17 |[0m [36minterface[0m [33mUser[0m {
#15 16.32 
#15 16.32 Ecmascript file had an error
#15 16.32 
#15 16.32 
#15 16.32 ./src/app/dashboard/admin/page.tsx:8:10
#15 16.32 You're importing a module that depends on `useRouter` into a React Server Component module. This API is only available in Client Components. To fix, mark the file (or its parent) with the `"use client"` directive.
#15 16.32     Learn more: https://nextjs.org/docs/app/api-reference/directives/use-client
#15 16.32   [90m 6 |[0m [36mimport[0m { [33mCard[0m, [33mCardContent[0m, [33mCardHeader[0m, [33mCardTitle[0m } [36mfrom[0m [32m'@/components/ui/card'[0m;
#15 16.32   [90m 7 |[0m [36mimport[0m { useAuthClient } [36mfrom[0m [32m'@/lib/auth-provider'[0m;
#15 16.32 [31m[1m>[0m [90m 8 |[0m [36mimport[0m { useRouter } [36mfrom[0m [32m'next/navigation'[0m;
#15 16.32   [90m   |[0m          [31m[1m^^^^^^^^^[0m
#15 16.32   [90m 9 |[0m [36mimport[0m { useToast } [36mfrom[0m [32m'@/components/ui/use-toast'[0m;
#15 16.32   [90m10 |[0m
#15 16.32   [90m11 |[0m [36mexport[0m [36mdefault[0m [36mfunction[0m [33mAdminDashboardPage[0m() {
#15 16.32 
#15 16.32 Ecmascript file had an error
#15 16.32 
#15 16.32 
#15 16.32 ./src/app/dashboard/admin/users/page.tsx:5:10
#15 16.32 You're importing a module that depends on `useRouter` into a React Server Component module. This API is only available in Client Components. To fix, mark the file (or its parent) with the `"use client"` directive.
#15 16.32     Learn more: https://nextjs.org/docs/app/api-reference/directives/use-client
#15 16.32   [90m3 |[0m
#15 16.32   [90m4 |[0m [36mimport[0m { useEffect } [36mfrom[0m [32m'react'[0m;
#15 16.32 [31m[1m>[0m [90m5 |[0m [36mimport[0m { useRouter } [36mfrom[0m [32m'next/navigation'[0m;
#15 16.32   [90m  |[0m          [31m[1m^^^^^^^^^[0m
#15 16.32   [90m6 |[0m
#15 16.32   [90m7 |[0m [36mexport[0m [36mdefault[0m [36mfunction[0m [33mAdminUsersPage[0m() {
#15 16.32   [90m8 |[0m   [36mconst[0m router = useRouter();
#15 16.32 
#15 16.32 Ecmascript file had an error
#15 16.32 
#15 16.32 
#15 16.32 ./src/app/dashboard/compose/page.tsx:5:10
#15 16.32 You're importing a module that depends on `useRouter` into a React Server Component module. This API is only available in Client Components. To fix, mark the file (or its parent) with the `"use client"` directive.
#15 16.32     Learn more: https://nextjs.org/docs/app/api-reference/directives/use-client
#15 16.32   [90m3 |[0m
#15 16.32   [90m4 |[0m [36mimport[0m { useState, useEffect, useRef, [33mSuspense[0m } [36mfrom[0m [32m'react'[0m;
#15 16.32 [31m[1m>[0m [90m5 |[0m [36mimport[0m { useRouter, useSearchParams } [36mfrom[0m [32m'next/navigation'[0m;
#15 16.32   [90m  |[0m          [31m[1m^^^^^^^^^[0m
#15 16.32   [90m6 |[0m [36mimport[0m { [33mPaperclip[0m, [33mSend[0m, [33mTrash[0m, [33mSave[0m, [33mX[0m, [33mFile[0m } [36mfrom[0m [32m'lucide-react'[0m;
#15 16.32   [90m7 |[0m [36mimport[0m { [33mButton[0m } [36mfrom[0m [32m'@/components/ui/button'[0m;
#15 16.32   [90m8 |[0m [36mimport[0m { [33mCard[0m, [33mCardContent[0m } [36mfrom[0m [32m'@/components/ui/card'[0m;
#15 16.32 
#15 16.32 Ecmascript file had an error
#15 16.32 
#15 16.32 
#15 16.32 ./src/app/dashboard/domains/[id]/page.tsx:5:21
#15 16.32 You're importing a module that depends on `useRouter` into a React Server Component module. This API is only available in Client Components. To fix, mark the file (or its parent) with the `"use client"` directive.
#15 16.32     Learn more: https://nextjs.org/docs/app/api-reference/directives/use-client
#15 16.32   [90m3 |[0m
#15 16.32   [90m4 |[0m [36mimport[0m { useEffect, useMemo, useState } [36mfrom[0m [32m"react"[0m;
#15 16.32 [31m[1m>[0m [90m5 |[0m [36mimport[0m { useParams, useRouter } [36mfrom[0m [32m"next/navigation"[0m;
#15 16.32   [90m  |[0m                     [31m[1m^^^^^^^^^[0m
#15 16.32   [90m6 |[0m [36mimport[0m { [33mAlertTriangle[0m, [33mArrowLeft[0m, [33mCheckCircle2[0m, [33mCopy[0m, [33mDownload[0m, [33mRefreshCw[0m, [33mShieldAlert[0m, [33mSp...[0m
#15 16.32   [90m7 |[0m
#15 16.32   [90m8 |[0m [36mimport[0m { [33mBadge[0m } [36mfrom[0m [32m"@/components/ui/badge"[0m;
#15 16.32 
#15 16.32 Ecmascript file had an error
#15 16.32 
#15 16.32 
#15 16.32 ./src/app/dashboard/domains/page.tsx:6:10
#15 16.32 You're importing a module that depends on `useRouter` into a React Server Component module. This API is only available in Client Components. To fix, mark the file (or its parent) with the `"use client"` directive.
#15 16.32     Learn more: https://nextjs.org/docs/app/api-reference/directives/use-client
#15 16.32   [90m4 |[0m [36mimport[0m { [33mPlusCircle[0m, [33mGlobe[0m } [36mfrom[0m [32m'lucide-react'[0m;
#15 16.32   [90m5 |[0m [36mimport[0m { useCallback, useEffect, useState } [36mfrom[0m [32m'react'[0m;
#15 16.32 [31m[1m>[0m [90m6 |[0m [36mimport[0m { useRouter } [36mfrom[0m [32m'next/navigation'[0m;
#15 16.32   [90m  |[0m          [31m[1m^^^^^^^^^[0m
#15 16.32   [90m7 |[0m [36mimport[0m { useForm } [36mfrom[0m [32m'react-hook-form'[0m;
#15 16.32   [90m8 |[0m [36mimport[0m { zodResolver } [36mfrom[0m [32m'@hookform/resolvers/zod'[0m;
#15 16.32   [90m9 |[0m [36mimport[0m * [36mas[0m z [36mfrom[0m [32m'zod'[0m;
#15 16.32 
#15 16.32 Ecmascript file had an error
#15 16.32 
#15 16.32 
#15 16.32 ./src/app/dashboard/drafts/page.tsx:5:10
#15 16.32 You're importing a module that depends on `useRouter` into a React Server Component module. This API is only available in Client Components. To fix, mark the file (or its parent) with the `"use client"` directive.
#15 16.32     Learn more: https://nextjs.org/docs/app/api-reference/directives/use-client
#15 16.32   [90m3 |[0m
#15 16.32   [90m4 |[0m [36mimport[0m { useEffect, useState, useMemo } [36mfrom[0m [32m'react'[0m;
#15 16.32 [31m[1m>[0m [90m5 |[0m [36mimport[0m { useRouter } [36mfrom[0m [32m'next/navigation'[0m;
#15 16.32   [90m  |[0m          [31m[1m^^^^^^^^^[0m
#15 16.32   [90m6 |[0m [36mimport[0m { [33mFileText[0m, [33mTrash2[0m, [33mClock[0m, [33mEdit[0m } [36mfrom[0m [32m'lucide-react'[0m;
#15 16.32   [90m7 |[0m [36mimport[0m { [33mCard[0m, [33mCardContent[0m } [36mfrom[0m [32m'@/components/ui/card'[0m;
#15 16.32   [90m8 |[0m [36mimport[0m { [33mButton[0m } [36mfrom[0m [32m'@/components/ui/button'[0m;
#15 16.32 
#15 16.32 Ecmascript file had an error
#15 16.32 
#15 16.32 
#15 16.32 ./src/app/dashboard/inbox/[id]/page.tsx:5:10
#15 16.32 You're importing a module that depends on `useRouter` into a React Server Component module. This API is only available in Client Components. To fix, mark the file (or its parent) with the `"use client"` directive.
#15 16.32     Learn more: https://nextjs.org/docs/app/api-reference/directives/use-client
#15 16.32   [90m3 |[0m
#15 16.32   [90m4 |[0m [36mimport[0m { useEffect, useState } [36mfrom[0m [32m'react'[0m;
#15 16.32 [31m[1m>[0m [90m5 |[0m [36mimport[0m { useRouter, useParams } [36mfrom[0m [32m'next/navigation'[0m;
#15 16.32   [90m  |[0m          [31m[1m^^^^^^^^^[0m
#15 16.32   [90m6 |[0m [36mimport[0m { [33mArrowLeft[0m, [33mMail[0m, [33mClock[0m, [33mStar[0m, [33mArchive[0m, [33mTrash2[0m, [33mReply[0m, [33mForward[0m } [36mfrom[0m [32m'lucide-react'[0m;
#15 16.32   [90m7 |[0m [36mimport[0m { [33mButton[0m } [36mfrom[0m [32m'@/components/ui/button'[0m;
#15 16.32   [90m8 |[0m [36mimport[0m { [33mBadge[0m } [36mfrom[0m [32m'@/components/ui/badge'[0m;
#15 16.32 
#15 16.32 Ecmascript file had an error
#15 16.32 
#15 16.32 
#15 16.32 ./src/app/dashboard/inbox/page.tsx:5:10
#15 16.32 You're importing a module that depends on `useRouter` into a React Server Component module. This API is only available in Client Components. To fix, mark the file (or its parent) with the `"use client"` directive.
#15 16.32     Learn more: https://nextjs.org/docs/app/api-reference/directives/use-client
#15 16.32   [90m3 |[0m
#15 16.32   [90m4 |[0m [36mimport[0m { useEffect, useState, useMemo } [36mfrom[0m [32m'react'[0m;
#15 16.32 [31m[1m>[0m [90m5 |[0m [36mimport[0m { useRouter } [36mfrom[0m [32m'next/navigation'[0m;
#15 16.32   [90m  |[0m          [31m[1m^^^^^^^^^[0m
#15 16.32   [90m6 |[0m [36mimport[0m { [33mSearch[0m, [33mMail[0m, [33mMailOpen[0m, [33mClock[0m, [33mArchive[0m, [33mTrash2[0m, [33mRefreshCw[0m, [33mStar[0m, [33mShield[0m, [33mBookOpen[0m,.[33m..[0m
#15 16.32   [90m7 |[0m [36mimport[0m { [33mInput[0m } [36mfrom[0m [32m'@/components/ui/input'[0m;
#15 16.32   [90m8 |[0m [36mimport[0m { cn } [36mfrom[0m [32m'@/lib/utils'[0m;
#15 16.32 
#15 16.32 Ecmascript file had an error
#15 16.32 
#15 16.32 
#15 16.32 ./src/app/dashboard/settings/page.tsx:5:10
#15 16.32 You're importing a module that depends on `useRouter` into a React Server Component module. This API is only available in Client Components. To fix, mark the file (or its parent) with the `"use client"` directive.
#15 16.32     Learn more: https://nextjs.org/docs/app/api-reference/directives/use-client
#15 16.32   [90m3 |[0m
#15 16.32   [90m4 |[0m [36mimport[0m { useEffect, useState } [36mfrom[0m [32m'react'[0m;
#15 16.32 [31m[1m>[0m [90m5 |[0m [36mimport[0m { useRouter } [36mfrom[0m [32m'next/navigation'[0m;
#15 16.32   [90m  |[0m          [31m[1m^^^^^^^^^[0m
#15 16.32   [90m6 |[0m [36mimport[0m { [33mBell[0m, [33mAlertTriangle[0m, [33mMail[0m, [33mCheckCircle[0m, [33mXCircle[0m } [36mfrom[0m [32m'lucide-react'[0m;
#15 16.32   [90m7 |[0m [36mimport[0m { [33mCard[0m, [33mCardContent[0m, [33mCardHeader[0m, [33mCardTitle[0m, [33mCardDescription[0m } [36mfrom[0m [32m'@/components/ui/...[0m
#15 16.32   [90m8 |[0m [36mimport[0m { [33mButton[0m } [36mfrom[0m [32m'@/components/ui/button'[0m;
#15 16.32 
#15 16.32 Ecmascript file had an error
#15 16.32 
#15 16.32 
#15 16.32 ./src/app/page.tsx:6:10
#15 16.32 You're importing a module that depends on `useRouter` into a React Server Component module. This API is only available in Client Components. To fix, mark the file (or its parent) with the `"use client"` directive.
#15 16.32     Learn more: https://nextjs.org/docs/app/api-reference/directives/use-client
#15 16.32   [90m4 |[0m [36mimport[0m [33mLink[0m [36mfrom[0m [32m'next/link'[0m;
#15 16.32   [90m5 |[0m [36mimport[0m { useState, useEffect } [36mfrom[0m [32m'react'[0m;
#15 16.32 [31m[1m>[0m [90m6 |[0m [36mimport[0m { useRouter } [36mfrom[0m [32m'next/navigation'[0m;
#15 16.32   [90m  |[0m          [31m[1m^^^^^^^^^[0m
#15 16.32   [90m7 |[0m [36mimport[0m { [33mMail[0m, [33mEye[0m, [33mEyeOff[0m } [36mfrom[0m [32m'lucide-react'[0m;
#15 16.32   [90m8 |[0m
#15 16.32   [90m9 |[0m [36mimport[0m { [33mButton[0m } [36mfrom[0m [32m'@/components/ui/button'[0m;
#15 16.32 
#15 16.32 Ecmascript file had an error
#15 16.32 
#15 16.32 
#15 16.32 ./src/app/register/page.tsx:6:10
#15 16.32 You're importing a module that depends on `useRouter` into a React Server Component module. This API is only available in Client Components. To fix, mark the file (or its parent) with the `"use client"` directive.
#15 16.32     Learn more: https://nextjs.org/docs/app/api-reference/directives/use-client
#15 16.32   [90m4 |[0m [36mimport[0m [33mLink[0m [36mfrom[0m [32m'next/link'[0m;
#15 16.32   [90m5 |[0m [36mimport[0m { useState, useEffect } [36mfrom[0m [32m'react'[0m;
#15 16.32 [31m[1m>[0m [90m6 |[0m [36mimport[0m { useRouter } [36mfrom[0m [32m'next/navigation'[0m;
#15 16.32   [90m  |[0m          [31m[1m^^^^^^^^^[0m
#15 16.32   [90m7 |[0m [36mimport[0m { [33mMail[0m, [33mEye[0m, [33mEyeOff[0m } [36mfrom[0m [32m'lucide-react'[0m;
#15 16.32   [90m8 |[0m
#15 16.32   [90m9 |[0m [36mimport[0m { [33mButton[0m } [36mfrom[0m [32m'@/components/ui/button'[0m;
#15 16.32 
#15 16.32 Ecmascript file had an error
#15 16.32 
#15 16.32 
#15 16.32 ./src/app/reset-password/page.tsx:6:10
#15 16.32 You're importing a module that depends on `useRouter` into a React Server Component module. This API is only available in Client Components. To fix, mark the file (or its parent) with the `"use client"` directive.
#15 16.32     Learn more: https://nextjs.org/docs/app/api-reference/directives/use-client
#15 16.32   [90m4 |[0m [36mimport[0m [33mLink[0m [36mfrom[0m [32m'next/link'[0m;
#15 16.32   [90m5 |[0m [36mimport[0m { useState, useEffect, [33mSuspense[0m } [36mfrom[0m [32m'react'[0m;
#15 16.32 [31m[1m>[0m [90m6 |[0m [36mimport[0m { useRouter, useSearchParams } [36mfrom[0m [32m'next/navigation'[0m;
#15 16.32   [90m  |[0m          [31m[1m^^^^^^^^^[0m
#15 16.32   [90m7 |[0m [36mimport[0m { [33mMail[0m, [33mEye[0m, [33mEyeOff[0m, [33mArrowLeft[0m } [36mfrom[0m [32m'lucide-react'[0m;
#15 16.32   [90m8 |[0m [36mimport[0m { [33mButton[0m } [36mfrom[0m [32m'@/components/ui/button'[0m;
#15 16.32   [90m9 |[0m [36mimport[0m {
#15 16.32 
#15 16.32 Ecmascript file had an error
#15 16.32 
#15 16.32 
#15 16.32 ./src/app/verify-email/page.tsx:5:10
#15 16.32 You're importing a module that depends on `useRouter` into a React Server Component module. This API is only available in Client Components. To fix, mark the file (or its parent) with the `"use client"` directive.
#15 16.32     Learn more: https://nextjs.org/docs/app/api-reference/directives/use-client
#15 16.32   [90m3 |[0m
#15 16.32   [90m4 |[0m [36mimport[0m { [33mSuspense[0m, useEffect, useState } [36mfrom[0m [32m'react'[0m;
#15 16.32 [31m[1m>[0m [90m5 |[0m [36mimport[0m { useRouter, useSearchParams } [36mfrom[0m [32m'next/navigation'[0m;
#15 16.32   [90m  |[0m          [31m[1m^^^^^^^^^[0m
#15 16.32   [90m6 |[0m [36mimport[0m { [33mMail[0m } [36mfrom[0m [32m'lucide-react'[0m;
#15 16.32   [90m7 |[0m [36mimport[0m { [33mButton[0m } [36mfrom[0m [32m'@/components/ui/button'[0m;
#15 16.32   [90m8 |[0m [36mimport[0m {
#15 16.32 
#15 16.32 Ecmascript file had an error
#15 16.32 
#15 16.32 
#15 16.32 ./src/app/dashboard/compose/page.tsx:5:21
#15 16.32 You're importing a module that depends on `useSearchParams` into a React Server Component module. This API is only available in Client Components. To fix, mark the file (or its parent) with the `"use client"` directive.
#15 16.32     Learn more: https://nextjs.org/docs/app/api-reference/directives/use-client
#15 16.32   [90m3 |[0m
#15 16.32   [90m4 |[0m [36mimport[0m { useState, useEffect, useRef, [33mSuspense[0m } [36mfrom[0m [32m'react'[0m;
#15 16.32 [31m[1m>[0m [90m5 |[0m [36mimport[0m { useRouter, useSearchParams } [36mfrom[0m [32m'next/navigation'[0m;
#15 16.32   [90m  |[0m                     [31m[1m^^^^^^^^^^^^^^^[0m
#15 16.32   [90m6 |[0m [36mimport[0m { [33mPaperclip[0m, [33mSend[0m, [33mTrash[0m, [33mSave[0m, [33mX[0m, [33mFile[0m } [36mfrom[0m [32m'lucide-react'[0m;
#15 16.32   [90m7 |[0m [36mimport[0m { [33mButton[0m } [36mfrom[0m [32m'@/components/ui/button'[0m;
#15 16.32   [90m8 |[0m [36mimport[0m { [33mCard[0m, [33mCardContent[0m } [36mfrom[0m [32m'@/components/ui/card'[0m;
#15 16.32 
#15 16.32 Ecmascript file had an error
#15 16.32 
#15 16.32 
#15 16.32 ./src/app/reset-password/page.tsx:6:21
#15 16.32 You're importing a module that depends on `useSearchParams` into a React Server Component module. This API is only available in Client Components. To fix, mark the file (or its parent) with the `"use client"` directive.
#15 16.32     Learn more: https://nextjs.org/docs/app/api-reference/directives/use-client
#15 16.32   [90m4 |[0m [36mimport[0m [33mLink[0m [36mfrom[0m [32m'next/link'[0m;
#15 16.32   [90m5 |[0m [36mimport[0m { useState, useEffect, [33mSuspense[0m } [36mfrom[0m [32m'react'[0m;
#15 16.32 [31m[1m>[0m [90m6 |[0m [36mimport[0m { useRouter, useSearchParams } [36mfrom[0m [32m'next/navigation'[0m;
#15 16.32   [90m  |[0m                     [31m[1m^^^^^^^^^^^^^^^[0m
#15 16.32   [90m7 |[0m [36mimport[0m { [33mMail[0m, [33mEye[0m, [33mEyeOff[0m, [33mArrowLeft[0m } [36mfrom[0m [32m'lucide-react'[0m;
#15 16.32   [90m8 |[0m [36mimport[0m { [33mButton[0m } [36mfrom[0m [32m'@/components/ui/button'[0m;
#15 16.32   [90m9 |[0m [36mimport[0m {
#15 16.32 
#15 16.32 Ecmascript file had an error
#15 16.32 
#15 16.32 
#15 16.32 ./src/app/verify-email/page.tsx:5:21
#15 16.32 You're importing a module that depends on `useSearchParams` into a React Server Component module. This API is only available in Client Components. To fix, mark the file (or its parent) with the `"use client"` directive.
#15 16.32     Learn more: https://nextjs.org/docs/app/api-reference/directives/use-client
#15 16.32   [90m3 |[0m
#15 16.32   [90m4 |[0m [36mimport[0m { [33mSuspense[0m, useEffect, useState } [36mfrom[0m [32m'react'[0m;
#15 16.32 [31m[1m>[0m [90m5 |[0m [36mimport[0m { useRouter, useSearchParams } [36mfrom[0m [32m'next/navigation'[0m;
#15 16.32   [90m  |[0m                     [31m[1m^^^^^^^^^^^^^^^[0m
#15 16.32   [90m6 |[0m [36mimport[0m { [33mMail[0m } [36mfrom[0m [32m'lucide-react'[0m;
#15 16.32   [90m7 |[0m [36mimport[0m { [33mButton[0m } [36mfrom[0m [32m'@/components/ui/button'[0m;
#15 16.32   [90m8 |[0m [36mimport[0m {
#15 16.32 
#15 16.32 Ecmascript file had an error
#15 16.32 
#15 16.32 
#15 16.32 ./src/app/dashboard/accounts/page.tsx:4:17
#15 16.32 You're importing a module that depends on `useState` into a React Server Component module. This API is only available in Client Components. To fix, mark the file (or its parent) with the `"use client"` directive.
#15 16.32     Learn more: https://nextjs.org/docs/app/api-reference/directives/use-client
#15 16.32   [90m2 |[0m [32m"use client"[0m;
#15 16.32   [90m3 |[0m
#15 16.32 [31m[1m>[0m [90m4 |[0m [36mimport[0m [33mReact[0m, { useState, useEffect } [36mfrom[0m [32m'react'[0m;
#15 16.32   [90m  |[0m                 [31m[1m^^^^^^^^[0m
#15 16.32   [90m5 |[0m [36mimport[0m { useRouter } [36mfrom[0m [32m'next/navigation'[0m;
#15 16.32   [90m6 |[0m [36mimport[0m { [33mPlusCircle[0m, [33mMail[0m, [33mTrash[0m } [36mfrom[0m [32m'lucide-react'[0m;
#15 16.32   [90m7 |[0m [36mimport[0m { [33mCard[0m, [33mCardContent[0m, [33mCardHeader[0m, [33mCardTitle[0m, [33mCardDescription[0m } [36mfrom[0m [32m'@/components/ui/...[0m
#15 16.32 
#15 16.32 Ecmascript file had an error
#15 16.32 
#15 16.32 
#15 16.32 ./src/app/dashboard/admin/domains/[id]/page.tsx:4:21
#15 16.32 You're importing a module that depends on `useState` into a React Server Component module. This API is only available in Client Components. To fix, mark the file (or its parent) with the `"use client"` directive.
#15 16.32     Learn more: https://nextjs.org/docs/app/api-reference/directives/use-client
#15 16.32   [90m2 |[0m [32m"use client"[0m;
#15 16.32   [90m3 |[0m
#15 16.32 [31m[1m>[0m [90m4 |[0m [36mimport[0m { useEffect, useState } [36mfrom[0m [32m'react'[0m;
#15 16.32   [90m  |[0m                     [31m[1m^^^^^^^^[0m
#15 16.32   [90m5 |[0m [36mimport[0m { useParams, useRouter } [36mfrom[0m [32m'next/navigation'[0m;
#15 16.32   [90m6 |[0m [36mimport[0m { [33mAlertTriangle[0m, [33mArrowLeft[0m, [33mCheckCircle2[0m, [33mCopy[0m, [33mDownload[0m, [33mRefreshCw[0m, [33mShieldAlert[0m } [36mf...[0m
#15 16.32   [90m7 |[0m
#15 16.32 
#15 16.32 Ecmascript file had an error
#15 16.32 
#15 16.32 
#15 16.32 ./src/app/dashboard/admin/domains/page.tsx:4:30
#15 16.32 You're importing a module that depends on `useState` into a React Server Component module. This API is only available in Client Components. To fix, mark the file (or its parent) with the `"use client"` directive.
#15 16.32     Learn more: https://nextjs.org/docs/app/api-reference/directives/use-client
#15 16.32   [90m2 |[0m [32m"use client"[0m;
#15 16.32   [90m3 |[0m
#15 16.32 [31m[1m>[0m [90m4 |[0m [36mimport[0m { useEffect, useMemo, useState } [36mfrom[0m [32m'react'[0m;
#15 16.32   [90m  |[0m                              [31m[1m^^^^^^^^[0m
#15 16.32   [90m5 |[0m [36mimport[0m { [33mCheckCircle[0m, [33mGlobe[0m, [33mShield[0m, [33mUsers[0m, [33mXCircle[0m, [33mAlertCircle[0m } [36mfrom[0m [32m'lucide-react'[0m;
#15 16.32   [90m6 |[0m [36mimport[0m { format } [36mfrom[0m [32m'date-fns'[0m;
#15 16.32   [90m7 |[0m [36mimport[0m [33mLink[0m [36mfrom[0m [32m'next/link'[0m;
#15 16.32 
#15 16.32 Ecmascript file had an error
#15 16.32 
#15 16.32 
#15 16.32 ./src/app/dashboard/admin/page.tsx:4:21
#15 16.32 You're importing a module that depends on `useState` into a React Server Component module. This API is only available in Client Components. To fix, mark the file (or its parent) with the `"use client"` directive.
#15 16.32     Learn more: https://nextjs.org/docs/app/api-reference/directives/use-client
#15 16.32   [90m2 |[0m [32m"use client"[0m;
#15 16.32   [90m3 |[0m
#15 16.32 [31m[1m>[0m [90m4 |[0m [36mimport[0m { useEffect, useState } [36mfrom[0m [32m'react'[0m;
#15 16.32   [90m  |[0m                     [31m[1m^^^^^^^^[0m
#15 16.32   [90m5 |[0m [36mimport[0m { [33mUsers[0m, [33mGlobe[0m, [33mShield[0m, [33mActivity[0m } [36mfrom[0m [32m'lucide-react'[0m;
#15 16.32   [90m6 |[0m [36mimport[0m { [33mCard[0m, [33mCardContent[0m, [33mCardHeader[0m, [33mCardTitle[0m } [36mfrom[0m [32m'@/components/ui/card'[0m;
#15 16.32   [90m7 |[0m [36mimport[0m { useAuthClient } [36mfrom[0m [32m'@/lib/auth-provider'[0m;
#15 16.32 
#15 16.32 Ecmascript file had an error
#15 16.32 
#15 16.32 
#15 16.32 ./src/app/dashboard/admin/server-dns/page.tsx:4:30
#15 16.32 You're importing a module that depends on `useState` into a React Server Component module. This API is only available in Client Components. To fix, mark the file (or its parent) with the `"use client"` directive.
#15 16.32     Learn more: https://nextjs.org/docs/app/api-reference/directives/use-client
#15 16.32   [90m2 |[0m [32m"use client"[0m;
#15 16.32   [90m3 |[0m
#15 16.32 [31m[1m>[0m [90m4 |[0m [36mimport[0m { useEffect, useMemo, useState } [36mfrom[0m [32m"react"[0m;
#15 16.32   [90m  |[0m                              [31m[1m^^^^^^^^[0m
#15 16.32   [90m5 |[0m [36mimport[0m { [33mAlertTriangle[0m, [33mCheckCircle2[0m, [33mCopy[0m, [33mDownload[0m, [33mRefreshCw[0m, [33mShieldAlert[0m, [33mShieldCheck[0m, [33m...[0m
#15 16.32   [90m6 |[0m
#15 16.32   [90m7 |[0m [36mimport[0m { [33mBadge[0m } [36mfrom[0m [32m"@/components/ui/badge"[0m;
#15 16.32 
#15 16.32 Ecmascript file had an error
#15 16.32 
#15 16.32 
#15 16.32 ./src/app/dashboard/admin/server/page.tsx:4:21
#15 16.32 You're importing a module that depends on `useState` into a React Server Component module. This API is only available in Client Components. To fix, mark the file (or its parent) with the `"use client"` directive.
#15 16.32     Learn more: https://nextjs.org/docs/app/api-reference/directives/use-client
#15 16.32   [90m2 |[0m [32m"use client"[0m;
#15 16.32   [90m3 |[0m
#15 16.32 [31m[1m>[0m [90m4 |[0m [36mimport[0m { useEffect, useState } [36mfrom[0m [32m'react'[0m;
#15 16.32   [90m  |[0m                     [31m[1m^^^^^^^^[0m
#15 16.32   [90m5 |[0m [36mimport[0m { [33mCard[0m, [33mCardHeader[0m, [33mCardTitle[0m, [33mCardContent[0m, [33mCardDescription[0m } [36mfrom[0m [32m'@/components/ui/...[0m
#15 16.32   [90m6 |[0m [36mimport[0m { [33mTable[0m, [33mTableHeader[0m, [33mTableRow[0m, [33mTableHead[0m, [33mTableBody[0m, [33mTableCell[0m } [36mfrom[0m [32m'@/components...[0m
#15 16.32   [90m7 |[0m [36mimport[0m { [33mBadge[0m } [36mfrom[0m [32m'@/components/ui/badge'[0m;
#15 16.32 
#15 16.32 Ecmascript file had an error
#15 16.32 
#15 16.32 
#15 16.32 ./src/app/dashboard/archive/page.tsx:4:21
#15 16.32 You're importing a module that depends on `useState` into a React Server Component module. This API is only available in Client Components. To fix, mark the file (or its parent) with the `"use client"` directive.
#15 16.32     Learn more: https://nextjs.org/docs/app/api-reference/directives/use-client
#15 16.32   [90m2 |[0m [32m'use client'[0m;
#15 16.32   [90m3 |[0m
#15 16.32 [31m[1m>[0m [90m4 |[0m [36mimport[0m { useEffect, useState, useMemo } [36mfrom[0m [32m'react'[0m;
#15 16.32   [90m  |[0m                     [31m[1m^^^^^^^^[0m
#15 16.32   [90m5 |[0m [36mimport[0m { [33mArchive[0m, [33mInbox[0m, [33mTrash2[0m, [33mClock[0m } [36mfrom[0m [32m'lucide-react'[0m;
#15 16.32   [90m6 |[0m [36mimport[0m { [33mCard[0m, [33mCardContent[0m } [36mfrom[0m [32m'@/components/ui/card'[0m;
#15 16.32   [90m7 |[0m [36mimport[0m { [33mButton[0m } [36mfrom[0m [32m'@/components/ui/button'[0m;
#15 16.32 
#15 16.32 Ecmascript file had an error
#15 16.32 
#15 16.32 
#15 16.32 ./src/app/dashboard/billing/page.tsx:4:21
#15 16.32 You're importing a module that depends on `useState` into a React Server Component module. This API is only available in Client Components. To fix, mark the file (or its parent) with the `"use client"` directive.
#15 16.32     Learn more: https://nextjs.org/docs/app/api-reference/directives/use-client
#15 16.32   [90m2 |[0m [32m'use client'[0m;
#15 16.32   [90m3 |[0m
#15 16.32 [31m[1m>[0m [90m4 |[0m [36mimport[0m { useEffect, useState } [36mfrom[0m [32m'react'[0m;
#15 16.32   [90m  |[0m                     [31m[1m^^^^^^^^[0m
#15 16.32   [90m5 |[0m [36mimport[0m { [33mGlobe[0m, [33mUsers[0m, [33mMail[0m, [33mHardDrive[0m, [33mCheckCircle[0m, [33mArrowUpCircle[0m } [36mfrom[0m [32m'lucide-react'[0m;
#15 16.32   [90m6 |[0m [36mimport[0m { [33mCard[0m, [33mCardContent[0m, [33mCardHeader[0m, [33mCardTitle[0m, [33mCardDescription[0m } [36mfrom[0m [32m'@/components/ui/...[0m
#15 16.32   [90m7 |[0m [36mimport[0m { [33mButton[0m } [36mfrom[0m [32m'@/components/ui/button'[0m;
#15 16.32 
#15 16.32 Ecmascript file had an error
#15 16.32 
#15 16.32 
#15 16.32 ./src/app/dashboard/compose/page.tsx:4:10
#15 16.32 You're importing a module that depends on `useState` into a React Server Component module. This API is only available in Client Components. To fix, mark the file (or its parent) with the `"use client"` directive.
#15 16.32     Learn more: https://nextjs.org/docs/app/api-reference/directives/use-client
#15 16.32   [90m2 |[0m [32m"use client"[0m;
#15 16.32   [90m3 |[0m
#15 16.32 [31m[1m>[0m [90m4 |[0m [36mimport[0m { useState, useEffect, useRef, [33mSuspense[0m } [36mfrom[0m [32m'react'[0m;
#15 16.32   [90m  |[0m          [31m[1m^^^^^^^^[0m
#15 16.32   [90m5 |[0m [36mimport[0m { useRouter, useSearchParams } [36mfrom[0m [32m'next/navigation'[0m;
#15 16.32   [90m6 |[0m [36mimport[0m { [33mPaperclip[0m, [33mSend[0m, [33mTrash[0m, [33mSave[0m, [33mX[0m, [33mFile[0m } [36mfrom[0m [32m'lucide-react'[0m;
#15 16.32   [90m7 |[0m [36mimport[0m { [33mButton[0m } [36mfrom[0m [32m'@/components/ui/button'[0m;
#15 16.32 
#15 16.32 Ecmascript file had an error
#15 16.32 
#15 16.32 
#15 16.32 ./src/app/dashboard/developer/page.tsx:4:21
#15 16.32 You're importing a module that depends on `useState` into a React Server Component module. This API is only available in Client Components. To fix, mark the file (or its parent) with the `"use client"` directive.
#15 16.32     Learn more: https://nextjs.org/docs/app/api-reference/directives/use-client
#15 16.32   [90m2 |[0m [32m'use client'[0m;
#15 16.32   [90m3 |[0m
#15 16.32 [31m[1m>[0m [90m4 |[0m [36mimport[0m { useEffect, useState } [36mfrom[0m [32m'react'[0m;
#15 16.32   [90m  |[0m                     [31m[1m^^^^^^^^[0m
#15 16.32   [90m5 |[0m [36mimport[0m { [33mKey[0m, [33mPlus[0m, [33mTrash2[0m, [33mCopy[0m, [33mEye[0m, [33mEyeOff[0m, [33mCheckCircle[0m, [33mMail[0m } [36mfrom[0m [32m'lucide-react'[0m;
#15 16.32   [90m6 |[0m [36mimport[0m { [33mCard[0m, [33mCardContent[0m, [33mCardDescription[0m, [33mCardHeader[0m, [33mCardTitle[0m } [36mfrom[0m [32m'@/components/ui/...[0m
#15 16.32   [90m7 |[0m [36mimport[0m { [33mButton[0m } [36mfrom[0m [32m'@/components/ui/button'[0m;
#15 16.32 
#15 16.32 Ecmascript file had an error
#15 16.32 
#15 16.32 
#15 16.32 ./src/app/dashboard/domains/[id]/page.tsx:4:30
#15 16.32 You're importing a module that depends on `useState` into a React Server Component module. This API is only available in Client Components. To fix, mark the file (or its parent) with the `"use client"` directive.
#15 16.32     Learn more: https://nextjs.org/docs/app/api-reference/directives/use-client
#15 16.32   [90m2 |[0m [32m"use client"[0m;
#15 16.32   [90m3 |[0m
#15 16.32 [31m[1m>[0m [90m4 |[0m [36mimport[0m { useEffect, useMemo, useState } [36mfrom[0m [32m"react"[0m;
#15 16.32   [90m  |[0m                              [31m[1m^^^^^^^^[0m
#15 16.32   [90m5 |[0m [36mimport[0m { useParams, useRouter } [36mfrom[0m [32m"next/navigation"[0m;
#15 16.32   [90m6 |[0m [36mimport[0m { [33mAlertTriangle[0m, [33mArrowLeft[0m, [33mCheckCircle2[0m, [33mCopy[0m, [33mDownload[0m, [33mRefreshCw[0m, [33mShieldAlert[0m, [33mSp...[0m
#15 16.32   [90m7 |[0m
#15 16.32 
#15 16.32 Ecmascript file had an error
#15 16.32 
#15 16.32 
#15 16.32 ./src/app/dashboard/domains/page.tsx:5:34
#15 16.32 You're importing a module that depends on `useState` into a React Server Component module. This API is only available in Client Components. To fix, mark the file (or its parent) with the `"use client"` directive.
#15 16.32     Learn more: https://nextjs.org/docs/app/api-reference/directives/use-client
#15 16.32   [90m3 |[0m
#15 16.32   [90m4 |[0m [36mimport[0m { [33mPlusCircle[0m, [33mGlobe[0m } [36mfrom[0m [32m'lucide-react'[0m;
#15 16.32 [31m[1m>[0m [90m5 |[0m [36mimport[0m { useCallback, useEffect, useState } [36mfrom[0m [32m'react'[0m;
#15 16.32   [90m  |[0m                                  [31m[1m^^^^^^^^[0m
#15 16.32   [90m6 |[0m [36mimport[0m { useRouter } [36mfrom[0m [32m'next/navigation'[0m;
#15 16.32   [90m7 |[0m [36mimport[0m { useForm } [36mfrom[0m [32m'react-hook-form'[0m;
#15 16.32   [90m8 |[0m [36mimport[0m { zodResolver } [36mfrom[0m [32m'@hookform/resolvers/zod'[0m;
#15 16.32 
#15 16.32 Ecmascript file had an error
#15 16.32 
#15 16.32 
#15 16.32 ./src/app/dashboard/drafts/page.tsx:4:21
#15 16.32 You're importing a module that depends on `useState` into a React Server Component module. This API is only available in Client Components. To fix, mark the file (or its parent) with the `"use client"` directive.
#15 16.32     Learn more: https://nextjs.org/docs/app/api-reference/directives/use-client
#15 16.32   [90m2 |[0m [32m'use client'[0m;
#15 16.32   [90m3 |[0m
#15 16.32 [31m[1m>[0m [90m4 |[0m [36mimport[0m { useEffect, useState, useMemo } [36mfrom[0m [32m'react'[0m;
#15 16.32   [90m  |[0m                     [31m[1m^^^^^^^^[0m
#15 16.32   [90m5 |[0m [36mimport[0m { useRouter } [36mfrom[0m [32m'next/navigation'[0m;
#15 16.32   [90m6 |[0m [36mimport[0m { [33mFileText[0m, [33mTrash2[0m, [33mClock[0m, [33mEdit[0m } [36mfrom[0m [32m'lucide-react'[0m;
#15 16.32   [90m7 |[0m [36mimport[0m { [33mCard[0m, [33mCardContent[0m } [36mfrom[0m [32m'@/components/ui/card'[0m;
#15 16.32 
#15 16.32 Ecmascript file had an error
#15 16.32 
#15 16.32 
#15 16.32 ./src/app/dashboard/inbox/[id]/page.tsx:4:21
#15 16.32 You're importing a module that depends on `useState` into a React Server Component module. This API is only available in Client Components. To fix, mark the file (or its parent) with the `"use client"` directive.
#15 16.32     Learn more: https://nextjs.org/docs/app/api-reference/directives/use-client
#15 16.32   [90m2 |[0m [32m'use client'[0m;
#15 16.32   [90m3 |[0m
#15 16.32 [31m[1m>[0m [90m4 |[0m [36mimport[0m { useEffect, useState } [36mfrom[0m [32m'react'[0m;
#15 16.32   [90m  |[0m                     [31m[1m^^^^^^^^[0m
#15 16.32   [90m5 |[0m [36mimport[0m { useRouter, useParams } [36mfrom[0m [32m'next/navigation'[0m;
#15 16.32   [90m6 |[0m [36mimport[0m { [33mArrowLeft[0m, [33mMail[0m, [33mClock[0m, [33mStar[0m, [33mArchive[0m, [33mTrash2[0m, [33mReply[0m, [33mForward[0m } [36mfrom[0m [32m'lucide-react'[0m;
#15 16.32   [90m7 |[0m [36mimport[0m { [33mButton[0m } [36mfrom[0m [32m'@/components/ui/button'[0m;
#15 16.32 
#15 16.32 Ecmascript file had an error
#15 16.32 
#15 16.32 
#15 16.32 ./src/app/dashboard/inbox/page.tsx:4:21
#15 16.32 You're importing a module that depends on `useState` into a React Server Component module. This API is only available in Client Components. To fix, mark the file (or its parent) with the `"use client"` directive.
#15 16.32     Learn more: https://nextjs.org/docs/app/api-reference/directives/use-client
#15 16.32   [90m2 |[0m [32m'use client'[0m;
#15 16.32   [90m3 |[0m
#15 16.32 [31m[1m>[0m [90m4 |[0m [36mimport[0m { useEffect, useState, useMemo } [36mfrom[0m [32m'react'[0m;
#15 16.32   [90m  |[0m                     [31m[1m^^^^^^^^[0m
#15 16.32   [90m5 |[0m [36mimport[0m { useRouter } [36mfrom[0m [32m'next/navigation'[0m;
#15 16.32   [90m6 |[0m [36mimport[0m { [33mSearch[0m, [33mMail[0m, [33mMailOpen[0m, [33mClock[0m, [33mArchive[0m, [33mTrash2[0m, [33mRefreshCw[0m, [33mStar[0m, [33mShield[0m, [33mBookOpen[0m,.[33m..[0m
#15 16.32   [90m7 |[0m [36mimport[0m { [33mInput[0m } [36mfrom[0m [32m'@/components/ui/input'[0m;
#15 16.32 
#15 16.32 Ecmascript file had an error
#15 16.32 
#15 16.32 
#15 16.32 ./src/app/dashboard/page.tsx:4:21
#15 16.32 You're importing a module that depends on `useState` into a React Server Component module. This API is only available in Client Components. To fix, mark the file (or its parent) with the `"use client"` directive.
#15 16.32     Learn more: https://nextjs.org/docs/app/api-reference/directives/use-client
#15 16.32   [90m2 |[0m [32m"use client"[0m;
#15 16.32   [90m3 |[0m
#15 16.32 [31m[1m>[0m [90m4 |[0m [36mimport[0m { useEffect, useState } [36mfrom[0m [32m'react'[0m;
#15 16.32   [90m  |[0m                     [31m[1m^^^^^^^^[0m
#15 16.32   [90m5 |[0m
#15 16.32   [90m6 |[0m [36mimport[0m {
#15 16.32   [90m7 |[0m   [33mCard[0m,
#15 16.32 
#15 16.32 Ecmascript file had an error
#15 16.32 
#15 16.32 
#15 16.32 ./src/app/dashboard/profile/page.tsx:4:21
#15 16.32 You're importing a module that depends on `useState` into a React Server Component module. This API is only available in Client Components. To fix, mark the file (or its parent) with the `"use client"` directive.
#15 16.32     Learn more: https://nextjs.org/docs/app/api-reference/directives/use-client
#15 16.32   [90m2 |[0m [32m'use client'[0m;
#15 16.32   [90m3 |[0m
#15 16.32 [31m[1m>[0m [90m4 |[0m [36mimport[0m { useEffect, useState } [36mfrom[0m [32m'react'[0m;
#15 16.32   [90m  |[0m                     [31m[1m^^^^^^^^[0m
#15 16.32   [90m5 |[0m [36mimport[0m { [33mShield[0m, [33mCalendar[0m, [33mSave[0m, [33mLock[0m, [33mCheckCircle2[0m, [33mAlertCircle[0m } [36mfrom[0m [32m'lucide-react'[0m;
#15 16.32   [90m6 |[0m [36mimport[0m { [33mCard[0m, [33mCardContent[0m, [33mCardHeader[0m, [33mCardTitle[0m, [33mCardDescription[0m } [36mfrom[0m [32m'@/components/ui/...[0m
#15 16.32   [90m7 |[0m [36mimport[0m { [33mButton[0m } [36mfrom[0m [32m'@/components/ui/button'[0m;
#15 16.32 
#15 16.32 Ecmascript file had an error
#15 16.32 
#15 16.32 
#15 16.32 ./src/app/dashboard/sent/page.tsx:4:21
#15 16.32 You're importing a module that depends on `useState` into a React Server Component module. This API is only available in Client Components. To fix, mark the file (or its parent) with the `"use client"` directive.
#15 16.32     Learn more: https://nextjs.org/docs/app/api-reference/directives/use-client
#15 16.32   [90m2 |[0m [32m'use client'[0m;
#15 16.32   [90m3 |[0m
#15 16.32 [31m[1m>[0m [90m4 |[0m [36mimport[0m { useEffect, useState, useMemo } [36mfrom[0m [32m'react'[0m;
#15 16.32   [90m  |[0m                     [31m[1m^^^^^^^^[0m
#15 16.32   [90m5 |[0m [36mimport[0m { [33mSend[0m, [33mSearch[0m, [33mArrowLeft[0m, [33mTrash2[0m, [33mStar[0m } [36mfrom[0m [32m"lucide-react"[0m;
#15 16.32   [90m6 |[0m [36mimport[0m { [33mCard[0m, [33mCardContent[0m } [36mfrom[0m [32m"@/components/ui/card"[0m;
#15 16.32   [90m7 |[0m [36mimport[0m { [33mInput[0m } [36mfrom[0m [32m'@/components/ui/input'[0m;
#15 16.32 
#15 16.32 Ecmascript file had an error
#15 16.32 
#15 16.32 
#15 16.32 ./src/app/dashboard/settings/page.tsx:4:21
#15 16.32 You're importing a module that depends on `useState` into a React Server Component module. This API is only available in Client Components. To fix, mark the file (or its parent) with the `"use client"` directive.
#15 16.32     Learn more: https://nextjs.org/docs/app/api-reference/directives/use-client
#15 16.32   [90m2 |[0m [32m'use client'[0m;
#15 16.32   [90m3 |[0m
#15 16.32 [31m[1m>[0m [90m4 |[0m [36mimport[0m { useEffect, useState } [36mfrom[0m [32m'react'[0m;
#15 16.32   [90m  |[0m                     [31m[1m^^^^^^^^[0m
#15 16.32   [90m5 |[0m [36mimport[0m { useRouter } [36mfrom[0m [32m'next/navigation'[0m;
#15 16.32   [90m6 |[0m [36mimport[0m { [33mBell[0m, [33mAlertTriangle[0m, [33mMail[0m, [33mCheckCircle[0m, [33mXCircle[0m } [36mfrom[0m [32m'lucide-react'[0m;
#15 16.32   [90m7 |[0m [36mimport[0m { [33mCard[0m, [33mCardContent[0m, [33mCardHeader[0m, [33mCardTitle[0m, [33mCardDescription[0m } [36mfrom[0m [32m'@/components/ui/...[0m
#15 16.32 
#15 16.32 Ecmascript file had an error
#15 16.32 
#15 16.32 
#15 16.32 ./src/app/dashboard/spam/page.tsx:4:21
#15 16.32 You're importing a module that depends on `useState` into a React Server Component module. This API is only available in Client Components. To fix, mark the file (or its parent) with the `"use client"` directive.
#15 16.32     Learn more: https://nextjs.org/docs/app/api-reference/directives/use-client
#15 16.32   [90m2 |[0m [32m'use client'[0m;
#15 16.32   [90m3 |[0m
#15 16.32 [31m[1m>[0m [90m4 |[0m [36mimport[0m { useEffect, useState, useMemo } [36mfrom[0m [32m'react'[0m;
#15 16.32   [90m  |[0m                     [31m[1m^^^^^^^^[0m
#15 16.32   [90m5 |[0m [36mimport[0m { [33mShield[0m, [33mInbox[0m, [33mTrash2[0m, [33mClock[0m } [36mfrom[0m [32m'lucide-react'[0m;
#15 16.32   [90m6 |[0m [36mimport[0m { [33mCard[0m, [33mCardContent[0m } [36mfrom[0m [32m'@/components/ui/card'[0m;
#15 16.32   [90m7 |[0m [36mimport[0m { [33mButton[0m } [36mfrom[0m [32m'@/components/ui/button'[0m;
#15 16.32 
#15 16.32 Ecmascript file had an error
#15 16.32 
#15 16.32 
#15 16.32 ./src/app/dashboard/teams/page.tsx:4:21
#15 16.32 You're importing a module that depends on `useState` into a React Server Component module. This API is only available in Client Components. To fix, mark the file (or its parent) with the `"use client"` directive.
#15 16.32     Learn more: https://nextjs.org/docs/app/api-reference/directives/use-client
#15 16.32   [90m2 |[0m [32m'use client'[0m;
#15 16.32   [90m3 |[0m
#15 16.32 [31m[1m>[0m [90m4 |[0m [36mimport[0m { useEffect, useState } [36mfrom[0m [32m'react'[0m;
#15 16.32   [90m  |[0m                     [31m[1m^^^^^^^^[0m
#15 16.32   [90m5 |[0m [36mimport[0m { [33mUsers[0m, [33mPlus[0m, [33mTrash2[0m, [33mUserPlus[0m, [33mCrown[0m, [33mShield[0m, [33mUser[0m } [36mfrom[0m [32m'lucide-react'[0m;
#15 16.32   [90m6 |[0m [36mimport[0m { [33mCard[0m, [33mCardContent[0m, [33mCardHeader[0m, [33mCardTitle[0m, [33mCardDescription[0m } [36mfrom[0m [32m'@/components/ui/...[0m
#15 16.32   [90m7 |[0m [36mimport[0m { [33mButton[0m } [36mfrom[0m [32m'@/components/ui/button'[0m;
#15 16.32 
#15 16.32 Ecmascript file had an error
#15 16.32 
#15 16.32 
#15 16.32 ./src/app/dashboard/trash/page.tsx:4:21
#15 16.32 You're importing a module that depends on `useState` into a React Server Component module. This API is only available in Client Components. To fix, mark the file (or its parent) with the `"use client"` directive.
#15 16.32     Learn more: https://nextjs.org/docs/app/api-reference/directives/use-client
#15 16.32   [90m2 |[0m [32m'use client'[0m;
#15 16.32   [90m3 |[0m
#15 16.32 [31m[1m>[0m [90m4 |[0m [36mimport[0m { useEffect, useState, useMemo } [36mfrom[0m [32m'react'[0m;
#15 16.32   [90m  |[0m                     [31m[1m^^^^^^^^[0m
#15 16.32   [90m5 |[0m [36mimport[0m { [33mTrash2[0m, [33mRotateCcw[0m, [33mClock[0m } [36mfrom[0m [32m'lucide-react'[0m;
#15 16.32   [90m6 |[0m [36mimport[0m { [33mCard[0m, [33mCardContent[0m } [36mfrom[0m [32m'@/components/ui/card'[0m;
#15 16.32   [90m7 |[0m [36mimport[0m { [33mButton[0m } [36mfrom[0m [32m'@/components/ui/button'[0m;
#15 16.32 
#15 16.32 Ecmascript file had an error
#15 16.32 
#15 16.32 
#15 16.32 ./src/app/forgot-password/page.tsx:5:10
#15 16.32 You're importing a module that depends on `useState` into a React Server Component module. This API is only available in Client Components. To fix, mark the file (or its parent) with the `"use client"` directive.
#15 16.32     Learn more: https://nextjs.org/docs/app/api-reference/directives/use-client
#15 16.32   [90m3 |[0m
#15 16.32   [90m4 |[0m [36mimport[0m [33mLink[0m [36mfrom[0m [32m'next/link'[0m;
#15 16.32 [31m[1m>[0m [90m5 |[0m [36mimport[0m { useState } [36mfrom[0m [32m'react'[0m;
#15 16.32   [90m  |[0m          [31m[1m^^^^^^^^[0m
#15 16.32   [90m6 |[0m [36mimport[0m { [33mMail[0m, [33mArrowLeft[0m } [36mfrom[0m [32m'lucide-react'[0m;
#15 16.32   [90m7 |[0m [36mimport[0m { [33mButton[0m } [36mfrom[0m [32m'@/components/ui/button'[0m;
#15 16.32   [90m8 |[0m [36mimport[0m {
#15 16.32 
#15 16.32 Ecmascript file had an error
#15 16.32 
#15 16.32 
#15 16.32 ./src/app/page.tsx:5:10
#15 16.32 You're importing a module that depends on `useState` into a React Server Component module. This API is only available in Client Components. To fix, mark the file (or its parent) with the `"use client"` directive.
#15 16.32     Learn more: https://nextjs.org/docs/app/api-reference/directives/use-client
#15 16.32   [90m3 |[0m
#15 16.32   [90m4 |[0m [36mimport[0m [33mLink[0m [36mfrom[0m [32m'next/link'[0m;
#15 16.32 [31m[1m>[0m [90m5 |[0m [36mimport[0m { useState, useEffect } [36mfrom[0m [32m'react'[0m;
#15 16.32   [90m  |[0m          [31m[1m^^^^^^^^[0m
#15 16.32   [90m6 |[0m [36mimport[0m { useRouter } [36mfrom[0m [32m'next/navigation'[0m;
#15 16.32   [90m7 |[0m [36mimport[0m { [33mMail[0m, [33mEye[0m, [33mEyeOff[0m } [36mfrom[0m [32m'lucide-react'[0m;
#15 16.32   [90m8 |[0m
#15 16.32 
#15 16.32 Ecmascript file had an error
#15 16.32 
#15 16.32 
#15 16.32 ./src/app/register/page.tsx:5:10
#15 16.32 You're importing a module that depends on `useState` into a React Server Component module. This API is only available in Client Components. To fix, mark the file (or its parent) with the `"use client"` directive.
#15 16.32     Learn more: https://nextjs.org/docs/app/api-reference/directives/use-client
#15 16.32   [90m3 |[0m
#15 16.32   [90m4 |[0m [36mimport[0m [33mLink[0m [36mfrom[0m [32m'next/link'[0m;
#15 16.32 [31m[1m>[0m [90m5 |[0m [36mimport[0m { useState, useEffect } [36mfrom[0m [32m'react'[0m;
#15 16.32   [90m  |[0m          [31m[1m^^^^^^^^[0m
#15 16.32   [90m6 |[0m [36mimport[0m { useRouter } [36mfrom[0m [32m'next/navigation'[0m;
#15 16.32   [90m7 |[0m [36mimport[0m { [33mMail[0m, [33mEye[0m, [33mEyeOff[0m } [36mfrom[0m [32m'lucide-react'[0m;
#15 16.32   [90m8 |[0m
#15 16.32 
#15 16.32 Ecmascript file had an error
#15 16.32 
#15 16.32 
#15 16.32 ./src/app/reset-password/page.tsx:5:10
#15 16.32 You're importing a module that depends on `useState` into a React Server Component module. This API is only available in Client Components. To fix, mark the file (or its parent) with the `"use client"` directive.
#15 16.32     Learn more: https://nextjs.org/docs/app/api-reference/directives/use-client
#15 16.32   [90m3 |[0m
#15 16.32   [90m4 |[0m [36mimport[0m [33mLink[0m [36mfrom[0m [32m'next/link'[0m;
#15 16.32 [31m[1m>[0m [90m5 |[0m [36mimport[0m { useState, useEffect, [33mSuspense[0m } [36mfrom[0m [32m'react'[0m;
#15 16.32   [90m  |[0m          [31m[1m^^^^^^^^[0m
#15 16.32   [90m6 |[0m [36mimport[0m { useRouter, useSearchParams } [36mfrom[0m [32m'next/navigation'[0m;
#15 16.32   [90m7 |[0m [36mimport[0m { [33mMail[0m, [33mEye[0m, [33mEyeOff[0m, [33mArrowLeft[0m } [36mfrom[0m [32m'lucide-react'[0m;
#15 16.32   [90m8 |[0m [36mimport[0m { [33mButton[0m } [36mfrom[0m [32m'@/components/ui/button'[0m;
#15 16.32 
#15 16.32 Ecmascript file had an error
#15 16.32 
#15 16.32 
#15 16.32 ./src/app/verify-email/page.tsx:4:31
#15 16.32 You're importing a module that depends on `useState` into a React Server Component module. This API is only available in Client Components. To fix, mark the file (or its parent) with the `"use client"` directive.
#15 16.32     Learn more: https://nextjs.org/docs/app/api-reference/directives/use-client
#15 16.32   [90m2 |[0m [32m"use client"[0m;
#15 16.32   [90m3 |[0m
#15 16.32 [31m[1m>[0m [90m4 |[0m [36mimport[0m { [33mSuspense[0m, useEffect, useState } [36mfrom[0m [32m'react'[0m;
#15 16.32   [90m  |[0m                               [31m[1m^^^^^^^^[0m
#15 16.32   [90m5 |[0m [36mimport[0m { useRouter, useSearchParams } [36mfrom[0m [32m'next/navigation'[0m;
#15 16.32   [90m6 |[0m [36mimport[0m { [33mMail[0m } [36mfrom[0m [32m'lucide-react'[0m;
#15 16.32   [90m7 |[0m [36mimport[0m { [33mButton[0m } [36mfrom[0m [32m'@/components/ui/button'[0m;
#15 16.32 
#15 16.32 Ecmascript file had an error
#15 16.32 
#15 16.32 
#15 16.32 ./src/hooks/use-email-selection.ts:1:10
#15 16.32 You're importing a module that depends on `useState` into a React Server Component module. This API is only available in Client Components. To fix, mark the file (or its parent) with the `"use client"` directive.
#15 16.32     Learn more: https://nextjs.org/docs/app/api-reference/directives/use-client
#15 16.32 [31m[1m>[0m [90m1 |[0m [36mimport[0m { useState, useCallback, useMemo } [36mfrom[0m [32m'react'[0m;
#15 16.32   [90m  |[0m          [31m[1m^^^^^^^^[0m
#15 16.32   [90m2 |[0m
#15 16.32   [90m3 |[0m [36mexport[0m [36mfunction[0m useEmailSelection(allIds: string[]) {
#15 16.32   [90m4 |[0m   [36mconst[0m [selectedIds, setSelectedIds] = useState<[33mSet[0m<string>>([36mnew[0m [33mSet[0m());
#15 16.32 
#15 16.32 Ecmascript file had an error
#15 16.32 
#15 16.32 Import trace:
#15 16.32   Server Component:
#15 16.32     ./src/hooks/use-email-selection.ts
#15 16.32     ./src/app/dashboard/trash/page.tsx
#15 16.32 
#15 16.32 
#15 16.32 ./src/app/dashboard/domains/page.tsx:7:1
#15 16.32 Export useForm doesn't exist in target module
#15 16.32   [90m 5 |[0m [36mimport[0m { useCallback, useEffect, useState } [36mfrom[0m [32m'react'[0m;
#15 16.32   [90m 6 |[0m [36mimport[0m { useRouter } [36mfrom[0m [32m'next/navigation'[0m;
#15 16.32 [31m[1m>[0m [90m 7 |[0m [36mimport[0m { useForm } [36mfrom[0m [32m'react-hook-form'[0m;
#15 16.32   [90m   |[0m [31m[1m^^^^^^^^^^^^^^^^^^^^^^^^^^^^^^^^^^^^^^^^^^[0m
#15 16.32   [90m 8 |[0m [36mimport[0m { zodResolver } [36mfrom[0m [32m'@hookform/resolvers/zod'[0m;
#15 16.32   [90m 9 |[0m [36mimport[0m * [36mas[0m z [36mfrom[0m [32m'zod'[0m;
#15 16.32   [90m10 |[0m [36mimport[0m [33mLink[0m [36mfrom[0m [32m'next/link'[0m;
#15 16.32 
#15 16.32 The export useForm was not found in module [project]/node_modules/react-hook-form/dist/react-server.esm.mjs [app-rsc] (ecmascript).
#15 16.32 Did you mean to import set?
#15 16.32 All exports of the module are statically known (It doesn't have dynamic exports). So it's known statically that the requested export doesn't exist.
#15 16.32 
#15 16.32 
#15 16.32     at async transform (turbopack:///[turbopack-node]/transforms/postcss.ts:70:34) [/app/.next/build/chunks/[root-of-the-server]__0d-m0h0._.js:146:36])
#15 16.32     at async run (turbopack:///[turbopack-node]/child_process/evaluate.ts:89:23) [/app/.next/build/chunks/[root-of-the-server]__0ubbtyl._.js:443:31])
#15 16.32     ... collapsed 72 duplicate lines matching above 2 lines 36 times...
#15 16.32     at <unknown> (./src/app/dashboard/accounts/page.tsx:2:1)
#15 16.32     at <unknown> (./src/app/dashboard/admin/domains/[id]/page.tsx:2:1)
#15 16.32     at <unknown> (./src/app/dashboard/admin/domains/page.tsx:2:1)
#15 16.32     at <unknown> (./src/app/dashboard/admin/page.tsx:2:1)
#15 16.32     at <unknown> (./src/app/dashboard/admin/server-dns/page.tsx:2:1)
#15 16.32     at <unknown> (./src/app/dashboard/admin/server/page.tsx:2:1)
#15 16.32     at <unknown> (./src/app/dashboard/admin/users/page.tsx:2:1)
#15 16.32     at <unknown> (./src/app/dashboard/archive/page.tsx:2:1)
#15 16.32     at <unknown> (./src/app/dashboard/billing/page.tsx:2:1)
#15 16.32     at <unknown> (./src/app/dashboard/compose/page.tsx:2:1)
#15 16.32     at <unknown> (./src/app/dashboard/developer/page.tsx:2:1)
#15 16.32     at <unknown> (./src/app/dashboard/domains/[id]/page.tsx:2:1)
#15 16.32     at <unknown> (./src/app/dashboard/domains/page.tsx:2:1)
#15 16.32     at <unknown> (./src/app/dashboard/drafts/page.tsx:2:1)
#15 16.32     at <unknown> (./src/app/dashboard/inbox/[id]/page.tsx:2:1)
#15 16.32     at <unknown> (./src/app/dashboard/inbox/page.tsx:2:1)
#15 16.32     at <unknown> (./src/app/dashboard/page.tsx:2:1)
#15 16.32     at <unknown> (./src/app/dashboard/profile/page.tsx:2:1)
#15 16.32     at <unknown> (./src/app/dashboard/sent/page.tsx:2:1)
#15 16.32     at <unknown> (./src/app/dashboard/settings/page.tsx:2:1)
#15 16.32     at <unknown> (./src/app/dashboard/spam/page.tsx:2:1)
#15 16.32     at <unknown> (./src/app/dashboard/teams/page.tsx:2:1)
#15 16.32     at <unknown> (./src/app/dashboard/trash/page.tsx:2:1)
#15 16.32     at <unknown> (./src/app/forgot-password/page.tsx:2:1)
#15 16.32     at <unknown> (./src/app/page.tsx:2:1)
#15 16.32     at <unknown> (./src/app/register/page.tsx:2:1)
#15 16.32     at <unknown> (./src/app/reset-password/page.tsx:2:1)
#15 16.32     at <unknown> (./src/app/verify-email/page.tsx:2:1)
#15 16.32     at <unknown> (./src/components/bulk-action-bar.tsx:2:1)
#15 16.32     at <unknown> (./src/components/main-nav.tsx:2:1)
#15 16.32     at <unknown> (./src/components/ui/checkbox.tsx:2:1)
#15 16.32     at <unknown> (./src/components/ui/dialog.tsx:2:1)
#15 16.32     at <unknown> (./src/components/ui/dropdown-menu.tsx:2:1)
#15 16.32     at <unknown> (./src/components/ui/select.tsx:2:1)
#15 16.32     at <unknown> (./src/components/ui/sheet.tsx:2:1)
#15 16.32     at <unknown> (./src/components/ui/sidebar.tsx:2:1)
#15 16.32     at <unknown> (./src/components/ui/toast.tsx:2:1)
#15 16.32     at <unknown> (./src/components/ui/toaster.tsx:2:1)
#15 16.32     at <unknown> (./src/components/user-nav.tsx:2:1)
#15 16.32     at <unknown> (./src/app/dashboard/accounts/page.tsx:4:27)
#15 16.32     at <unknown> (./src/app/dashboard/admin/domains/[id]/page.tsx:4:10)
#15 16.32     at <unknown> (./src/app/dashboard/admin/domains/page.tsx:4:10)
#15 16.32     at <unknown> (./src/app/dashboard/admin/page.tsx:4:10)
#15 16.32     at <unknown> (./src/app/dashboard/admin/server-dns/page.tsx:4:10)
#15 16.32     at <unknown> (./src/app/dashboard/admin/server/page.tsx:4:10)
#15 16.32     at <unknown> (./src/app/dashboard/admin/users/page.tsx:4:10)
#15 16.32     at <unknown> (./src/app/dashboard/archive/page.tsx:4:10)
#15 16.32     at <unknown> (./src/app/dashboard/billing/page.tsx:4:10)
#15 16.32     at <unknown> (./src/app/dashboard/compose/page.tsx:4:20)
#15 16.32     at <unknown> (./src/app/dashboard/developer/page.tsx:4:10)
#15 16.32     at <unknown> (./src/app/dashboard/domains/[id]/page.tsx:4:10)
#15 16.32     at <unknown> (./src/app/dashboard/domains/page.tsx:5:23)
#15 16.32     at <unknown> (./src/app/dashboard/drafts/page.tsx:4:10)
#15 16.32     at <unknown> (./src/app/dashboard/inbox/[id]/page.tsx:4:10)
#15 16.32     at <unknown> (./src/app/dashboard/inbox/page.tsx:4:10)
#15 16.32     at <unknown> (./src/app/dashboard/page.tsx:4:10)
#15 16.32     at <unknown> (./src/app/dashboard/profile/page.tsx:4:10)
#15 16.32     at <unknown> (./src/app/dashboard/sent/page.tsx:4:10)
#15 16.32     at <unknown> (./src/app/dashboard/settings/page.tsx:4:10)
#15 16.32     at <unknown> (./src/app/dashboard/spam/page.tsx:4:10)
#15 16.32     at <unknown> (./src/app/dashboard/teams/page.tsx:4:10)
#15 16.32     at <unknown> (./src/app/dashboard/trash/page.tsx:4:10)
#15 16.32     at <unknown> (./src/app/page.tsx:5:20)
#15 16.32     at <unknown> (./src/app/register/page.tsx:5:20)
#15 16.32     at <unknown> (./src/app/reset-password/page.tsx:5:20)
#15 16.32     at <unknown> (./src/app/verify-email/page.tsx:4:20)
#15 16.32     at <unknown> (./src/app/dashboard/admin/domains/[id]/page.tsx:5:10)
#15 16.32     at <unknown> (./src/app/dashboard/domains/[id]/page.tsx:5:10)
#15 16.32     at <unknown> (./src/app/dashboard/inbox/[id]/page.tsx:5:21)
#15 16.32     at <unknown> (./src/components/main-nav.tsx:5:10)
#15 16.32     at <unknown> (./src/app/dashboard/compose/page.tsx:4:31)
#15 16.32     at <unknown> (./src/app/dashboard/accounts/page.tsx:5:10)
#15 16.32     at <unknown> (./src/app/dashboard/admin/domains/[id]/page.tsx:5:21)
#15 16.32     at <unknown> (./src/app/dashboard/admin/domains/page.tsx:14:10)
#15 16.32     at <unknown> (./src/app/dashboard/admin/page.tsx:8:10)
#15 16.32     at <unknown> (./src/app/dashboard/admin/users/page.tsx:5:10)
#15 16.32     at <unknown> (./src/app/dashboard/compose/page.tsx:5:10)
#15 16.32     at <unknown> (./src/app/dashboard/domains/[id]/page.tsx:5:21)
#15 16.32     at <unknown> (./src/app/dashboard/domains/page.tsx:6:10)
#15 16.32     at <unknown> (./src/app/dashboard/drafts/page.tsx:5:10)
#15 16.32     at <unknown> (./src/app/dashboard/inbox/[id]/page.tsx:5:10)
#15 16.32     at <unknown> (./src/app/dashboard/inbox/page.tsx:5:10)
#15 16.32     at <unknown> (./src/app/dashboard/settings/page.tsx:5:10)
#15 16.32     at <unknown> (./src/app/page.tsx:6:10)
#15 16.32     at <unknown> (./src/app/register/page.tsx:6:10)
#15 16.32     at <unknown> (./src/app/reset-password/page.tsx:6:10)
#15 16.32     at <unknown> (./src/app/verify-email/page.tsx:5:10)
#15 16.32     at <unknown> (./src/app/dashboard/compose/page.tsx:5:21)
#15 16.32     at <unknown> (./src/app/reset-password/page.tsx:6:21)
#15 16.32     at <unknown> (./src/app/verify-email/page.tsx:5:21)
#15 16.32     at <unknown> (./src/app/dashboard/accounts/page.tsx:4:17)
#15 16.32     at <unknown> (./src/app/dashboard/admin/domains/[id]/page.tsx:4:21)
#15 16.32     at <unknown> (./src/app/dashboard/admin/domains/page.tsx:4:30)
#15 16.32     at <unknown> (./src/app/dashboard/admin/page.tsx:4:21)
#15 16.32     at <unknown> (./src/app/dashboard/admin/server-dns/page.tsx:4:30)
#15 16.32     at <unknown> (./src/app/dashboard/admin/server/page.tsx:4:21)
#15 16.32     at <unknown> (./src/app/dashboard/archive/page.tsx:4:21)
#15 16.32     at <unknown> (./src/app/dashboard/billing/page.tsx:4:21)
#15 16.32     at <unknown> (./src/app/dashboard/compose/page.tsx:4:10)
#15 16.32     at <unknown> (./src/app/dashboard/developer/page.tsx:4:21)
#15 16.32     at <unknown> (./src/app/dashboard/domains/[id]/page.tsx:4:30)
#15 16.32     at <unknown> (./src/app/dashboard/domains/page.tsx:5:34)
#15 16.32     at <unknown> (./src/app/dashboard/drafts/page.tsx:4:21)
#15 16.32     at <unknown> (./src/app/dashboard/inbox/[id]/page.tsx:4:21)
#15 16.32     at <unknown> (./src/app/dashboard/inbox/page.tsx:4:21)
#15 16.32     at <unknown> (./src/app/dashboard/page.tsx:4:21)
#15 16.32     at <unknown> (./src/app/dashboard/profile/page.tsx:4:21)
#15 16.32     at <unknown> (./src/app/dashboard/sent/page.tsx:4:21)
#15 16.32     at <unknown> (./src/app/dashboard/settings/page.tsx:4:21)
#15 16.32     at <unknown> (./src/app/dashboard/spam/page.tsx:4:21)
#15 16.32     at <unknown> (./src/app/dashboard/teams/page.tsx:4:21)
#15 16.32     at <unknown> (./src/app/dashboard/trash/page.tsx:4:21)
#15 16.32     at <unknown> (./src/app/forgot-password/page.tsx:5:10)
#15 16.32     at <unknown> (./src/app/page.tsx:5:10)
#15 16.32     at <unknown> (./src/app/register/page.tsx:5:10)
#15 16.32     at <unknown> (./src/app/reset-password/page.tsx:5:10)
#15 16.32     at <unknown> (./src/app/verify-email/page.tsx:4:31)
#15 16.32     at <unknown> (./src/hooks/use-email-selection.ts:1:10)
#15 16.32     at <unknown> (./src/app/dashboard/domains/page.tsx:7:1)
#15 ERROR: process "/bin/sh -c npm run build" did not complete successfully: exit code: 1
------
 > [builder 3/3] RUN npm run build:
16.32     at <unknown> (./src/app/dashboard/spam/page.tsx:4:21)
16.32     at <unknown> (./src/app/dashboard/teams/page.tsx:4:21)
16.32     at <unknown> (./src/app/dashboard/trash/page.tsx:4:21)
16.32     at <unknown> (./src/app/forgot-password/page.tsx:5:10)
16.32     at <unknown> (./src/app/page.tsx:5:10)
16.32     at <unknown> (./src/app/register/page.tsx:5:10)
16.32     at <unknown> (./src/app/reset-password/page.tsx:5:10)
16.32     at <unknown> (./src/app/verify-email/page.tsx:4:31)
16.32     at <unknown> (./src/hooks/use-email-selection.ts:1:10)
16.32     at <unknown> (./src/app/dashboard/domains/page.tsx:7:1)
------
Dockerfile:19
--------------------
  17 |     ENV POSTGRES_URL="postgres://nubmail:nubmail@postgres:5432/nubmail"
  18 |     
  19 | >>> RUN npm run build
  20 |     
  21 |     FROM base AS runner
--------------------
ERROR: failed to solve: process "/bin/sh -c npm run build" did not complete successfully: exit code: 1
